Component: ARM Compiler 5.06 update 7 (build 960) Tool: armlink [4d3601]

==============================================================================

Section Cross References

    startup_stm32f405xx.o(STACK) refers (Special) to heapauxi.o(.text) for __use_two_region_memory
    startup_stm32f405xx.o(HEAP) refers (Special) to heapauxi.o(.text) for __use_two_region_memory
    startup_stm32f405xx.o(RESET) refers (Special) to heapauxi.o(.text) for __use_two_region_memory
    startup_stm32f405xx.o(RESET) refers to startup_stm32f405xx.o(STACK) for __initial_sp
    startup_stm32f405xx.o(RESET) refers to startup_stm32f405xx.o(.text) for Reset_Handler
    startup_stm32f405xx.o(RESET) refers to stm32f4xx_it.o(i.NMI_Handler) for NMI_Handler
    startup_stm32f405xx.o(RESET) refers to stm32f4xx_it.o(i.HardFault_Handler) for HardFault_Handler
    startup_stm32f405xx.o(RESET) refers to stm32f4xx_it.o(i.MemManage_Handler) for MemManage_Handler
    startup_stm32f405xx.o(RESET) refers to stm32f4xx_it.o(i.BusFault_Handler) for BusFault_Handler
    startup_stm32f405xx.o(RESET) refers to stm32f4xx_it.o(i.UsageFault_Handler) for UsageFault_Handler
    startup_stm32f405xx.o(RESET) refers to stm32f4xx_it.o(i.SVC_Handler) for SVC_Handler
    startup_stm32f405xx.o(RESET) refers to stm32f4xx_it.o(i.DebugMon_Handler) for DebugMon_Handler
    startup_stm32f405xx.o(RESET) refers to stm32f4xx_it.o(i.PendSV_Handler) for PendSV_Handler
    startup_stm32f405xx.o(RESET) refers to stm32f4xx_it.o(i.SysTick_Handler) for SysTick_Handler
    startup_stm32f405xx.o(RESET) refers to stm32f4xx_it.o(i.OTG_FS_IRQHandler) for OTG_FS_IRQHandler
    startup_stm32f405xx.o(.text) refers (Special) to heapauxi.o(.text) for __use_two_region_memory
    startup_stm32f405xx.o(.text) refers to system_stm32f4xx.o(i.SystemInit) for SystemInit
    startup_stm32f405xx.o(.text) refers to __main.o(!!!main) for __main
    startup_stm32f405xx.o(.text) refers to startup_stm32f405xx.o(HEAP) for Heap_Mem
    startup_stm32f405xx.o(.text) refers to startup_stm32f405xx.o(STACK) for Stack_Mem
    main.o(i.ProcessReceivedData) refers to strstr.o(.text) for strstr
    main.o(i.ProcessReceivedData) refers to main.o(i.SendPoints) for SendPoints
    main.o(i.ProcessReceivedData) refers to main.o(i.UpdatePoints) for UpdatePoints
    main.o(i.ProcessReceivedData) refers to main.o(i.SendResponse) for SendResponse
    main.o(i.SendPoints) refers to _printf_percent.o(.ARM.Collect$$_printf_percent$$00000000) for _printf_percent
    main.o(i.SendPoints) refers to _printf_f.o(.ARM.Collect$$_printf_percent$$00000003) for _printf_f
    main.o(i.SendPoints) refers to printf1.o(x$fpl$printf1) for _printf_fp_dec
    main.o(i.SendPoints) refers to __2sprintf.o(.text) for __2sprintf
    main.o(i.SendPoints) refers to f2d.o(x$fpl$f2d) for __aeabi_f2d
    main.o(i.SendPoints) refers to strlen.o(.text) for strlen
    main.o(i.SendPoints) refers to strcat.o(.text) for strcat
    main.o(i.SendPoints) refers to usbd_cdc_if.o(i.CDC_Transmit_FS) for CDC_Transmit_FS
    main.o(i.SendPoints) refers to main.o(.bss) for .bss
    main.o(i.SendResponse) refers to _printf_percent.o(.ARM.Collect$$_printf_percent$$00000000) for _printf_percent
    main.o(i.SendResponse) refers to _printf_s.o(.ARM.Collect$$_printf_percent$$00000014) for _printf_s
    main.o(i.SendResponse) refers to _printf_str.o(.text) for _printf_str
    main.o(i.SendResponse) refers to __2snprintf.o(.text) for __2snprintf
    main.o(i.SendResponse) refers to usbd_cdc_if.o(i.CDC_Transmit_FS) for CDC_Transmit_FS
    main.o(i.SystemClock_Config) refers to rt_memclr_w.o(.text) for __aeabi_memclr4
    main.o(i.SystemClock_Config) refers to stm32f4xx_hal_rcc.o(i.HAL_RCC_OscConfig) for HAL_RCC_OscConfig
    main.o(i.SystemClock_Config) refers to stm32f4xx_hal_rcc.o(i.HAL_RCC_ClockConfig) for HAL_RCC_ClockConfig
    main.o(i.USB_Init) refers to rt_memclr_w.o(.text) for __aeabi_memclr4
    main.o(i.USB_Init) refers to stm32f4xx_hal_gpio.o(i.HAL_GPIO_WritePin) for HAL_GPIO_WritePin
    main.o(i.USB_Init) refers to stm32f4xx_hal_gpio.o(i.HAL_GPIO_Init) for HAL_GPIO_Init
    main.o(i.USB_Init) refers to stm32f4xx_hal.o(i.HAL_Delay) for HAL_Delay
    main.o(i.UpdatePoints) refers to strtok.o(.text) for strtok
    main.o(i.UpdatePoints) refers to atof.o(i.__hardfp_atof) for __hardfp_atof
    main.o(i.UpdatePoints) refers to d2f.o(x$fpl$d2f) for __aeabi_d2f
    main.o(i.UpdatePoints) refers to main.o(i.WritePointsToFlash) for WritePointsToFlash
    main.o(i.UpdatePoints) refers to main.o(i.SendResponse) for SendResponse
    main.o(i.UpdatePoints) refers to main.o(.bss) for .bss
    main.o(i.WritePointsToFlash) refers to stm32f4xx_hal_flash.o(i.HAL_FLASH_Unlock) for HAL_FLASH_Unlock
    main.o(i.WritePointsToFlash) refers to ffixull.o(x$fpl$llufromf) for __aeabi_f2ulz
    main.o(i.WritePointsToFlash) refers to stm32f4xx_hal_flash.o(i.HAL_FLASH_Program) for HAL_FLASH_Program
[...]
    __rt_lib_shutdown_signal_1               0x08000233   Thumb Code     0  libshutdown2.o(.ARM.Collect$$libshutdown$$0000000C)
    __rt_lib_shutdown_stdio_1                0x08000233   Thumb Code     0  libshutdown2.o(.ARM.Collect$$libshutdown$$00000006)
    __rt_lib_shutdown_user_alloc_1           0x08000233   Thumb Code     0  libshutdown2.o(.ARM.Collect$$libshutdown$$0000000E)
    __rt_entry                               0x08000235   Thumb Code     0  __rtentry.o(.ARM.Collect$$rtentry$$00000000)
    __rt_entry_presh_1                       0x08000235   Thumb Code     0  __rtentry2.o(.ARM.Collect$$rtentry$$00000002)
    __rt_entry_sh                            0x08000235   Thumb Code     0  __rtentry4.o(.ARM.Collect$$rtentry$$00000004)
    __rt_entry_li                            0x0800023b   Thumb Code     0  __rtentry2.o(.ARM.Collect$$rtentry$$0000000A)
    __rt_entry_postsh_1                      0x0800023b   Thumb Code     0  __rtentry2.o(.ARM.Collect$$rtentry$$00000009)
    __rt_entry_main                          0x0800023f   Thumb Code     0  __rtentry2.o(.ARM.Collect$$rtentry$$0000000D)
    __rt_entry_postli_1                      0x0800023f   Thumb Code     0  __rtentry2.o(.ARM.Collect$$rtentry$$0000000C)
    __rt_exit                                0x08000247   Thumb Code     0  rtexit.o(.ARM.Collect$$rtexit$$00000000)
    __rt_exit_ls                             0x08000249   Thumb Code     0  rtexit2.o(.ARM.Collect$$rtexit$$00000003)
    __rt_exit_prels_1                        0x08000249   Thumb Code     0  rtexit2.o(.ARM.Collect$$rtexit$$00000002)
    __rt_exit_exit                           0x0800024d   Thumb Code     0  rtexit2.o(.ARM.Collect$$rtexit$$00000004)
    Reset_Handler                            0x08000255   Thumb Code     8  startup_stm32f405xx.o(.text)
    ADC_IRQHandler                           0x0800026f   Thumb Code     0  startup_stm32f405xx.o(.text)
    CAN1_RX0_IRQHandler                      0x0800026f   Thumb Code     0  startup_stm32f405xx.o(.text)
    CAN1_RX1_IRQHandler                      0x0800026f   Thumb Code     0  startup_stm32f405xx.o(.text)
    CAN1_SCE_IRQHandler                      0x0800026f   Thumb Code     0  startup_stm32f405xx.o(.text)
    CAN1_TX_IRQHandler                       0x0800026f   Thumb Code     0  startup_stm32f405xx.o(.text)
    CAN2_RX0_IRQHandler                      0x0800026f   Thumb Code     0  startup_stm32f405xx.o(.text)
    CAN2_RX1_IRQHandler                      0x0800026f   Thumb Code     0  startup_stm32f405xx.o(.text)
    CAN2_SCE_IRQHandler                      0x0800026f   Thumb Code     0  startup_stm32f405xx.o(.text)
    CAN2_TX_IRQHandler                       0x0800026f   Thumb Code     0  startup_stm32f405xx.o(.text)
    DMA1_Stream0_IRQHandler                  0x0800026f   Thumb Code     0  startup_stm32f405xx.o(.text)
    DMA1_Stream1_IRQHandler                  0x0800026f   Thumb Code     0  startup_stm32f405xx.o(.text)
    DMA1_Stream2_IRQHandler                  0x0800026f   Thumb Code     0  startup_stm32f405xx.o(.text)
    DMA1_Stream3_IRQHandler                  0x0800026f   Thumb Code     0  startup_stm32f405xx.o(.text)
    DMA1_Stream4_IRQHandler                  0x0800026f   Thumb Code     0  startup_stm32f405xx.o(.text)
    DMA1_Stream5_IRQHandler                  0x0800026f   Thumb Code     0  startup_stm32f405xx.o(.text)
    DMA1_Stream6_IRQHandler                  0x0800026f   Thumb Code     0  startup_stm32f405xx.o(.text)
    DMA1_Stream7_IRQHandler                  0x0800026f   Thumb Code     0  startup_stm32f405xx.o(.text)
    DMA2_Stream0_IRQHandler                  0x0800026f   Thumb Code     0  startup_stm32f405xx.o(.text)
    DMA2_Stream1_IRQHandler                  0x0800026f   Thumb Code     0  startup_stm32f405xx.o(.text)
    DMA2_Stream2_IRQHandler                  0x0800026f   Thumb Code     0  startup_stm32f405xx.o(.text)
    DMA2_Stream3_IRQHandler                  0x0800026f   Thumb Code     0  startup_stm32f405xx.o(.text)
    DMA2_Stream4_IRQHandler                  0x0800026f   Thumb Code     0  startup_stm32f405xx.o(.text)
    DMA2_Stream5_IRQHandler                  0x0800026f   Thumb Code     0  startup_stm32f405xx.o(.text)
    DMA2_Stream6_IRQHandler                  0x0800026f   Thumb Code     0  startup_stm32f405xx.o(.text)
    DMA2_Stream7_IRQHandler                  0x0800026f   Thumb Code     0  startup_stm32f405xx.o(.text)
    EXTI0_IRQHandler                         0x0800026f   Thumb Code     0  startup_stm32f405xx.o(.text)
    EXTI15_10_IRQHandler                     0x0800026f   Thumb Code     0  startup_stm32f405xx.o(.text)
    EXTI1_IRQHandler                         0x0800026f   Thumb Code     0  startup_stm32f405xx.o(.text)
    EXTI2_IRQHandler                         0x0800026f   Thumb Code     0  startup_stm32f405xx.o(.text)
    EXTI3_IRQHandler                         0x0800026f   Thumb Code     0  startup_stm32f405xx.o(.text)
    EXTI4_IRQHandler                         0x0800026f   Thumb Code     0  startup_stm32f405xx.o(.text)
    EXTI9_5_IRQHandler                       0x0800026f   Thumb Code     0  startup_stm32f405xx.o(.text)
    FLASH_IRQHandler                         0x0800026f   Thumb Code     0  startup_stm32f405xx.o(.text)
    FMC_IRQHandler                           0x0800026f   Thumb Code     0  startup_stm32f405xx.o(.text)
    FPU_IRQHandler                           0x0800026f   Thumb Code     0  startup_stm32f405xx.o(.text)
    HASH_RNG_IRQHandler                      0x0800026f   Thumb Code     0  startup_stm32f405xx.o(.text)
    I2C1_ER_IRQHandler                       0x0800026f   Thumb Code     0  startup_stm32f405xx.o(.text)
    I2C1_EV_IRQHandler                       0x0800026f   Thumb Code     0  startup_stm32f405xx.o(.text)
    I2C2_ER_IRQHandler                       0x0800026f   Thumb Code     0  startup_stm32f405xx.o(.text)
    I2C2_EV_IRQHandler                       0x0800026f   Thumb Code     0  startup_stm32f405xx.o(.text)
    I2C3_ER_IRQHandler                       0x0800026f   Thumb Code     0  startup_stm32f405xx.o(.text)
    I2C3_EV_IRQHandler                       0x0800026f   Thumb Code     0  startup_stm32f405xx.o(.text)
    OTG_FS_WKUP_IRQHandler                   0x0800026f   Thumb Code     0  startup_stm32f405xx.o(.text)
    OTG_HS_EP1_IN_IRQHandler                 0x0800026f   Thumb Code     0  startup_stm32f405xx.o(.text)
    OTG_HS_EP1_OUT_IRQHandler                0x0800026f   Thumb Code     0  startup_stm32f405xx.o(.text)
    OTG_HS_IRQHandler                        0x0800026f   Thumb Code     0  startup_stm32f405xx.o(.text)
    OTG_HS_WKUP_IRQHandler                   0x0800026f   Thumb Code     0  startup_stm32f405xx.o(.text)
    PVD_IRQHandler                           0x0800026f   Thumb Code     0  startup_stm32f405xx.o(.text)
    RCC_IRQHandler                           0x0800026f   Thumb Code     0  startup_stm32f405xx.o(.text)
    RTC_Alarm_IRQHandler                     0x0800026f   Thumb Code     0  startup_stm32f405xx.o(.text)
    RTC_WKUP_IRQHandler                      0x0800026f   Thumb Code     0  startup_stm32f405xx.o(.text)
    SDIO_IRQHandler                          0x0800026f   Thumb Code     0  startup_stm32f405xx.o(.text)
    SPI1_IRQHandler                          0x0800026f   Thumb Code     0  startup_stm32f405xx.o(.text)
    SPI2_IRQHandler                          0x0800026f   Thumb Code     0  startup_stm32f405xx.o(.text)
    SPI3_IRQHandler                          0x0800026f   Thumb Code     0  startup_stm32f405xx.o(.text)
    TAMP_STAMP_IRQHandler                    0x0800026f   Thumb Code     0  startup_stm32f405xx.o(.text)
    TIM1_BRK_TIM9_IRQHandler                 0x0800026f   Thumb Code     0  startup_stm32f405xx.o(.text)
    TIM1_CC_IRQHandler                       0x0800026f   Thumb Code     0  startup_stm32f405xx.o(.text)
    TIM1_TRG_COM_TIM11_IRQHandler            0x0800026f   Thumb Code     0  startup_stm32f405xx.o(.text)
    TIM1_UP_TIM10_IRQHandler                 0x0800026f   Thumb Code     0  startup_stm32f405xx.o(.text)
    TIM2_IRQHandler                          0x0800026f   Thumb Code     0  startup_stm32f405xx.o(.text)
    TIM3_IRQHandler                          0x0800026f   Thumb Code     0  startup_stm32f405xx.o(.text)
    TIM4_IRQHandler                          0x0800026f   Thumb Code     0  startup_stm32f405xx.o(.text)
    TIM5_IRQHandler                          0x0800026f   Thumb Code     0  startup_stm32f405xx.o(.text)
    TIM6_DAC_IRQHandler                      0x0800026f   Thumb Code     0  startup_stm32f405xx.o(.text)
    TIM7_IRQHandler                          0x0800026f   Thumb Code     0  startup_stm32f405xx.o(.text)
    TIM8_BRK_TIM12_IRQHandler                0x0800026f   Thumb Code     0  startup_stm32f405xx.o(.text)
    TIM8_CC_IRQHandler                       0x0800026f   Thumb Code     0  startup_stm32f405xx.o(.text)
    TIM8_TRG_COM_TIM14_IRQHandler            0x0800026f   Thumb Code     0  startup_stm32f405xx.o(.text)
    TIM8_UP_TIM13_IRQHandler                 0x0800026f   Thumb Code     0  startup_stm32f405xx.o(.text)
    UART4_IRQHandler                         0x0800026f   Thumb Code     0  startup_stm32f405xx.o(.text)
    UART5_IRQHandler                         0x0800026f   Thumb Code     0  startup_stm32f405xx.o(.text)
    USART1_IRQHandler                        0x0800026f   Thumb Code     0  startup_stm32f405xx.o(.text)
    USART2_IRQHandler                        0x0800026f   Thumb Code     0  startup_stm32f405xx.o(.text)
    USART3_IRQHandler                        0x0800026f   Thumb Code     0  startup_stm32f405xx.o(.text)
    USART6_IRQHandler                        0x0800026f   Thumb Code     0  startup_stm32f405xx.o(.text)
    WWDG_IRQHandler                          0x0800026f   Thumb Code     0  startup_stm32f405xx.o(.text)
    __user_initial_stackheap                 0x08000271   Thumb Code     0  startup_stm32f405xx.o(.text)
    __aeabi_uldivmod                         0x08000295   Thumb Code     0  lludivv7m.o(.text)
    _ll_udiv                                 0x08000295   Thumb Code   238  lludivv7m.o(.text)
    __2sprintf                               0x08000385   Thumb Code    38  __2sprintf.o(.text)
    __2snprintf                              0x080003b1   Thumb Code    50  __2snprintf.o(.text)
    __printf                                 0x080003e9   Thumb Code   104  __printf.o(.text)
    _printf_str                              0x08000451   Thumb Code    82  _printf_str.o(.text)
    strtok                                   0x080004a5   Thumb Code     6  strtok.o(.text)
    strstr                                   0x080004b1   Thumb Code    36  strstr.o(.text)
    strlen                                   0x080004d5   Thumb Code    62  strlen.o(.text)
    strcat                                   0x08000513   Thumb Code    24  strcat.o(.text)
    __aeabi_memcpy                           0x0800052b   Thumb Code     0  rt_memcpy_v6.o(.text)
    __rt_memcpy                              0x0800052b   Thumb Code   138  rt_memcpy_v6.o(.text)
    _memcpy_lastbytes                        0x08000591   Thumb Code     0  rt_memcpy_v6.o(.text)
    __aeabi_memclr4                          0x080005b5   Thumb Code     0  rt_memclr_w.o(.text)
    __aeabi_memclr8                          0x080005b5   Thumb Code     0  rt_memclr_w.o(.text)
    __rt_memclr_w                            0x080005b5   Thumb Code    78  rt_memclr_w.o(.text)
    _memset_w                                0x080005b9   Thumb Code     0  rt_memclr_w.o(.text)
    __use_two_region_memory                  0x08000603   Thumb Code     2  heapauxi.o(.text)
    __rt_heap_escrow$2region                 0x08000605   Thumb Code     2  heapauxi.o(.text)
    __rt_heap_expand$2region                 0x08000607   Thumb Code     2  heapauxi.o(.text)
    __read_errno                             0x08000609   Thumb Code    10  _rserrno.o(.text)
    __set_errno                              0x08000613   Thumb Code    12  _rserrno.o(.text)
    __lib_sel_fp_printf                      0x0800061f   Thumb Code     2  _printf_fp_dec.o(.text)
    _printf_fp_dec_real                      0x080007d1   Thumb Code   620  _printf_fp_dec.o(.text)
    _printf_char_common                      0x08000a47   Thumb Code    32  _printf_char_common.o(.text)
    _sputc                                   0x08000a6d   Thumb Code    10  _sputc.o(.text)
    _snputc                                  0x08000a77   Thumb Code    16  _snputc.o(.text)
    _printf_cs_common                        0x08000a87   Thumb Code    20  _printf_char.o(.text)
    _printf_char                             0x08000a9b   Thumb Code    16  _printf_char.o(.text)
    _printf_string                           0x08000aab   Thumb Code     8  _printf_char.o(.text)
    __strtod_int                             0x08000af1   Thumb Code    90  strtod.o(.text)
    __strtok_internal                        0x08000b59   Thumb Code    64  strtok_int.o(.text)
    __aeabi_memcpy4                          0x08000b9d   Thumb Code     0  rt_memcpy_w.o(.text)
    __aeabi_memcpy8                          0x08000b9d   Thumb Code     0  rt_memcpy_w.o(.text)
    __rt_memcpy_w                            0x08000b9d   Thumb Code   100  rt_memcpy_w.o(.text)
    _memcpy_lastbytes_aligned                0x08000be5   Thumb Code     0  rt_memcpy_w.o(.text)
    __rt_locale                              0x08000c01   Thumb Code     8  rt_locale_intlibspace.o(.text)
    __aeabi_errno_addr                       0x08000c09   Thumb Code     8  rt_errno_addr_intlibspace.o(.text)
    __errno$intlibspace                      0x08000c09   Thumb Code     0  rt_errno_addr_intlibspace.o(.text)
    __rt_errno_addr$intlibspace              0x08000c09   Thumb Code     0  rt_errno_addr_intlibspace.o(.text)
    _ll_udiv10                               0x08000c11   Thumb Code   138  lludiv10.o(.text)
    isspace                                  0x08000c9b   Thumb Code    18  isspace.o(.text)
    _printf_fp_infnan                        0x08000cad   Thumb Code   112  _printf_fp_infnan.o(.text)
    _sgetc                                   0x08000d2d   Thumb Code    30  _sgetc.o(.text)
    _sbackspace                              0x08000d4b   Thumb Code    34  _sgetc.o(.text)
    _btod_etento                             0x08000d6d   Thumb Code   224  bigflt0.o(.text)
    strcspn                                  0x08000e51   Thumb Code    32  strcspn.o(.text)
    strspn                                   0x08000e71   Thumb Code    28  strspn.o(.text)
    __user_libspace                          0x08000e8d   Thumb Code     8  libspace.o(.text)
    __user_perproc_libspace                  0x08000e8d   Thumb Code     0  libspace.o(.text)
    __user_perthread_libspace                0x08000e8d   Thumb Code     0  libspace.o(.text)
    __user_setup_stackheap                   0x08000e95   Thumb Code    74  sys_stackheap_outer.o(.text)
    __rt_ctype_table                         0x08000ee1   Thumb Code    16  rt_ctype_table.o(.text)
    _scanf_really_real                       0x0800113d   Thumb Code   684  scanf_fp.o(.text)
    exit                                     0x080013e9   Thumb Code    18  exit.o(.text)
    strcmp                                   0x080013fd   Thumb Code   128  strcmpv7m.o(.text)
    _sys_exit                                0x0800147d   Thumb Code     8  sys_exit.o(.text)
    _scanf_really_hex_real                   0x08001489   Thumb Code   786  scanf_hexfp.o(.text)
    _scanf_really_infnan                     0x080017a9   Thumb Code   292  scanf_infnan.o(.text)
    __I$use$semihosting                      0x080018dd   Thumb Code     0  use_no_semi.o(.text)
    __use_no_semihosting_swi                 0x080018dd   Thumb Code     2  use_no_semi.o(.text)
    __aeabi_llsl                             0x080018df   Thumb Code     0  llshl.o(.text)
    __semihosting_library_function           0x080018df   Thumb Code     0  indicate_semi.o(.text)
    _ll_shift_l                              0x080018df   Thumb Code    38  llshl.o(.text)
    _chval                                   0x08001905   Thumb Code    28  _chval.o(.text)
    _btod_d2e                                0x08001921   Thumb Code    62  btod.o(CL$$btod_d2e)
    _d2e_denorm_low                          0x0800195f   Thumb Code    70  btod.o(CL$$btod_d2e_denorm_low)
    _d2e_norm_op1                            0x080019a5   Thumb Code    96  btod.o(CL$$btod_d2e_norm_op1)
    __btod_div_common                        0x08001a05   Thumb Code   696  btod.o(CL$$btod_div_common)
    _e2d                                     0x08001d3d   Thumb Code   122  btod.o(CL$$btod_e2d)
    _e2e                                     0x08001dc1   Thumb Code   220  btod.o(CL$$btod_e2e)
    _btod_ediv                               0x08001e9d   Thumb Code    42  btod.o(CL$$btod_ediv)
    _btod_edivd                              0x08001ec7   Thumb Code    42  btod.o(CL$$btod_edivd)
    _btod_emul                               0x08001ef1   Thumb Code    42  btod.o(CL$$btod_emul)
    _btod_emuld                              0x08001f1b   Thumb Code    42  btod.o(CL$$btod_emuld)
    __btod_mult_common                       0x08001f45   Thumb Code   580  btod.o(CL$$btod_mult_common)
    BusFault_Handler                         0x08002189   Thumb Code     2  stm32f4xx_it.o(i.BusFault_Handler)
    CDC_Transmit_FS                          0x080021f9   Thumb Code    38  usbd_cdc_if.o(i.CDC_Transmit_FS)
    DebugMon_Handler                         0x08002225   Thumb Code     2  stm32f4xx_it.o(i.DebugMon_Handler)
    Error_Handler                            0x08002227   Thumb Code     4  main.o(i.Error_Handler)
    FLASH_WaitForLastOperation               0x08002329   Thumb Code    72  stm32f4xx_hal_flash.o(i.FLASH_WaitForLastOperation)
    HAL_Delay                                0x08002379   Thumb Code    32  stm32f4xx_hal.o(i.HAL_Delay)
    HAL_FLASH_Lock                           0x0800239d   Thumb Code    14  stm32f4xx_hal_flash.o(i.HAL_FLASH_Lock)
    HAL_FLASH_Program                        0x080023b1   Thumb Code   116  stm32f4xx_hal_flash.o(i.HAL_FLASH_Program)
    HAL_FLASH_Unlock                         0x0800242d   Thumb Code    32  stm32f4xx_hal_flash.o(i.HAL_FLASH_Unlock)
    HAL_GPIO_Init                            0x08002459   Thumb Code   450  stm32f4xx_hal_gpio.o(i.HAL_GPIO_Init)
    HAL_GPIO_WritePin                        0x08002649   Thumb Code    10  stm32f4xx_hal_gpio.o(i.HAL_GPIO_WritePin)
    HAL_GetTick                              0x08002655   Thumb Code     6  stm32f4xx_hal.o(i.HAL_GetTick)
    HAL_IncTick                              0x08002661   Thumb Code    12  stm32f4xx_hal.o(i.HAL_IncTick)
    HAL_Init                                 0x08002671   Thumb Code    48  stm32f4xx_hal.o(i.HAL_Init)
    HAL_InitTick                             0x080026a5   Thumb Code    54  stm32f4xx_hal.o(i.HAL_InitTick)
    HAL_MspInit                              0x080026e5   Thumb Code    42  stm32f4xx_hal_msp.o(i.HAL_MspInit)
    HAL_NVIC_EnableIRQ                       0x08002715   Thumb Code    26  stm32f4xx_hal_cortex.o(i.HAL_NVIC_EnableIRQ)
    HAL_NVIC_SetPriority                     0x08002731   Thumb Code    60  stm32f4xx_hal_cortex.o(i.HAL_NVIC_SetPriority)
    HAL_NVIC_SetPriorityGrouping             0x08002771   Thumb Code    26  stm32f4xx_hal_cortex.o(i.HAL_NVIC_SetPriorityGrouping)
    HAL_PCDEx_LPM_Callback                   0x08002795   Thumb Code     2  stm32f4xx_hal_pcd_ex.o(i.HAL_PCDEx_LPM_Callback)
    HAL_PCDEx_SetRxFiFo                      0x08002797   Thumb Code     8  stm32f4xx_hal_pcd_ex.o(i.HAL_PCDEx_SetRxFiFo)
    HAL_PCDEx_SetTxFiFo                      0x0800279f   Thumb Code    68  stm32f4xx_hal_pcd_ex.o(i.HAL_PCDEx_SetTxFiFo)
    HAL_PCD_ConnectCallback                  0x080027e3   Thumb Code     8  usbd_conf.o(i.HAL_PCD_ConnectCallback)
    HAL_PCD_DataInStageCallback              0x080027eb   Thumb Code    18  usbd_conf.o(i.HAL_PCD_DataInStageCallback)
    HAL_PCD_DataOutStageCallback             0x080027fd   Thumb Code    20  usbd_conf.o(i.HAL_PCD_DataOutStageCallback)
    HAL_PCD_DisconnectCallback               0x08002811   Thumb Code     8  usbd_conf.o(i.HAL_PCD_DisconnectCallback)
    HAL_PCD_EP_Abort                         0x08002819   Thumb Code    30  stm32f4xx_hal_pcd.o(i.HAL_PCD_EP_Abort)
    HAL_PCD_EP_Close                         0x08002837   Thumb Code    74  stm32f4xx_hal_pcd.o(i.HAL_PCD_EP_Close)
    HAL_PCD_EP_ClrStall                      0x08002881   Thumb Code    90  stm32f4xx_hal_pcd.o(i.HAL_PCD_EP_ClrStall)
    HAL_PCD_EP_GetRxCount                    0x080028db   Thumb Code    18  stm32f4xx_hal_pcd.o(i.HAL_PCD_EP_GetRxCount)
    HAL_PCD_EP_Open                          0x080028ed   Thumb Code    98  stm32f4xx_hal_pcd.o(i.HAL_PCD_EP_Open)
    HAL_PCD_EP_Receive                       0x0800294f   Thumb Code    56  stm32f4xx_hal_pcd.o(i.HAL_PCD_EP_Receive)
    HAL_PCD_EP_SetStall                      0x08002987   Thumb Code   114  stm32f4xx_hal_pcd.o(i.HAL_PCD_EP_SetStall)
    HAL_PCD_EP_Transmit                      0x080029f9   Thumb Code    50  stm32f4xx_hal_pcd.o(i.HAL_PCD_EP_Transmit)
    HAL_PCD_IRQHandler                       0x08002a2d   Thumb Code  1372  stm32f4xx_hal_pcd.o(i.HAL_PCD_IRQHandler)
    HAL_PCD_ISOINIncompleteCallback          0x08002f89   Thumb Code     8  usbd_conf.o(i.HAL_PCD_ISOINIncompleteCallback)
    HAL_PCD_ISOOUTIncompleteCallback         0x08002f91   Thumb Code     8  usbd_conf.o(i.HAL_PCD_ISOOUTIncompleteCallback)
    HAL_PCD_Init                             0x08002f99   Thumb Code   204  stm32f4xx_hal_pcd.o(i.HAL_PCD_Init)
    HAL_PCD_MspInit                          0x08003065   Thumb Code   122  usbd_conf.o(i.HAL_PCD_MspInit)
    HAL_PCD_ResetCallback                    0x080030e9   Thumb Code    44  usbd_conf.o(i.HAL_PCD_ResetCallback)
    HAL_PCD_ResumeCallback                   0x08003115   Thumb Code     8  usbd_conf.o(i.HAL_PCD_ResumeCallback)
    HAL_PCD_SOFCallback                      0x0800311d   Thumb Code     8  usbd_conf.o(i.HAL_PCD_SOFCallback)
    HAL_PCD_SetAddress                       0x08003125   Thumb Code    38  stm32f4xx_hal_pcd.o(i.HAL_PCD_SetAddress)
    HAL_PCD_SetupStageCallback               0x0800314b   Thumb Code    14  usbd_conf.o(i.HAL_PCD_SetupStageCallback)
    HAL_PCD_Start                            0x08003159   Thumb Code    66  stm32f4xx_hal_pcd.o(i.HAL_PCD_Start)
    HAL_PCD_SuspendCallback                  0x0800319d   Thumb Code    44  usbd_conf.o(i.HAL_PCD_SuspendCallback)
    HAL_RCC_ClockConfig                      0x080031cd   Thumb Code   288  stm32f4xx_hal_rcc.o(i.HAL_RCC_ClockConfig)
    HAL_RCC_GetHCLKFreq                      0x08003301   Thumb Code     6  stm32f4xx_hal_rcc.o(i.HAL_RCC_GetHCLKFreq)
    HAL_RCC_GetSysClockFreq                  0x0800330d   Thumb Code    88  stm32f4xx_hal_rcc.o(i.HAL_RCC_GetSysClockFreq)
    HAL_RCC_OscConfig                        0x0800336d   Thumb Code   856  stm32f4xx_hal_rcc.o(i.HAL_RCC_OscConfig)
    HAL_SYSTICK_Config                       0x080036d9   Thumb Code    40  stm32f4xx_hal_cortex.o(i.HAL_SYSTICK_Config)
    HardFault_Handler                        0x08003701   Thumb Code     2  stm32f4xx_it.o(i.HardFault_Handler)
    MX_GPIO_Init                             0x0800373d   Thumb Code   102  gpio.o(i.MX_GPIO_Init)
    MX_USB_DEVICE_Init                       0x080037ad   Thumb Code    66  usb_device.o(i.MX_USB_DEVICE_Init)
    MemManage_Handler                        0x08003801   Thumb Code     2  stm32f4xx_it.o(i.MemManage_Handler)
    NMI_Handler                              0x08003803   Thumb Code     2  stm32f4xx_it.o(i.NMI_Handler)
    OTG_FS_IRQHandler                        0x08003805   Thumb Code     6  stm32f4xx_it.o(i.OTG_FS_IRQHandler)
    PendSV_Handler                           0x0800397f   Thumb Code     2  stm32f4xx_it.o(i.PendSV_Handler)
    ProcessReceivedData                      0x08003981   Thumb Code    72  main.o(i.ProcessReceivedData)
    SVC_Handler                              0x08003a19   Thumb Code     2  stm32f4xx_it.o(i.SVC_Handler)
    SendPoints                               0x08003a25   Thumb Code   124  main.o(i.SendPoints)
    SendResponse                             0x08003acd   Thumb Code    28  main.o(i.SendResponse)
    SysTick_Handler                          0x08003af1   Thumb Code     4  stm32f4xx_it.o(i.SysTick_Handler)
    SystemClock_Config                       0x08003af5   Thumb Code   136  main.o(i.SystemClock_Config)
    SystemInit                               0x08003b85   Thumb Code    12  system_stm32f4xx.o(i.SystemInit)
    USBD_CDC_GetDeviceQualifierDescriptor    0x08003d11   Thumb Code     8  usbd_cdc.o(i.USBD_CDC_GetDeviceQualifierDescriptor)
    USBD_CDC_ReceivePacket                   0x08003eed   Thumb Code    50  usbd_cdc.o(i.USBD_CDC_ReceivePacket)
    USBD_CDC_RegisterInterface               0x08003f25   Thumb Code    22  usbd_cdc.o(i.USBD_CDC_RegisterInterface)
    USBD_CDC_SetRxBuffer                     0x08003f3b   Thumb Code    26  usbd_cdc.o(i.USBD_CDC_SetRxBuffer)
    USBD_CDC_SetTxBuffer                     0x08003f55   Thumb Code    30  usbd_cdc.o(i.USBD_CDC_SetTxBuffer)
    USBD_CDC_TransmitPacket                  0x08004049   Thumb Code    76  usbd_cdc.o(i.USBD_CDC_TransmitPacket)
    USBD_ClrClassConfig                      0x08004099   Thumb Code    20  usbd_core.o(i.USBD_ClrClassConfig)
    USBD_CoreFindEP                          0x080040ad   Thumb Code     4  usbd_core.o(i.USBD_CoreFindEP)
    USBD_CoreFindIF                          0x080040b1   Thumb Code     4  usbd_core.o(i.USBD_CoreFindIF)
    USBD_CtlContinueRx                       0x080040b5   Thumb Code    16  usbd_ioreq.o(i.USBD_CtlContinueRx)
    USBD_CtlContinueSendData                 0x080040c5   Thumb Code    16  usbd_ioreq.o(i.USBD_CtlContinueSendData)
    USBD_CtlError                            0x080040d5   Thumb Code    22  usbd_ctlreq.o(i.USBD_CtlError)
    USBD_CtlPrepareRx                        0x080040eb   Thumb Code    30  usbd_ioreq.o(i.USBD_CtlPrepareRx)
    USBD_CtlReceiveStatus                    0x08004109   Thumb Code    22  usbd_ioreq.o(i.USBD_CtlReceiveStatus)
    USBD_CtlSendData                         0x0800411f   Thumb Code    26  usbd_ioreq.o(i.USBD_CtlSendData)
    USBD_CtlSendStatus                       0x08004139   Thumb Code    22  usbd_ioreq.o(i.USBD_CtlSendStatus)
    USBD_FS_ConfigStrDescriptor              0x08004151   Thumb Code    16  usbd_desc.o(i.USBD_FS_ConfigStrDescriptor)
    USBD_FS_DeviceDescriptor                 0x08004171   Thumb Code     8  usbd_desc.o(i.USBD_FS_DeviceDescriptor)
    USBD_FS_InterfaceStrDescriptor           0x0800417d   Thumb Code    16  usbd_desc.o(i.USBD_FS_InterfaceStrDescriptor)
    USBD_FS_LangIDStrDescriptor              0x080041a1   Thumb Code     8  usbd_desc.o(i.USBD_FS_LangIDStrDescriptor)
    USBD_FS_ManufacturerStrDescriptor        0x080041ad   Thumb Code    16  usbd_desc.o(i.USBD_FS_ManufacturerStrDescriptor)
    USBD_FS_ProductStrDescriptor             0x080041d5   Thumb Code    16  usbd_desc.o(i.USBD_FS_ProductStrDescriptor)
    USBD_FS_SerialStrDescriptor              0x08004201   Thumb Code    48  usbd_desc.o(i.USBD_FS_SerialStrDescriptor)
    USBD_GetEpDesc                           0x0800431f   Thumb Code    58  usbd_core.o(i.USBD_GetEpDesc)
    USBD_GetNextDesc                         0x0800436d   Thumb Code    14  usbd_core.o(i.USBD_GetNextDesc)
    USBD_GetString                           0x0800437b   Thumb Code    78  usbd_ctlreq.o(i.USBD_GetString)
    USBD_Get_USB_Status                      0x080043c9   Thumb Code    24  usbd_conf.o(i.USBD_Get_USB_Status)
    USBD_Init                                0x080043e1   Thumb Code    38  usbd_core.o(i.USBD_Init)
    USBD_LL_ClearStallEP                     0x08004407   Thumb Code    18  usbd_conf.o(i.USBD_LL_ClearStallEP)
    USBD_LL_CloseEP                          0x08004419   Thumb Code    18  usbd_conf.o(i.USBD_LL_CloseEP)
    USBD_LL_DataInStage                      0x0800442b   Thumb Code   182  usbd_core.o(i.USBD_LL_DataInStage)
    USBD_LL_DataOutStage                     0x080044e1   Thumb Code   142  usbd_core.o(i.USBD_LL_DataOutStage)
    USBD_LL_DevConnected                     0x0800456f   Thumb Code     4  usbd_core.o(i.USBD_LL_DevConnected)
    USBD_LL_DevDisconnected                  0x08004573   Thumb Code    30  usbd_core.o(i.USBD_LL_DevDisconnected)
    USBD_LL_GetRxDataSize                    0x08004591   Thumb Code     8  usbd_conf.o(i.USBD_LL_GetRxDataSize)
    USBD_LL_Init                             0x08004599   Thumb Code    90  usbd_conf.o(i.USBD_LL_Init)
    USBD_LL_IsStallEP                        0x080045f9   Thumb Code    30  usbd_conf.o(i.USBD_LL_IsStallEP)
    USBD_LL_IsoINIncomplete                  0x08004617   Thumb Code    40  usbd_core.o(i.USBD_LL_IsoINIncomplete)
    USBD_LL_IsoOUTIncomplete                 0x0800463f   Thumb Code    40  usbd_core.o(i.USBD_LL_IsoOUTIncomplete)
    USBD_LL_OpenEP                           0x08004667   Thumb Code    24  usbd_conf.o(i.USBD_LL_OpenEP)
    USBD_LL_PrepareReceive                   0x0800467f   Thumb Code    18  usbd_conf.o(i.USBD_LL_PrepareReceive)
    USBD_LL_Reset                            0x08004691   Thumb Code    92  usbd_core.o(i.USBD_LL_Reset)
    USBD_LL_Resume                           0x080046ed   Thumb Code    20  usbd_core.o(i.USBD_LL_Resume)
    USBD_LL_SOF                              0x08004701   Thumb Code    26  usbd_core.o(i.USBD_LL_SOF)
    USBD_LL_SetSpeed                         0x0800471b   Thumb Code     6  usbd_core.o(i.USBD_LL_SetSpeed)
    USBD_LL_SetUSBAddress                    0x08004721   Thumb Code    18  usbd_conf.o(i.USBD_LL_SetUSBAddress)
    USBD_LL_SetupStage                       0x08004733   Thumb Code    96  usbd_core.o(i.USBD_LL_SetupStage)
    USBD_LL_StallEP                          0x08004793   Thumb Code    18  usbd_conf.o(i.USBD_LL_StallEP)
    USBD_LL_Start                            0x080047a5   Thumb Code    18  usbd_conf.o(i.USBD_LL_Start)
    USBD_LL_Suspend                          0x080047b7   Thumb Code    26  usbd_core.o(i.USBD_LL_Suspend)
    USBD_LL_Transmit                         0x080047d1   Thumb Code    18  usbd_conf.o(i.USBD_LL_Transmit)
    USBD_ParseSetupRequest                   0x080047e3   Thumb Code    44  usbd_ctlreq.o(i.USBD_ParseSetupRequest)
    USBD_RegisterClass                       0x0800480f   Thumb Code    58  usbd_core.o(i.USBD_RegisterClass)
    USBD_SetClassConfig                      0x08004849   Thumb Code    20  usbd_core.o(i.USBD_SetClassConfig)
    USBD_Start                               0x08004915   Thumb Code     4  usbd_core.o(i.USBD_Start)
    USBD_StdDevReq                           0x08004919   Thumb Code   300  usbd_ctlreq.o(i.USBD_StdDevReq)
    USBD_StdEPReq                            0x08004a45   Thumb Code   352  usbd_ctlreq.o(i.USBD_StdEPReq)
    USBD_StdItfReq                           0x08004ba5   Thumb Code   114  usbd_ctlreq.o(i.USBD_StdItfReq)
    USBD_static_free                         0x08004c17   Thumb Code     2  usbd_conf.o(i.USBD_static_free)
    USBD_static_malloc                       0x08004c19   Thumb Code     4  usbd_conf.o(i.USBD_static_malloc)
    USB_ActivateEndpoint                     0x08004c21   Thumb Code   122  stm32f4xx_ll_usb.o(i.USB_ActivateEndpoint)
    USB_ActivateSetup                        0x08004ca1   Thumb Code    28  stm32f4xx_ll_usb.o(i.USB_ActivateSetup)
    USB_CoreInit                             0x08004cbd   Thumb Code   126  stm32f4xx_ll_usb.o(i.USB_CoreInit)
    USB_DeactivateEndpoint                   0x08004d7d   Thumb Code   194  stm32f4xx_ll_usb.o(i.USB_DeactivateEndpoint)
    USB_DevConnect                           0x08004e49   Thumb Code    28  stm32f4xx_ll_usb.o(i.USB_DevConnect)
    USB_DevDisconnect                        0x08004e65   Thumb Code    28  stm32f4xx_ll_usb.o(i.USB_DevDisconnect)
    USB_DevInit                              0x08004e81   Thumb Code   370  stm32f4xx_ll_usb.o(i.USB_DevInit)
    USB_DisableGlobalInt                     0x08004ffd   Thumb Code    12  stm32f4xx_ll_usb.o(i.USB_DisableGlobalInt)
    USB_EP0_OutStart                         0x08005009   Thumb Code    84  stm32f4xx_ll_usb.o(i.USB_EP0_OutStart)
    USB_EPClearStall                         0x08005061   Thumb Code    88  stm32f4xx_ll_usb.o(i.USB_EPClearStall)
    USB_EPSetStall                           0x080050b9   Thumb Code    88  stm32f4xx_ll_usb.o(i.USB_EPSetStall)
    USB_EPStartXfer                          0x08005111   Thumb Code   562  stm32f4xx_ll_usb.o(i.USB_EPStartXfer)
    USB_EPStopXfer                           0x08005349   Thumb Code   158  stm32f4xx_ll_usb.o(i.USB_EPStopXfer)
    USB_EnableGlobalInt                      0x080053e7   Thumb Code    12  stm32f4xx_ll_usb.o(i.USB_EnableGlobalInt)
    USB_FlushRxFifo                          0x080053f3   Thumb Code    56  stm32f4xx_ll_usb.o(i.USB_FlushRxFifo)
    USB_FlushTxFifo                          0x0800542b   Thumb Code    60  stm32f4xx_ll_usb.o(i.USB_FlushTxFifo)
    USB_GetDevSpeed                          0x08005467   Thumb Code    26  stm32f4xx_ll_usb.o(i.USB_GetDevSpeed)
    USB_GetMode                              0x08005481   Thumb Code     8  stm32f4xx_ll_usb.o(i.USB_GetMode)
    USB_Init                                 0x08005489   Thumb Code    78  main.o(i.USB_Init)
    USB_ReadDevAllInEpInterrupt              0x080054e1   Thumb Code    14  stm32f4xx_ll_usb.o(i.USB_ReadDevAllInEpInterrupt)
    USB_ReadDevAllOutEpInterrupt             0x080054ef   Thumb Code    14  stm32f4xx_ll_usb.o(i.USB_ReadDevAllOutEpInterrupt)
    USB_ReadDevInEPInterrupt                 0x080054fd   Thumb Code    36  stm32f4xx_ll_usb.o(i.USB_ReadDevInEPInterrupt)
    USB_ReadDevOutEPInterrupt                0x08005521   Thumb Code    16  stm32f4xx_ll_usb.o(i.USB_ReadDevOutEPInterrupt)
    USB_ReadInterrupts                       0x08005531   Thumb Code     8  stm32f4xx_ll_usb.o(i.USB_ReadInterrupts)
    USB_ReadPacket                           0x08005539   Thumb Code    62  stm32f4xx_ll_usb.o(i.USB_ReadPacket)
    USB_SetCurrentMode                       0x08005577   Thumb Code    92  stm32f4xx_ll_usb.o(i.USB_SetCurrentMode)
    USB_SetDevAddress                        0x080055d3   Thumb Code    34  stm32f4xx_ll_usb.o(i.USB_SetDevAddress)
    USB_SetTurnaroundTime                    0x080055f5   Thumb Code   158  stm32f4xx_ll_usb.o(i.USB_SetTurnaroundTime)
    USB_WritePacket                          0x080056dd   Thumb Code    40  stm32f4xx_ll_usb.o(i.USB_WritePacket)
    UpdatePoints                             0x08005705   Thumb Code   102  main.o(i.UpdatePoints)
    UsageFault_Handler                       0x080057b9   Thumb Code     2  stm32f4xx_it.o(i.UsageFault_Handler)
    WritePointsToFlash                       0x080057bd   Thumb Code    82  main.o(i.WritePointsToFlash)
    __ARM_fpclassify                         0x08005815   Thumb Code    48  fpclassify.o(i.__ARM_fpclassify)
    __hardfp___mathlib_tofloat               0x08005869   Thumb Code   232  narrow.o(i.__hardfp___mathlib_tofloat)
    __hardfp_atof                            0x08005961   Thumb Code    44  atof.o(i.__hardfp_atof)
    __hardfp_ldexp                           0x08005999   Thumb Code   200  ldexp.o(i.__hardfp_ldexp)
    __mathlib_dbl_overflow                   0x08005a69   Thumb Code    24  dunder.o(i.__mathlib_dbl_overflow)
    __mathlib_dbl_underflow                  0x08005a89   Thumb Code    24  dunder.o(i.__mathlib_dbl_underflow)
    __mathlib_narrow                         0x08005aa9   Thumb Code    18  narrow.o(i.__mathlib_narrow)
    __support_ldexp                          0x08005abb   Thumb Code    20  ldexp.o(i.__support_ldexp)
    _is_digit                                0x08005acf   Thumb Code    14  __printf_wp.o(i._is_digit)
    frexp                                    0x08005ae1   Thumb Code   118  frexp.o(i.frexp)
    main                                     0x08005b6d   Thumb Code    22  main.o(i.main)
    _get_lc_numeric                          0x08005b85   Thumb Code    44  lc_numeric_c.o(locale$$code)
    _get_lc_ctype                            0x08005bb1   Thumb Code    44  lc_ctype_c.o(locale$$code)
    __aeabi_d2f                              0x08005bdd   Thumb Code     0  d2f.o(x$fpl$d2f)
    _d2f                                     0x08005bdd   Thumb Code    98  d2f.o(x$fpl$d2f)
    __fpl_dcheck_NaN1                        0x08005c41   Thumb Code    10  dcheck1.o(x$fpl$dcheck1)
    __fpl_dcmp_Inf                           0x08005c51   Thumb Code    24  dcmpi.o(x$fpl$dcmpinf)
    __aeabi_cdcmpeq                          0x08005c69   Thumb Code     0  deqf.o(x$fpl$deqf)
    _dcmpeq                                  0x08005c69   Thumb Code   120  deqf.o(x$fpl$deqf)
    __aeabi_cdcmple                          0x08005ce1   Thumb Code     0  dleqf.o(x$fpl$dleqf)
    _dcmple                                  0x08005ce1   Thumb Code   120  dleqf.o(x$fpl$dleqf)
    __fpl_dcmple_InfNaN                      0x08005d43   Thumb Code     0  dleqf.o(x$fpl$dleqf)
    __aeabi_dmul                             0x08005d59   Thumb Code     0  dmul.o(x$fpl$dmul)
    _dmul                                    0x08005d59   Thumb Code   332  dmul.o(x$fpl$dmul)
    __fpl_dnaninf                            0x08005ead   Thumb Code   156  dnaninf.o(x$fpl$dnaninf)
    __fpl_dretinf                            0x08005f49   Thumb Code    12  dretinf.o(x$fpl$dretinf)
    __aeabi_cdrcmple                         0x08005f55   Thumb Code     0  drleqf.o(x$fpl$drleqf)
    _drcmple                                 0x08005f55   Thumb Code   108  drleqf.o(x$fpl$drleqf)
    __aeabi_f2d                              0x08005fc1   Thumb Code     0  f2d.o(x$fpl$f2d)
    _f2d                                     0x08005fc1   Thumb Code    86  f2d.o(x$fpl$f2d)
    __fpl_fnaninf                            0x08006017   Thumb Code   140  fnaninf.o(x$fpl$fnaninf)
    _fp_init                                 0x080060a3   Thumb Code    10  fpinit.o(x$fpl$fpinit)
    __fplib_config_fpu_vfp                   0x080060ab   Thumb Code     0  fpinit.o(x$fpl$fpinit)
    __fplib_config_pureend_doubles           0x080060ab   Thumb Code     0  fpinit.o(x$fpl$fpinit)
    __fpl_fretinf                            0x080060ad   Thumb Code    10  fretinf.o(x$fpl$fretinf)
    __ieee_status                            0x080060b7   Thumb Code     6  istatus.o(x$fpl$ieeestatus)
    __aeabi_f2ulz                            0x080060bd   Thumb Code     0  ffixull.o(x$fpl$llufromf)
    _ll_ufrom_f                              0x080060bd   Thumb Code    92  ffixull.o(x$fpl$llufromf)
    _printf_fp_dec                           0x08006119   Thumb Code     4  printf1.o(x$fpl$printf1)
    __fpl_return_NaN                         0x0800611d   Thumb Code   100  retnan.o(x$fpl$retnan)
    __ARM_scalbn                             0x08006181   Thumb Code    92  scalbn.o(x$fpl$scalbn)
    _scanf_real                              0x080061dd   Thumb Code     4  scanf1.o(x$fpl$scanf1)
    _scanf_hex_real                          0x080061e1   Thumb Code     4  scanf2.o(x$fpl$scanf2)
    _scanf_infnan                            0x080061e5   Thumb Code     4  scanf2.o(x$fpl$scanf2)
    __fpl_cmpreturn                          0x080061e9   Thumb Code    48  trapv.o(x$fpl$trapveneer)
    AHBPrescTable                            0x08006218   Data          16  system_stm32f4xx.o(.constdata)
    __I$use$fp                               0x08006218   Number         0  usenofp.o(x$fpl$usenofp)
    Region$$Table$$Base                      0x080062bc   Number         0  anon$$obj.o(Region$$Table)
    Region$$Table$$Limit                     0x080062dc   Number         0  anon$$obj.o(Region$$Table)
    __aeabi_HUGE_VAL                         0x080062dc   Data           0  fpconst.o(c$$dinf)
    __aeabi_HUGE_VALL                        0x080062dc   Data           0  fpconst.o(c$$dinf)
    __aeabi_INFINITY                         0x080062dc   Data           0  fpconst.o(c$$dinf)
    __dInf                                   0x080062dc   Data           0  fpconst.o(c$$dinf)
    __huge_val                               0x080062dc   Data           0  fpconst.o(c$$dinf)
    __dbl_max                                0x080062e4   Data           0  fpconst.o(c$$dmax)
    __ctype                                  0x08006315   Data           0  lc_ctype_c.o(locale$$data)
    uwTickFreq                               0x20000000   Data           1  stm32f4xx_hal.o(.data)
    uwTickPrio                               0x20000004   Data           4  stm32f4xx_hal.o(.data)
    uwTick                                   0x20000008   Data           4  stm32f4xx_hal.o(.data)
    SystemCoreClock                          0x2000000c   Data           4  system_stm32f4xx.o(.data)
    FS_Desc                                  0x20000010   Data          28  usbd_desc.o(.data)
    USBD_LangIDDesc                          0x2000002c   Data           4  usbd_desc.o(.data)
    USBD_FS_DeviceDesc                       0x20000030   Data          18  usbd_desc.o(.data)
    USBD_StringSerial                        0x20000044   Data          26  usbd_desc.o(.data)
    USBD_Interface_fops_FS                   0x20000060   Data          20  usbd_cdc_if.o(.data)
    USBD_CDC                                 0x200000cc   Data          56  usbd_cdc.o(.data)
    pointsData                               0x20000108   Data          40  main.o(.bss)
    pFlash                                   0x20000130   Data          32  stm32f4xx_hal_flash.o(.bss)
    hUsbDeviceFS                             0x20000150   Data         732  usb_device.o(.bss)
    USBD_StrDesc                             0x2000042c   Data         512  usbd_desc.o(.bss)
    UserRxBufferFS                           0x2000062c   Data        2048  usbd_cdc_if.o(.bss)
    UserTxBufferFS                           0x20000e2c   Data        2048  usbd_cdc_if.o(.bss)
    hpcd_USB_OTG_FS                          0x2000184c   Data        1252  usbd_conf.o(.bss)
    __libspace_start                         0x20001d30   Data          96  libspace.o(.bss)
    __temporary_stack_top$libspace           0x20001d90   Data           0  libspace.o(.bss)



==============================================================================

Memory Map of the image

  Image Entry point : 0x08000189

  Load Region LR_IROM1 (Base: 0x08000000, Size: 0x00006520, Max: 0x00100000, ABSOLUTE)

    Execution Region ER_IROM1 (Exec base: 0x08000000, Load base: 0x08000000, Size: 0x00006418, Max: 0x00100000, ABSOLUTE)

    Exec Addr    Load Addr    Size         Type   Attr      Idx    E Section Name        Object

    0x08000000   0x08000000   0x00000188   Data   RO            3    RESET               startup_stm32f405xx.o
    0x08000188   0x08000188   0x00000008   Code   RO         3009  * !!!main             c_w.l(__main.o)
    0x08000190   0x08000190   0x00000034   Code   RO         3380    !!!scatter          c_w.l(__scatter.o)
    0x080001c4   0x080001c4   0x0000001a   Code   RO         3382    !!handler_copy      c_w.l(__scatter_copy.o)
    0x080001de   0x080001de   0x00000002   PAD
    0x080001e0   0x080001e0   0x0000001c   Code   RO         3384    !!handler_zi        c_w.l(__scatter_zi.o)
    0x080001fc   0x080001fc   0x00000000   Code   RO         2993    .ARM.Collect$$_printf_percent$$00000000  c_w.l(_printf_percent.o)
    0x080001fc   0x080001fc   0x00000006   Code   RO         2992    .ARM.Collect$$_printf_percent$$00000003  c_w.l(_printf_f.o)
    0x08000202   0x08000202   0x00000006   Code   RO         2991    .ARM.Collect$$_printf_percent$$00000014  c_w.l(_printf_s.o)
    0x08000208   0x08000208   0x00000004   Code   RO         3044    .ARM.Collect$$_printf_percent$$00000017  c_w.l(_printf_percent_end.o)
    0x0800020c   0x0800020c   0x00000002   Code   RO         3157    .ARM.Collect$$libinit$$00000000  c_w.l(libinit.o)
    0x0800020e   0x0800020e   0x00000004   Code   RO         3158    .ARM.Collect$$libinit$$00000001  c_w.l(libinit2.o)
    0x08000212   0x08000212   0x00000000   Code   RO         3161    .ARM.Collect$$libinit$$00000004  c_w.l(libinit2.o)
    0x08000212   0x08000212   0x00000000   Code   RO         3164    .ARM.Collect$$libinit$$0000000A  c_w.l(libinit2.o)
    0x08000212   0x08000212   0x00000000   Code   RO         3166    .ARM.Collect$$libinit$$0000000C  c_w.l(libinit2.o)
    0x08000212   0x08000212   0x00000000   Code   RO         3168    .ARM.Collect$$libinit$$0000000E  c_w.l(libinit2.o)
    0x08000212   0x08000212   0x00000006   Code   RO         3169    .ARM.Collect$$libinit$$0000000F  c_w.l(libinit2.o)
    0x08000218   0x08000218   0x00000000   Code   RO         3171    .ARM.Collect$$libinit$$00000011  c_w.l(libinit2.o)
    0x08000218   0x08000218   0x0000000c   Code   RO         3172    .ARM.Collect$$libinit$$00000012  c_w.l(libinit2.o)
    0x08000224   0x08000224   0x00000000   Code   RO         3173    .ARM.Collect$$libinit$$00000013  c_w.l(libinit2.o)
    0x08000224   0x08000224   0x00000000   Code   RO         3175    .ARM.Collect$$libinit$$00000015  c_w.l(libinit2.o)
    0x08000224   0x08000224   0x0000000a   Code   RO         3176    .ARM.Collect$$libinit$$00000016  c_w.l(libinit2.o)
    0x0800022e   0x0800022e   0x00000000   Code   RO         3177    .ARM.Collect$$libinit$$00000017  c_w.l(libinit2.o)
    0x0800022e   0x0800022e   0x00000000   Code   RO         3179    .ARM.Collect$$libinit$$00000019  c_w.l(libinit2.o)
    0x0800022e   0x0800022e   0x00000000   Code   RO         3181    .ARM.Collect$$libinit$$0000001B  c_w.l(libinit2.o)
    0x0800022e   0x0800022e   0x00000000   Code   RO         3183    .ARM.Collect$$libinit$$0000001D  c_w.l(libinit2.o)
    0x0800022e   0x0800022e   0x00000000   Code   RO         3185    .ARM.Collect$$libinit$$0000001F  c_w.l(libinit2.o)
    0x0800022e   0x0800022e   0x00000000   Code   RO         3187    .ARM.Collect$$libinit$$00000021  c_w.l(libinit2.o)
    0x0800022e   0x0800022e   0x00000000   Code   RO         3189    .ARM.Collect$$libinit$$00000023  c_w.l(libinit2.o)
    0x0800022e   0x0800022e   0x00000000   Code   RO         3191    .ARM.Collect$$libinit$$00000025  c_w.l(libinit2.o)
    0x0800022e   0x0800022e   0x00000000   Code   RO         3195    .ARM.Collect$$libinit$$0000002C  c_w.l(libinit2.o)
    0x0800022e   0x0800022e   0x00000000   Code   RO         3197    .ARM.Collect$$libinit$$0000002E  c_w.l(libinit2.o)
    0x0800022e   0x0800022e   0x00000000   Code   RO         3199    .ARM.Collect$$libinit$$00000030  c_w.l(libinit2.o)
    0x0800022e   0x0800022e   0x00000000   Code   RO         3201    .ARM.Collect$$libinit$$00000032  c_w.l(libinit2.o)
    0x0800022e   0x0800022e   0x00000002   Code   RO         3202    .ARM.Collect$$libinit$$00000033  c_w.l(libinit2.o)
    0x08000230   0x08000230   0x00000002   Code   RO         3288    .ARM.Collect$$libshutdown$$00000000  c_w.l(libshutdown.o)
    0x08000232   0x08000232   0x00000000   Code   RO         3328    .ARM.Collect$$libshutdown$$00000002  c_w.l(libshutdown2.o)
    0x08000232   0x08000232   0x00000000   Code   RO         3330    .ARM.Collect$$libshutdown$$00000004  c_w.l(libshutdown2.o)
    0x08000232   0x08000232   0x00000000   Code   RO         3332    .ARM.Collect$$libshutdown$$00000006  c_w.l(libshutdown2.o)
    0x08000232   0x08000232   0x00000000   Code   RO         3335    .ARM.Collect$$libshutdown$$00000009  c_w.l(libshutdown2.o)
    0x08000232   0x08000232   0x00000000   Code   RO         3338    .ARM.Collect$$libshutdown$$0000000C  c_w.l(libshutdown2.o)
    0x08000232   0x08000232   0x00000000   Code   RO         3340    .ARM.Collect$$libshutdown$$0000000E  c_w.l(libshutdown2.o)
    0x08000232   0x08000232   0x00000000   Code   RO         3343    .ARM.Collect$$libshutdown$$00000011  c_w.l(libshutdown2.o)
    0x08000232   0x08000232   0x00000002   Code   RO         3344    .ARM.Collect$$libshutdown$$00000012  c_w.l(libshutdown2.o)
    0x08000234   0x08000234   0x00000000   Code   RO         3027    .ARM.Collect$$rtentry$$00000000  c_w.l(__rtentry.o)
    0x08000234   0x08000234   0x00000000   Code   RO         3061    .ARM.Collect$$rtentry$$00000002  c_w.l(__rtentry2.o)
    0x08000234   0x08000234   0x00000006   Code   RO         3073    .ARM.Collect$$rtentry$$00000004  c_w.l(__rtentry4.o)
    0x0800023a   0x0800023a   0x00000000   Code   RO         3063    .ARM.Collect$$rtentry$$00000009  c_w.l(__rtentry2.o)
    0x0800023a   0x0800023a   0x00000004   Code   RO         3064    .ARM.Collect$$rtentry$$0000000A  c_w.l(__rtentry2.o)
    0x0800023e   0x0800023e   0x00000000   Code   RO         3066    .ARM.Collect$$rtentry$$0000000C  c_w.l(__rtentry2.o)
    0x0800023e   0x0800023e   0x00000008   Code   RO         3067    .ARM.Collect$$rtentry$$0000000D  c_w.l(__rtentry2.o)
    0x08000246   0x08000246   0x00000002   Code   RO         3203    .ARM.Collect$$rtexit$$00000000  c_w.l(rtexit.o)
    0x08000248   0x08000248   0x00000000   Code   RO         3239    .ARM.Collect$$rtexit$$00000002  c_w.l(rtexit2.o)
    0x08000248   0x08000248   0x00000004   Code   RO         3240    .ARM.Collect$$rtexit$$00000003  c_w.l(rtexit2.o)
    0x0800024c   0x0800024c   0x00000006   Code   RO         3241    .ARM.Collect$$rtexit$$00000004  c_w.l(rtexit2.o)
    0x08000252   0x08000252   0x00000002   PAD
    0x08000254   0x08000254   0x00000040   Code   RO            4    .text               startup_stm32f405xx.o
    0x08000294   0x08000294   0x000000ee   Code   RO         2957    .text               c_w.l(lludivv7m.o)
    0x08000382   0x08000382   0x00000002   PAD
    0x08000384   0x08000384   0x0000002c   Code   RO         2959    .text               c_w.l(__2sprintf.o)
    0x080003b0   0x080003b0   0x00000038   Code   RO         2961    .text               c_w.l(__2snprintf.o)
    0x080003e8   0x080003e8   0x00000068   Code   RO         2967    .text               c_w.l(__printf.o)
    0x08000450   0x08000450   0x00000052   Code   RO         2969    .text               c_w.l(_printf_str.o)
    0x080004a2   0x080004a2   0x00000002   PAD
    0x080004a4   0x080004a4   0x0000000c   Code   RO         2994    .text               c_w.l(strtok.o)
    0x080004b0   0x080004b0   0x00000024   Code   RO         2997    .text               c_w.l(strstr.o)
    0x080004d4   0x080004d4   0x0000003e   Code   RO         2999    .text               c_w.l(strlen.o)
    0x08000512   0x08000512   0x00000018   Code   RO         3001    .text               c_w.l(strcat.o)
    0x0800052a   0x0800052a   0x0000008a   Code   RO         3003    .text               c_w.l(rt_memcpy_v6.o)
    0x080005b4   0x080005b4   0x0000004e   Code   RO         3005    .text               c_w.l(rt_memclr_w.o)
    0x08000602   0x08000602   0x00000006   Code   RO         3007    .text               c_w.l(heapauxi.o)
    0x08000608   0x08000608   0x00000016   Code   RO         3032    .text               c_w.l(_rserrno.o)
    0x0800061e   0x0800061e   0x0000041e   Code   RO         3034    .text               c_w.l(_printf_fp_dec.o)
    0x08000a3c   0x08000a3c   0x00000030   Code   RO         3036    .text               c_w.l(_printf_char_common.o)
    0x08000a6c   0x08000a6c   0x0000000a   Code   RO         3038    .text               c_w.l(_sputc.o)
    0x08000a76   0x08000a76   0x00000010   Code   RO         3040    .text               c_w.l(_snputc.o)
    0x08000a86   0x08000a86   0x0000002c   Code   RO         3042    .text               c_w.l(_printf_char.o)
    0x08000ab2   0x08000ab2   0x00000002   PAD
    0x08000ab4   0x08000ab4   0x000000a4   Code   RO         3045    .text               c_w.l(strtod.o)
    0x08000b58   0x08000b58   0x00000044   Code   RO         3047    .text               c_w.l(strtok_int.o)
    0x08000b9c   0x08000b9c   0x00000064   Code   RO         3049    .text               c_w.l(rt_memcpy_w.o)
    0x08000c00   0x08000c00   0x00000008   Code   RO         3080    .text               c_w.l(rt_locale_intlibspace.o)
    0x08000c08   0x08000c08   0x00000008   Code   RO         3085    .text               c_w.l(rt_errno_addr_intlibspace.o)
    0x08000c10   0x08000c10   0x0000008a   Code   RO         3087    .text               c_w.l(lludiv10.o)
    0x08000c9a   0x08000c9a   0x00000012   Code   RO         3089    .text               c_w.l(isspace.o)
    0x08000cac   0x08000cac   0x00000080   Code   RO         3091    .text               c_w.l(_printf_fp_infnan.o)
    0x08000d2c   0x08000d2c   0x00000040   Code   RO         3095    .text               c_w.l(_sgetc.o)
    0x08000d6c   0x08000d6c   0x000000e4   Code   RO         3097    .text               c_w.l(bigflt0.o)
    0x08000e50   0x08000e50   0x00000020   Code   RO         3125    .text               c_w.l(strcspn.o)
    0x08000e70   0x08000e70   0x0000001c   Code   RO         3127    .text               c_w.l(strspn.o)
    0x08000e8c   0x08000e8c   0x00000008   Code   RO         3135    .text               c_w.l(libspace.o)
    0x08000e94   0x08000e94   0x0000004a   Code   RO         3138    .text               c_w.l(sys_stackheap_outer.o)
    0x08000ede   0x08000ede   0x00000002   PAD
    0x08000ee0   0x08000ee0   0x00000010   Code   RO         3140    .text               c_w.l(rt_ctype_table.o)
    0x08000ef0   0x08000ef0   0x000004f8   Code   RO         3142    .text               c_w.l(scanf_fp.o)
    0x080013e8   0x080013e8   0x00000012   Code   RO         3144    .text               c_w.l(exit.o)
    0x080013fa   0x080013fa   0x00000002   PAD
    0x080013fc   0x080013fc   0x00000080   Code   RO         3150    .text               c_w.l(strcmpv7m.o)
    0x0800147c   0x0800147c   0x0000000c   Code   RO         3236    .text               c_w.l(sys_exit.o)
    0x08001488   0x08001488   0x00000320   Code   RO         3245    .text               c_w.l(scanf_hexfp.o)
    0x080017a8   0x080017a8   0x00000134   Code   RO         3247    .text               c_w.l(scanf_infnan.o)
    0x080018dc   0x080018dc   0x00000002   Code   RO         3271    .text               c_w.l(use_no_semi.o)
    0x080018de   0x080018de   0x00000000   Code   RO         3273    .text               c_w.l(indicate_semi.o)
    0x080018de   0x080018de   0x00000026   Code   RO         3276    .text               c_w.l(llshl.o)
    0x08001904   0x08001904   0x0000001c   Code   RO         3278    .text               c_w.l(_chval.o)
    0x08001920   0x08001920   0x0000003e   Code   RO         3100    CL$$btod_d2e        c_w.l(btod.o)
    0x0800195e   0x0800195e   0x00000046   Code   RO         3102    CL$$btod_d2e_denorm_low  c_w.l(btod.o)
    0x080019a4   0x080019a4   0x00000060   Code   RO         3101    CL$$btod_d2e_norm_op1  c_w.l(btod.o)
    0x08001a04   0x08001a04   0x00000338   Code   RO         3110    CL$$btod_div_common  c_w.l(btod.o)
    0x08001d3c   0x08001d3c   0x00000084   Code   RO         3108    CL$$btod_e2d        c_w.l(btod.o)
    0x08001dc0   0x08001dc0   0x000000dc   Code   RO         3107    CL$$btod_e2e        c_w.l(btod.o)
    0x08001e9c   0x08001e9c   0x0000002a   Code   RO         3104    CL$$btod_ediv       c_w.l(btod.o)
    0x08001ec6   0x08001ec6   0x0000002a   Code   RO         3106    CL$$btod_edivd      c_w.l(btod.o)
    0x08001ef0   0x08001ef0   0x0000002a   Code   RO         3103    CL$$btod_emul       c_w.l(btod.o)
    0x08001f1a   0x08001f1a   0x0000002a   Code   RO         3105    CL$$btod_emuld      c_w.l(btod.o)
    0x08001f44   0x08001f44   0x00000244   Code   RO         3109    CL$$btod_mult_common  c_w.l(btod.o)
    0x08002188   0x08002188   0x00000002   Code   RO          259    i.BusFault_Handler  stm32f4xx_it.o
    0x0800218a   0x0800218a   0x00000004   Code   RO         2291    i.CDC_Control_FS    usbd_cdc_if.o
    0x0800218e   0x0800218e   0x00000004   Code   RO         2292    i.CDC_DeInit_FS     usbd_cdc_if.o
    0x08002192   0x08002192   0x00000002   PAD
    0x08002194   0x08002194   0x00000024   Code   RO         2293    i.CDC_Init_FS       usbd_cdc_if.o
    0x080021b8   0x080021b8   0x0000003c   Code   RO         2294    i.CDC_Receive_FS    usbd_cdc_if.o
    0x080021f4   0x080021f4   0x00000004   Code   RO         2295    i.CDC_TransmitCplt_FS  usbd_cdc_if.o
    0x080021f8   0x080021f8   0x0000002c   Code   RO         2296    i.CDC_Transmit_FS   usbd_cdc_if.o
    0x08002224   0x08002224   0x00000002   Code   RO          260    i.DebugMon_Handler  stm32f4xx_it.o
    0x08002226   0x08002226   0x00000004   Code   RO           13    i.Error_Handler     main.o
    0x0800222a   0x0800222a   0x00000002   PAD
    0x0800222c   0x0800222c   0x00000020   Code   RO         1106    i.FLASH_Program_Byte  stm32f4xx_hal_flash.o
    0x0800224c   0x0800224c   0x0000002c   Code   RO         1107    i.FLASH_Program_DoubleWord  stm32f4xx_hal_flash.o
    0x08002278   0x08002278   0x00000024   Code   RO         1108    i.FLASH_Program_HalfWord  stm32f4xx_hal_flash.o
    0x0800229c   0x0800229c   0x00000024   Code   RO         1109    i.FLASH_Program_Word  stm32f4xx_hal_flash.o
    0x080022c0   0x080022c0   0x00000068   Code   RO         1110    i.FLASH_SetErrorCode  stm32f4xx_hal_flash.o
    0x08002328   0x08002328   0x00000050   Code   RO         1111    i.FLASH_WaitForLastOperation  stm32f4xx_hal_flash.o
    0x08002378   0x08002378   0x00000024   Code   RO         1849    i.HAL_Delay         stm32f4xx_hal.o
    0x0800239c   0x0800239c   0x00000014   Code   RO         1115    i.HAL_FLASH_Lock    stm32f4xx_hal_flash.o
    0x080023b0   0x080023b0   0x0000007c   Code   RO         1120    i.HAL_FLASH_Program  stm32f4xx_hal_flash.o
    0x0800242c   0x0800242c   0x0000002c   Code   RO         1122    i.HAL_FLASH_Unlock  stm32f4xx_hal_flash.o
    0x08002458   0x08002458   0x000001f0   Code   RO         1305    i.HAL_GPIO_Init     stm32f4xx_hal_gpio.o
    0x08002648   0x08002648   0x0000000a   Code   RO         1309    i.HAL_GPIO_WritePin  stm32f4xx_hal_gpio.o
    0x08002652   0x08002652   0x00000002   PAD
    0x08002654   0x08002654   0x0000000c   Code   RO         1855    i.HAL_GetTick       stm32f4xx_hal.o
    0x08002660   0x08002660   0x00000010   Code   RO         1861    i.HAL_IncTick       stm32f4xx_hal.o
    0x08002670   0x08002670   0x00000034   Code   RO         1862    i.HAL_Init          stm32f4xx_hal.o
    0x080026a4   0x080026a4   0x00000040   Code   RO         1863    i.HAL_InitTick      stm32f4xx_hal.o
    0x080026e4   0x080026e4   0x00000030   Code   RO          341    i.HAL_MspInit       stm32f4xx_hal_msp.o
    0x08002714   0x08002714   0x0000001a   Code   RO         1697    i.HAL_NVIC_EnableIRQ  stm32f4xx_hal_cortex.o
    0x0800272e   0x0800272e   0x00000002   PAD
    0x08002730   0x08002730   0x00000040   Code   RO         1703    i.HAL_NVIC_SetPriority  stm32f4xx_hal_cortex.o
    0x08002770   0x08002770   0x00000024   Code   RO         1704    i.HAL_NVIC_SetPriorityGrouping  stm32f4xx_hal_cortex.o
    0x08002794   0x08002794   0x00000002   Code   RO          604    i.HAL_PCDEx_LPM_Callback  stm32f4xx_hal_pcd_ex.o
    0x08002796   0x08002796   0x00000008   Code   RO          605    i.HAL_PCDEx_SetRxFiFo  stm32f4xx_hal_pcd_ex.o
    0x0800279e   0x0800279e   0x00000044   Code   RO          606    i.HAL_PCDEx_SetTxFiFo  stm32f4xx_hal_pcd_ex.o
    0x080027e2   0x080027e2   0x00000008   Code   RO         2348    i.HAL_PCD_ConnectCallback  usbd_conf.o
    0x080027ea   0x080027ea   0x00000012   Code   RO         2349    i.HAL_PCD_DataInStageCallback  usbd_conf.o
    0x080027fc   0x080027fc   0x00000014   Code   RO         2350    i.HAL_PCD_DataOutStageCallback  usbd_conf.o
    0x08002810   0x08002810   0x00000008   Code   RO         2351    i.HAL_PCD_DisconnectCallback  usbd_conf.o
    0x08002818   0x08002818   0x0000001e   Code   RO          374    i.HAL_PCD_EP_Abort  stm32f4xx_hal_pcd.o
    0x08002836   0x08002836   0x0000004a   Code   RO          375    i.HAL_PCD_EP_Close  stm32f4xx_hal_pcd.o
    0x08002880   0x08002880   0x0000005a   Code   RO          376    i.HAL_PCD_EP_ClrStall  stm32f4xx_hal_pcd.o
    0x080028da   0x080028da   0x00000012   Code   RO          378    i.HAL_PCD_EP_GetRxCount  stm32f4xx_hal_pcd.o
    0x080028ec   0x080028ec   0x00000062   Code   RO          379    i.HAL_PCD_EP_Open   stm32f4xx_hal_pcd.o
    0x0800294e   0x0800294e   0x00000038   Code   RO          380    i.HAL_PCD_EP_Receive  stm32f4xx_hal_pcd.o
    0x08002986   0x08002986   0x00000072   Code   RO          381    i.HAL_PCD_EP_SetStall  stm32f4xx_hal_pcd.o
    0x080029f8   0x080029f8   0x00000032   Code   RO          382    i.HAL_PCD_EP_Transmit  stm32f4xx_hal_pcd.o
    0x08002a2a   0x08002a2a   0x00000002   PAD
    0x08002a2c   0x08002a2c   0x0000055c   Code   RO          384    i.HAL_PCD_IRQHandler  stm32f4xx_hal_pcd.o
    0x08002f88   0x08002f88   0x00000008   Code   RO         2352    i.HAL_PCD_ISOINIncompleteCallback  usbd_conf.o
    0x08002f90   0x08002f90   0x00000008   Code   RO         2353    i.HAL_PCD_ISOOUTIncompleteCallback  usbd_conf.o
    0x08002f98   0x08002f98   0x000000cc   Code   RO          387    i.HAL_PCD_Init      stm32f4xx_hal_pcd.o
    0x08003064   0x08003064   0x00000084   Code   RO         2355    i.HAL_PCD_MspInit   usbd_conf.o
    0x080030e8   0x080030e8   0x0000002c   Code   RO         2356    i.HAL_PCD_ResetCallback  usbd_conf.o
    0x08003114   0x08003114   0x00000008   Code   RO         2357    i.HAL_PCD_ResumeCallback  usbd_conf.o
    0x0800311c   0x0800311c   0x00000008   Code   RO         2358    i.HAL_PCD_SOFCallback  usbd_conf.o
    0x08003124   0x08003124   0x00000026   Code   RO          393    i.HAL_PCD_SetAddress  stm32f4xx_hal_pcd.o
    0x0800314a   0x0800314a   0x0000000e   Code   RO         2359    i.HAL_PCD_SetupStageCallback  usbd_conf.o
    0x08003158   0x08003158   0x00000042   Code   RO          396    i.HAL_PCD_Start     stm32f4xx_hal_pcd.o
    0x0800319a   0x0800319a   0x00000002   PAD
    0x0800319c   0x0800319c   0x00000030   Code   RO         2360    i.HAL_PCD_SuspendCallback  usbd_conf.o
    0x080031cc   0x080031cc   0x00000134   Code   RO          951    i.HAL_RCC_ClockConfig  stm32f4xx_hal_rcc.o
    0x08003300   0x08003300   0x0000000c   Code   RO          956    i.HAL_RCC_GetHCLKFreq  stm32f4xx_hal_rcc.o
    0x0800330c   0x0800330c   0x00000060   Code   RO          960    i.HAL_RCC_GetSysClockFreq  stm32f4xx_hal_rcc.o
    0x0800336c   0x0800336c   0x0000036c   Code   RO          963    i.HAL_RCC_OscConfig  stm32f4xx_hal_rcc.o
    0x080036d8   0x080036d8   0x00000028   Code   RO         1708    i.HAL_SYSTICK_Config  stm32f4xx_hal_cortex.o
    0x08003700   0x08003700   0x00000002   Code   RO          261    i.HardFault_Handler  stm32f4xx_it.o
    0x08003702   0x08003702   0x00000002   PAD
    0x08003704   0x08003704   0x00000038   Code   RO         2205    i.IntToUnicode      usbd_desc.o
    0x0800373c   0x0800373c   0x00000070   Code   RO          235    i.MX_GPIO_Init      gpio.o
    0x080037ac   0x080037ac   0x00000054   Code   RO         2174    i.MX_USB_DEVICE_Init  usb_device.o
    0x08003800   0x08003800   0x00000002   Code   RO          262    i.MemManage_Handler  stm32f4xx_it.o
    0x08003802   0x08003802   0x00000002   Code   RO          263    i.NMI_Handler       stm32f4xx_it.o
    0x08003804   0x08003804   0x0000000c   Code   RO          264    i.OTG_FS_IRQHandler  stm32f4xx_it.o
    0x08003810   0x08003810   0x000000cc   Code   RO          400    i.PCD_EP_OutXfrComplete_int  stm32f4xx_hal_pcd.o
    0x080038dc   0x080038dc   0x000000a2   Code   RO          401    i.PCD_WriteEmptyTxFifo  stm32f4xx_hal_pcd.o
    0x0800397e   0x0800397e   0x00000002   Code   RO          265    i.PendSV_Handler    stm32f4xx_it.o
    0x08003980   0x08003980   0x00000098   Code   RO           15    i.ProcessReceivedData  main.o
    0x08003a18   0x08003a18   0x00000002   Code   RO          266    i.SVC_Handler       stm32f4xx_it.o
    0x08003a1a   0x08003a1a   0x0000000a   Code   RO         2714    i.SWAPBYTE          usbd_ctlreq.o
    0x08003a24   0x08003a24   0x000000a8   Code   RO           17    i.SendPoints        main.o
    0x08003acc   0x08003acc   0x00000024   Code   RO           18    i.SendResponse      main.o
    0x08003af0   0x08003af0   0x00000004   Code   RO          267    i.SysTick_Handler   stm32f4xx_it.o
    0x08003af4   0x08003af4   0x00000090   Code   RO           19    i.SystemClock_Config  main.o
    0x08003b84   0x08003b84   0x00000010   Code   RO         2137    i.SystemInit        system_stm32f4xx.o
    0x08003b94   0x08003b94   0x00000076   Code   RO         2852    i.USBD_CDC_DataIn   usbd_cdc.o
    0x08003c0a   0x08003c0a   0x0000003c   Code   RO         2853    i.USBD_CDC_DataOut  usbd_cdc.o
    0x08003c46   0x08003c46   0x00000002   PAD
    0x08003c48   0x08003c48   0x00000090   Code   RO         2854    i.USBD_CDC_DeInit   usbd_cdc.o
    0x08003cd8   0x08003cd8   0x00000036   Code   RO         2855    i.USBD_CDC_EP0_RxReady  usbd_cdc.o
    0x08003d0e   0x08003d0e   0x00000002   PAD
    0x08003d10   0x08003d10   0x0000000c   Code   RO         2856    i.USBD_CDC_GetDeviceQualifierDescriptor  usbd_cdc.o
    0x08003d1c   0x08003d1c   0x0000003c   Code   RO         2857    i.USBD_CDC_GetFSCfgDesc  usbd_cdc.o
    0x08003d58   0x08003d58   0x00000040   Code   RO         2858    i.USBD_CDC_GetHSCfgDesc  usbd_cdc.o
    0x08003d98   0x08003d98   0x0000003c   Code   RO         2859    i.USBD_CDC_GetOtherSpeedCfgDesc  usbd_cdc.o
    0x08003dd4   0x08003dd4   0x00000118   Code   RO         2860    i.USBD_CDC_Init     usbd_cdc.o
    0x08003eec   0x08003eec   0x00000038   Code   RO         2861    i.USBD_CDC_ReceivePacket  usbd_cdc.o
    0x08003f24   0x08003f24   0x00000016   Code   RO         2862    i.USBD_CDC_RegisterInterface  usbd_cdc.o
    0x08003f3a   0x08003f3a   0x0000001a   Code   RO         2863    i.USBD_CDC_SetRxBuffer  usbd_cdc.o
    0x08003f54   0x08003f54   0x0000001e   Code   RO         2864    i.USBD_CDC_SetTxBuffer  usbd_cdc.o
    0x08003f72   0x08003f72   0x000000d4   Code   RO         2865    i.USBD_CDC_Setup    usbd_cdc.o
    0x08004046   0x08004046   0x00000002   PAD
    0x08004048   0x08004048   0x00000050   Code   RO         2866    i.USBD_CDC_TransmitPacket  usbd_cdc.o
    0x08004098   0x08004098   0x00000014   Code   RO         2555    i.USBD_ClrClassConfig  usbd_core.o
    0x080040ac   0x080040ac   0x00000004   Code   RO         2556    i.USBD_CoreFindEP   usbd_core.o
    0x080040b0   0x080040b0   0x00000004   Code   RO         2557    i.USBD_CoreFindIF   usbd_core.o
    0x080040b4   0x080040b4   0x00000010   Code   RO         2792    i.USBD_CtlContinueRx  usbd_ioreq.o
    0x080040c4   0x080040c4   0x00000010   Code   RO         2793    i.USBD_CtlContinueSendData  usbd_ioreq.o
    0x080040d4   0x080040d4   0x00000016   Code   RO         2715    i.USBD_CtlError     usbd_ctlreq.o
    0x080040ea   0x080040ea   0x0000001e   Code   RO         2794    i.USBD_CtlPrepareRx  usbd_ioreq.o
    0x08004108   0x08004108   0x00000016   Code   RO         2795    i.USBD_CtlReceiveStatus  usbd_ioreq.o
    0x0800411e   0x0800411e   0x0000001a   Code   RO         2796    i.USBD_CtlSendData  usbd_ioreq.o
    0x08004138   0x08004138   0x00000016   Code   RO         2797    i.USBD_CtlSendStatus  usbd_ioreq.o
    0x0800414e   0x0800414e   0x00000002   PAD
    0x08004150   0x08004150   0x00000020   Code   RO         2206    i.USBD_FS_ConfigStrDescriptor  usbd_desc.o
    0x08004170   0x08004170   0x0000000c   Code   RO         2207    i.USBD_FS_DeviceDescriptor  usbd_desc.o
    0x0800417c   0x0800417c   0x00000024   Code   RO         2208    i.USBD_FS_InterfaceStrDescriptor  usbd_desc.o
    0x080041a0   0x080041a0   0x0000000c   Code   RO         2209    i.USBD_FS_LangIDStrDescriptor  usbd_desc.o
    0x080041ac   0x080041ac   0x00000028   Code   RO         2210    i.USBD_FS_ManufacturerStrDescriptor  usbd_desc.o
    0x080041d4   0x080041d4   0x0000002c   Code   RO         2211    i.USBD_FS_ProductStrDescriptor  usbd_desc.o
    0x08004200   0x08004200   0x00000038   Code   RO         2212    i.USBD_FS_SerialStrDescriptor  usbd_desc.o
    0x08004238   0x08004238   0x000000e6   Code   RO         2716    i.USBD_GetDescriptor  usbd_ctlreq.o
    0x0800431e   0x0800431e   0x0000003a   Code   RO         2559    i.USBD_GetEpDesc    usbd_core.o
    0x08004358   0x08004358   0x00000014   Code   RO         2717    i.USBD_GetLen       usbd_ctlreq.o
    0x0800436c   0x0800436c   0x0000000e   Code   RO         2560    i.USBD_GetNextDesc  usbd_core.o
    0x0800437a   0x0800437a   0x0000004e   Code   RO         2718    i.USBD_GetString    usbd_ctlreq.o
    0x080043c8   0x080043c8   0x00000018   Code   RO         2361    i.USBD_Get_USB_Status  usbd_conf.o
    0x080043e0   0x080043e0   0x00000026   Code   RO         2561    i.USBD_Init         usbd_core.o
    0x08004406   0x08004406   0x00000012   Code   RO         2362    i.USBD_LL_ClearStallEP  usbd_conf.o
    0x08004418   0x08004418   0x00000012   Code   RO         2363    i.USBD_LL_CloseEP   usbd_conf.o
    0x0800442a   0x0800442a   0x000000b6   Code   RO         2562    i.USBD_LL_DataInStage  usbd_core.o
    0x080044e0   0x080044e0   0x0000008e   Code   RO         2563    i.USBD_LL_DataOutStage  usbd_core.o
    0x0800456e   0x0800456e   0x00000004   Code   RO         2564    i.USBD_LL_DevConnected  usbd_core.o
    0x08004572   0x08004572   0x0000001e   Code   RO         2565    i.USBD_LL_DevDisconnected  usbd_core.o
    0x08004590   0x08004590   0x00000008   Code   RO         2367    i.USBD_LL_GetRxDataSize  usbd_conf.o
    0x08004598   0x08004598   0x00000060   Code   RO         2368    i.USBD_LL_Init      usbd_conf.o
    0x080045f8   0x080045f8   0x0000001e   Code   RO         2369    i.USBD_LL_IsStallEP  usbd_conf.o
    0x08004616   0x08004616   0x00000028   Code   RO         2566    i.USBD_LL_IsoINIncomplete  usbd_core.o
    0x0800463e   0x0800463e   0x00000028   Code   RO         2567    i.USBD_LL_IsoOUTIncomplete  usbd_core.o
    0x08004666   0x08004666   0x00000018   Code   RO         2370    i.USBD_LL_OpenEP    usbd_conf.o
    0x0800467e   0x0800467e   0x00000012   Code   RO         2371    i.USBD_LL_PrepareReceive  usbd_conf.o
    0x08004690   0x08004690   0x0000005c   Code   RO         2568    i.USBD_LL_Reset     usbd_core.o
    0x080046ec   0x080046ec   0x00000014   Code   RO         2569    i.USBD_LL_Resume    usbd_core.o
    0x08004700   0x08004700   0x0000001a   Code   RO         2570    i.USBD_LL_SOF       usbd_core.o
    0x0800471a   0x0800471a   0x00000006   Code   RO         2571    i.USBD_LL_SetSpeed  usbd_core.o
    0x08004720   0x08004720   0x00000012   Code   RO         2372    i.USBD_LL_SetUSBAddress  usbd_conf.o
    0x08004732   0x08004732   0x00000060   Code   RO         2572    i.USBD_LL_SetupStage  usbd_core.o
    0x08004792   0x08004792   0x00000012   Code   RO         2373    i.USBD_LL_StallEP   usbd_conf.o
    0x080047a4   0x080047a4   0x00000012   Code   RO         2374    i.USBD_LL_Start     usbd_conf.o
    0x080047b6   0x080047b6   0x0000001a   Code   RO         2573    i.USBD_LL_Suspend   usbd_core.o
    0x080047d0   0x080047d0   0x00000012   Code   RO         2376    i.USBD_LL_Transmit  usbd_conf.o
    0x080047e2   0x080047e2   0x0000002c   Code   RO         2719    i.USBD_ParseSetupRequest  usbd_ctlreq.o
    0x0800480e   0x0800480e   0x0000003a   Code   RO         2574    i.USBD_RegisterClass  usbd_core.o
    0x08004848   0x08004848   0x00000014   Code   RO         2576    i.USBD_SetClassConfig  usbd_core.o
    0x0800485c   0x0800485c   0x000000b8   Code   RO         2720    i.USBD_SetConfig    usbd_ctlreq.o
    0x08004914   0x08004914   0x00000004   Code   RO         2577    i.USBD_Start        usbd_core.o
    0x08004918   0x08004918   0x0000012c   Code   RO         2721    i.USBD_StdDevReq    usbd_ctlreq.o
    0x08004a44   0x08004a44   0x00000160   Code   RO         2722    i.USBD_StdEPReq     usbd_ctlreq.o
    0x08004ba4   0x08004ba4   0x00000072   Code   RO         2723    i.USBD_StdItfReq    usbd_ctlreq.o
    0x08004c16   0x08004c16   0x00000002   Code   RO         2377    i.USBD_static_free  usbd_conf.o
    0x08004c18   0x08004c18   0x00000008   Code   RO         2378    i.USBD_static_malloc  usbd_conf.o
    0x08004c20   0x08004c20   0x00000080   Code   RO          646    i.USB_ActivateEndpoint  stm32f4xx_ll_usb.o
    0x08004ca0   0x08004ca0   0x0000001c   Code   RO          648    i.USB_ActivateSetup  stm32f4xx_ll_usb.o
    0x08004cbc   0x08004cbc   0x00000084   Code   RO          650    i.USB_CoreInit      stm32f4xx_ll_usb.o
    0x08004d40   0x08004d40   0x0000003c   Code   RO          651    i.USB_CoreReset     stm32f4xx_ll_usb.o
    0x08004d7c   0x08004d7c   0x000000cc   Code   RO          654    i.USB_DeactivateEndpoint  stm32f4xx_ll_usb.o
    0x08004e48   0x08004e48   0x0000001c   Code   RO          655    i.USB_DevConnect    stm32f4xx_ll_usb.o
    0x08004e64   0x08004e64   0x0000001c   Code   RO          656    i.USB_DevDisconnect  stm32f4xx_ll_usb.o
    0x08004e80   0x08004e80   0x0000017c   Code   RO          657    i.USB_DevInit       stm32f4xx_ll_usb.o
    0x08004ffc   0x08004ffc   0x0000000c   Code   RO          658    i.USB_DisableGlobalInt  stm32f4xx_ll_usb.o
    0x08005008   0x08005008   0x00000058   Code   RO          661    i.USB_EP0_OutStart  stm32f4xx_ll_usb.o
    0x08005060   0x08005060   0x00000058   Code   RO          662    i.USB_EPClearStall  stm32f4xx_ll_usb.o
    0x080050b8   0x080050b8   0x00000058   Code   RO          663    i.USB_EPSetStall    stm32f4xx_ll_usb.o
    0x08005110   0x08005110   0x00000238   Code   RO          664    i.USB_EPStartXfer   stm32f4xx_ll_usb.o
    0x08005348   0x08005348   0x0000009e   Code   RO          665    i.USB_EPStopXfer    stm32f4xx_ll_usb.o
    0x080053e6   0x080053e6   0x0000000c   Code   RO          666    i.USB_EnableGlobalInt  stm32f4xx_ll_usb.o
    0x080053f2   0x080053f2   0x00000038   Code   RO          667    i.USB_FlushRxFifo   stm32f4xx_ll_usb.o
    0x0800542a   0x0800542a   0x0000003c   Code   RO          668    i.USB_FlushTxFifo   stm32f4xx_ll_usb.o
    0x08005466   0x08005466   0x0000001a   Code   RO          670    i.USB_GetDevSpeed   stm32f4xx_ll_usb.o
    0x08005480   0x08005480   0x00000008   Code   RO          672    i.USB_GetMode       stm32f4xx_ll_usb.o
    0x08005488   0x08005488   0x00000058   Code   RO           20    i.USB_Init          main.o
    0x080054e0   0x080054e0   0x0000000e   Code   RO          680    i.USB_ReadDevAllInEpInterrupt  stm32f4xx_ll_usb.o
    0x080054ee   0x080054ee   0x0000000e   Code   RO          681    i.USB_ReadDevAllOutEpInterrupt  stm32f4xx_ll_usb.o
    0x080054fc   0x080054fc   0x00000024   Code   RO          682    i.USB_ReadDevInEPInterrupt  stm32f4xx_ll_usb.o
    0x08005520   0x08005520   0x00000010   Code   RO          683    i.USB_ReadDevOutEPInterrupt  stm32f4xx_ll_usb.o
    0x08005530   0x08005530   0x00000008   Code   RO          684    i.USB_ReadInterrupts  stm32f4xx_ll_usb.o
    0x08005538   0x08005538   0x0000003e   Code   RO          685    i.USB_ReadPacket    stm32f4xx_ll_usb.o
    0x08005576   0x08005576   0x0000005c   Code   RO          687    i.USB_SetCurrentMode  stm32f4xx_ll_usb.o
    0x080055d2   0x080055d2   0x00000022   Code   RO          688    i.USB_SetDevAddress  stm32f4xx_ll_usb.o
    0x080055f4   0x080055f4   0x000000e8   Code   RO          690    i.USB_SetTurnaroundTime  stm32f4xx_ll_usb.o
    0x080056dc   0x080056dc   0x00000028   Code   RO          693    i.USB_WritePacket   stm32f4xx_ll_usb.o
    0x08005704   0x08005704   0x000000b4   Code   RO           21    i.UpdatePoints      main.o
    0x080057b8   0x080057b8   0x00000002   Code   RO          268    i.UsageFault_Handler  stm32f4xx_it.o
    0x080057ba   0x080057ba   0x00000002   PAD
    0x080057bc   0x080057bc   0x00000058   Code   RO           22    i.WritePointsToFlash  main.o
    0x08005814   0x08005814   0x00000030   Code   RO         3133    i.__ARM_fpclassify  m_wm.l(fpclassify.o)
    0x08005844   0x08005844   0x00000020   Code   RO         1710    i.__NVIC_SetPriority  stm32f4xx_hal_cortex.o
    0x08005864   0x08005864   0x00000004   PAD
    0x08005868   0x08005868   0x000000f8   Code   RO         3228    i.__hardfp___mathlib_tofloat  m_wm.l(narrow.o)
    0x08005960   0x08005960   0x00000038   Code   RO         3021    i.__hardfp_atof     m_wm.l(atof.o)
    0x08005998   0x08005998   0x000000d0   Code   RO         3295    i.__hardfp_ldexp    m_wm.l(ldexp.o)
    0x08005a68   0x08005a68   0x00000020   Code   RO         3351    i.__mathlib_dbl_overflow  m_wm.l(dunder.o)
    0x08005a88   0x08005a88   0x00000020   Code   RO         3353    i.__mathlib_dbl_underflow  m_wm.l(dunder.o)
    0x08005aa8   0x08005aa8   0x00000012   Code   RO         3229    i.__mathlib_narrow  m_wm.l(narrow.o)
    0x08005aba   0x08005aba   0x00000014   Code   RO         3297    i.__support_ldexp   m_wm.l(ldexp.o)
    0x08005ace   0x08005ace   0x0000000e   Code   RO         2981    i._is_digit         c_w.l(__printf_wp.o)
    0x08005adc   0x08005adc   0x00000004   PAD
    0x08005ae0   0x08005ae0   0x0000008c   Code   RO         3263    i.frexp             m_wm.l(frexp.o)
    0x08005b6c   0x08005b6c   0x00000016   Code   RO           23    i.main              main.o
    0x08005b82   0x08005b82   0x00000002   PAD
    0x08005b84   0x08005b84   0x0000002c   Code   RO         3123    locale$$code        c_w.l(lc_numeric_c.o)
    0x08005bb0   0x08005bb0   0x0000002c   Code   RO         3208    locale$$code        c_w.l(lc_ctype_c.o)
    0x08005bdc   0x08005bdc   0x00000062   Code   RO         3011    x$fpl$d2f           fz_wm.l(d2f.o)
    0x08005c3e   0x08005c3e   0x00000002   PAD
    0x08005c40   0x08005c40   0x00000010   Code   RO         3368    x$fpl$dcheck1       fz_wm.l(dcheck1.o)
    0x08005c50   0x08005c50   0x00000018   Code   RO         3289    x$fpl$dcmpinf       fz_wm.l(dcmpi.o)
    0x08005c68   0x08005c68   0x00000078   Code   RO         3257    x$fpl$deqf          fz_wm.l(deqf.o)
    0x08005ce0   0x08005ce0   0x00000078   Code   RO         3291    x$fpl$dleqf         fz_wm.l(dleqf.o)
    0x08005d58   0x08005d58   0x00000154   Code   RO         3293    x$fpl$dmul          fz_wm.l(dmul.o)
    0x08005eac   0x08005eac   0x0000009c   Code   RO         3051    x$fpl$dnaninf       fz_wm.l(dnaninf.o)
    0x08005f48   0x08005f48   0x0000000c   Code   RO         3053    x$fpl$dretinf       fz_wm.l(dretinf.o)
    0x08005f54   0x08005f54   0x0000006c   Code   RO         3259    x$fpl$drleqf        fz_wm.l(drleqf.o)
    0x08005fc0   0x08005fc0   0x00000056   Code   RO         3013    x$fpl$f2d           fz_wm.l(f2d.o)
    0x08006016   0x08006016   0x0000008c   Code   RO         3055    x$fpl$fnaninf       fz_wm.l(fnaninf.o)
    0x080060a2   0x080060a2   0x0000000a   Code   RO         3220    x$fpl$fpinit        fz_wm.l(fpinit.o)
    0x080060ac   0x080060ac   0x0000000a   Code   RO         3057    x$fpl$fretinf       fz_wm.l(fretinf.o)
    0x080060b6   0x080060b6   0x00000006   Code   RO         3129    x$fpl$ieeestatus    fz_wm.l(istatus.o)
    0x080060bc   0x080060bc   0x0000005c   Code   RO         3015    x$fpl$llufromf      fz_wm.l(ffixull.o)
    0x08006118   0x08006118   0x00000004   Code   RO         3019    x$fpl$printf1       fz_wm.l(printf1.o)
    0x0800611c   0x0800611c   0x00000064   Code   RO         3374    x$fpl$retnan        fz_wm.l(retnan.o)
    0x08006180   0x08006180   0x0000005c   Code   RO         3345    x$fpl$scalbn        fz_wm.l(scalbn.o)
    0x080061dc   0x080061dc   0x00000004   Code   RO         3131    x$fpl$scanf1        fz_wm.l(scanf1.o)
    0x080061e0   0x080061e0   0x00000008   Code   RO         3222    x$fpl$scanf2        fz_wm.l(scanf2.o)
    0x080061e8   0x080061e8   0x00000030   Code   RO         3376    x$fpl$trapveneer    fz_wm.l(trapv.o)
    0x08006218   0x08006218   0x00000000   Code   RO         3059    x$fpl$usenofp       fz_wm.l(usenofp.o)
    0x08006218   0x08006218   0x00000010   Data   RO         2138    .constdata          system_stm32f4xx.o
    0x08006228   0x08006228   0x00000094   Data   RO         3098    .constdata          c_w.l(bigflt0.o)
    0x080062bc   0x080062bc   0x00000020   Data   RO         3378    Region$$Table       anon$$obj.o
    0x080062dc   0x080062dc   0x00000008   Data   RO         3216    c$$dinf             fz_wm.l(fpconst.o)
    0x080062e4   0x080062e4   0x00000008   Data   RO         3219    c$$dmax             fz_wm.l(fpconst.o)
    0x080062ec   0x080062ec   0x0000001c   Data   RO         3122    locale$$data        c_w.l(lc_numeric_c.o)
    0x08006308   0x08006308   0x00000110   Data   RO         3207    locale$$data        c_w.l(lc_ctype_c.o)


    Execution Region RW_IRAM1 (Exec base: 0x20000000, Load base: 0x08006418, Size: 0x00003d90, Max: 0x0001c000, ABSOLUTE)

    Exec Addr    Load Addr    Size         Type   Attr      Idx    E Section Name        Object

    0x20000000   0x08006418   0x0000000c   Data   RW         1869    .data               stm32f4xx_hal.o
    0x2000000c   0x08006424   0x00000004   Data   RW         2140    .data               system_stm32f4xx.o
    0x20000010   0x08006428   0x0000001c   Data   RW         2214    .data               usbd_desc.o
    0x2000002c   0x08006444   0x00000032   Data   RW         2215    .data               usbd_desc.o
    0x2000005e   0x08006476   0x00000002   PAD
    0x20000060   0x08006478   0x00000014   Data   RW         2298    .data               usbd_cdc_if.o
    0x20000074   0x0800648c   0x00000001   Data   RW         2724    .data               usbd_ctlreq.o
    0x20000075   0x0800648d   0x00000003   PAD
    0x20000078   0x08006490   0x00000053   Data   RW         2867    .data               usbd_cdc.o
    0x200000cb   0x080064e3   0x00000001   PAD
    0x200000cc   0x080064e4   0x00000038   Data   RW         2868    .data               usbd_cdc.o
    0x20000104   0x0800651c   0x00000004   Data   RW         2995    .data               c_w.l(strtok.o)
    0x20000108        -       0x00000028   Zero   RW           24    .bss                main.o
    0x20000130        -       0x00000020   Zero   RW         1123    .bss                stm32f4xx_hal_flash.o
    0x20000150        -       0x000002dc   Zero   RW         2175    .bss                usb_device.o
    0x2000042c        -       0x00000200   Zero   RW         2213    .bss                usbd_desc.o
    0x2000062c        -       0x00001000   Zero   RW         2297    .bss                usbd_cdc_if.o
    0x2000162c        -       0x00000704   Zero   RW         2379    .bss                usbd_conf.o
    0x20001d30        -       0x00000060   Zero   RW         3136    .bss                c_w.l(libspace.o)
    0x20001d90        -       0x00001000   Zero   RW            2    HEAP                startup_stm32f405xx.o
    0x20002d90        -       0x00001000   Zero   RW            1    STACK               startup_stm32f405xx.o


    Execution Region RW_IRAM2 (Exec base: 0x2001c000, Load base: 0x08006520, Size: 0x00000000, Max: 0x00004000, ABSOLUTE)

    **** No section assigned to this execution region ****


==============================================================================

Image component sizes


      Code (inc. data)   RO Data    RW Data    ZI Data      Debug   Object Name

       112         10          0          0          0        939   gpio.o
       882        234          0          0         40     611939   main.o
        64         26        392          0       8192        852   startup_stm32f405xx.o
       180         28          0         12          0       9485   stm32f4xx_hal.o
       198         14          0          0          0      33871   stm32f4xx_hal_cortex.o
       520         66          0          0         32       6698   stm32f4xx_hal_flash.o
       506         46          0          0          0       2216   stm32f4xx_hal_gpio.o
        48          6          0          0          0        874   stm32f4xx_hal_msp.o
      2576         12          0          0          0      13696   stm32f4xx_hal_pcd.o
        78          0          0          0          0       2441   stm32f4xx_hal_pcd_ex.o
      1292         54          0          0          0       4574   stm32f4xx_hal_rcc.o
        32          6          0          0          0       4726   stm32f4xx_it.o
      2700        116          0          0          0      23536   stm32f4xx_ll_usb.o
        16          4         16          4          0       1151   system_stm32f4xx.o
        84         18          0          0        732        828   usb_device.o
      1278         36          0        139          0      14553   usbd_cdc.o
       152         24          0         20       4096       4124   usbd_cdc_if.o
       642         24          0          0       1796      17072   usbd_conf.o
       924          0          0          0          0      15659   usbd_core.o
      1354         28          0          1          0      15420   usbd_ctlreq.o
       288        104          0         78        512       6273   usbd_desc.o
       132          0          0          0          0       4592   usbd_ioreq.o

    ----------------------------------------------------------------------
     14088        856        440        260      15400     795519   Object Totals
         0          0         32          0          0          0   (incl. Generated)
        30          0          0          6          0          0   (incl. Padding)

    ----------------------------------------------------------------------

      Code (inc. data)   RO Data    RW Data    ZI Data      Debug   Library Member Name

        56          6          0          0          0         88   __2snprintf.o
        44          6          0          0          0         84   __2sprintf.o
         8          0          0          0          0         68   __main.o
       104          0          0          0          0         84   __printf.o
        14          0          0          0          0         68   __printf_wp.o
         0          0          0          0          0          0   __rtentry.o
        12          0          0          0          0          0   __rtentry2.o
         6          0          0          0          0          0   __rtentry4.o
        52          8          0          0          0          0   __scatter.o
        26          0          0          0          0          0   __scatter_copy.o
        28          0          0          0          0          0   __scatter_zi.o
        28          0          0          0          0         68   _chval.o
        44          0          0          0          0        108   _printf_char.o
        48          6          0          0          0         96   _printf_char_common.o
         6          0          0          0          0          0   _printf_f.o
      1054          0          0          0          0        216   _printf_fp_dec.o
       128         16          0          0          0         84   _printf_fp_infnan.o
         0          0          0          0          0          0   _printf_percent.o
         4          0          0          0          0          0   _printf_percent_end.o
         6          0          0          0          0          0   _printf_s.o
        82          0          0          0          0         80   _printf_str.o
        22          0          0          0          0        100   _rserrno.o
        64          0          0          0          0         84   _sgetc.o
        16          0          0          0          0         68   _snputc.o
        10          0          0          0          0         68   _sputc.o
       228          4        148          0          0         96   bigflt0.o
      2152        136          0          0          0        960   btod.o
        18          0          0          0          0         80   exit.o
         6          0          0          0          0        152   heapauxi.o
         0          0          0          0          0          0   indicate_semi.o
        18          0          0          0          0         76   isspace.o
        44         10        272          0          0         76   lc_ctype_c.o
        44         10         28          0          0         76   lc_numeric_c.o
         2          0          0          0          0          0   libinit.o
        34          0          0          0          0          0   libinit2.o
         2          0          0          0          0          0   libshutdown.o
         2          0          0          0          0          0   libshutdown2.o
         8          4          0          0         96         68   libspace.o
        38          0          0          0          0         68   llshl.o
       138          0          0          0          0         80   lludiv10.o
       238          0          0          0          0        100   lludivv7m.o
        16          4          0          0          0         76   rt_ctype_table.o
         8          4          0          0          0         68   rt_errno_addr_intlibspace.o
         8          4          0          0          0         68   rt_locale_intlibspace.o
        78          0          0          0          0         80   rt_memclr_w.o
       138          0          0          0          0         68   rt_memcpy_v6.o
       100          0          0          0          0         80   rt_memcpy_w.o
         2          0          0          0          0          0   rtexit.o
        10          0          0          0          0          0   rtexit2.o
      1272         16          0          0          0        168   scanf_fp.o
       800         14          0          0          0        100   scanf_hexfp.o
       308         16          0          0          0        100   scanf_infnan.o
        24          0          0          0          0         68   strcat.o
       128          0          0          0          0         68   strcmpv7m.o
        32          0          0          0          0         80   strcspn.o
        62          0          0          0          0         76   strlen.o
        28          0          0          0          0         80   strspn.o
        36          0          0          0          0         80   strstr.o
       164         14          0          0          0        120   strtod.o
        12          6          0          4          0         68   strtok.o
        68          4          0          0          0         84   strtok_int.o
        12          4          0          0          0         68   sys_exit.o
        74          0          0          0          0         80   sys_stackheap_outer.o
         2          0          0          0          0         68   use_no_semi.o
        98          4          0          0          0        140   d2f.o
        16          4          0          0          0        116   dcheck1.o
        24          0          0          0          0        116   dcmpi.o
       120          4          0          0          0        140   deqf.o
       120          4          0          0          0        140   dleqf.o
       340         12          0          0          0        152   dmul.o
       156          4          0          0          0        140   dnaninf.o
        12          0          0          0          0        116   dretinf.o
       108          0          0          0          0        128   drleqf.o
        86          4          0          0          0        132   f2d.o
        92          4          0          0          0        132   ffixull.o
       140          4          0          0          0        132   fnaninf.o
         0          0         16          0          0          0   fpconst.o
        10          0          0          0          0        116   fpinit.o
        10          0          0          0          0        116   fretinf.o
         6          0          0          0          0        116   istatus.o
         4          0          0          0          0        116   printf1.o
       100          0          0          0          0        116   retnan.o
        92          0          0          0          0        116   scalbn.o
         4          0          0          0          0        116   scanf1.o
         8          0          0          0          0        132   scanf2.o
        48          0          0          0          0        116   trapv.o
         0          0          0          0          0          0   usenofp.o
        56         12          0          0          0        132   atof.o
        64         16          0          0          0        248   dunder.o
        48          0          0          0          0        124   fpclassify.o
       140         22          0          0          0        132   frexp.o
       228          8          0          0          0        308   ldexp.o
       266         16          0          0          0        308   narrow.o

    ----------------------------------------------------------------------
     10632        410        464          4         96       8840   Library Totals
        20          0          0          0          0          0   (incl. Padding)

    ----------------------------------------------------------------------

      Code (inc. data)   RO Data    RW Data    ZI Data      Debug   Library Name

      8216        292        448          4         96       4944   c_w.l
      1594         44         16          0          0       2644   fz_wm.l
       802         74          0          0          0       1252   m_wm.l

    ----------------------------------------------------------------------
     10632        410        464          4         96       8840   Library Totals

    ----------------------------------------------------------------------

==============================================================================


      Code (inc. data)   RO Data    RW Data    ZI Data      Debug   

     24720       1266        904        264      15496     780851   Grand Totals
     24720       1266        904        264      15496     780851   ELF Image Totals
     24720       1266        904        264          0          0   ROM Totals

==============================================================================

    Total RO  Size (Code + RO Data)                25624 (  25.02kB)
    Total RW  Size (RW Data + ZI Data)             15760 (  15.39kB)
    Total ROM Size (Code + RO Data + RW Data)      25888 (  25.28kB)

==============================================================================

