Component: ARM Compiler 5.06 update 7 (build 960) Tool: armlink [4d3601]

==============================================================================

Section Cross References

    startup_stm32f405xx.o(STACK) refers (Special) to heapauxi.o(.text) for __use_two_region_memory
    startup_stm32f405xx.o(HEAP) refers (Special) to heapauxi.o(.text) for __use_two_region_memory
    startup_stm32f405xx.o(RESET) refers (Special) to heapauxi.o(.text) for __use_two_region_memory
    startup_stm32f405xx.o(RESET) refers to startup_stm32f405xx.o(STACK) for __initial_sp
    startup_stm32f405xx.o(RESET) refers to startup_stm32f405xx.o(.text) for Reset_Handler
    startup_stm32f405xx.o(RESET) refers to stm32f4xx_it.o(i.NMI_Handler) for NMI_Handler
    startup_stm32f405xx.o(RESET) refers to stm32f4xx_it.o(i.HardFault_Handler) for HardFault_Handler
    startup_stm32f405xx.o(RESET) refers to stm32f4xx_it.o(i.MemManage_Handler) for MemManage_Handler
    startup_stm32f405xx.o(RESET) refers to stm32f4xx_it.o(i.BusFault_Handler) for BusFault_Handler
    startup_stm32f405xx.o(RESET) refers to stm32f4xx_it.o(i.UsageFault_Handler) for UsageFault_Handler
    startup_stm32f405xx.o(RESET) refers to stm32f4xx_it.o(i.SVC_Handler) for SVC_Handler
    startup_stm32f405xx.o(RESET) refers to stm32f4xx_it.o(i.DebugMon_Handler) for DebugMon_Handler
    startup_stm32f405xx.o(RESET) refers to stm32f4xx_it.o(i.PendSV_Handler) for PendSV_Handler
    startup_stm32f405xx.o(RESET) refers to stm32f4xx_it.o(i.SysTick_Handler) for SysTick_Handler
    startup_stm32f405xx.o(RESET) refers to stm32f4xx_it.o(i.OTG_HS_IRQHandler) for OTG_HS_IRQHandler
    startup_stm32f405xx.o(.text) refers (Special) to heapauxi.o(.text) for __use_two_region_memory
    startup_stm32f405xx.o(.text) refers to system_stm32f4xx.o(i.SystemInit) for SystemInit
    startup_stm32f405xx.o(.text) refers to __main.o(!!!main) for __main
    startup_stm32f405xx.o(.text) refers to startup_stm32f405xx.o(HEAP) for Heap_Mem
    startup_stm32f405xx.o(.text) refers to startup_stm32f405xx.o(STACK) for Stack_Mem
    main.o(i.EraseFlash) refers to _printf_percent.o(.ARM.Collect$$_printf_percent$$00000000) for _printf_percent
    main.o(i.EraseFlash) refers to _printf_u.o(.ARM.Collect$$_printf_percent$$0000000A) for _printf_u
    main.o(i.EraseFlash) refers to _printf_dec.o(.text) for _printf_int_dec
    main.o(i.EraseFlash) refers to stm32f4xx_hal_flash.o(i.HAL_FLASH_Unlock) for HAL_FLASH_Unlock
    main.o(i.EraseFlash) refers to main.o(i.GetSector) for GetSector
    main.o(i.EraseFlash) refers to stm32f4xx_hal_flash_ex.o(i.HAL_FLASHEx_Erase) for HAL_FLASHEx_Erase
    main.o(i.EraseFlash) refers to __2snprintf.o(.text) for __2snprintf
    main.o(i.EraseFlash) refers to stm32f4xx_hal_flash.o(i.HAL_FLASH_GetError) for HAL_FLASH_GetError
    main.o(i.EraseFlash) refers to main.o(i.ReportError) for ReportError
    main.o(i.EraseFlash) refers to stm32f4xx_hal_flash.o(i.HAL_FLASH_Lock) for HAL_FLASH_Lock
    main.o(i.ProcessReceivedData) refers to strstr.o(.text) for strstr
    main.o(i.ProcessReceivedData) refers to main.o(i.SendPoints) for SendPoints
    main.o(i.ProcessReceivedData) refers to main.o(i.UpdatePoints) for UpdatePoints
    main.o(i.ProcessReceivedData) refers to main.o(i.SendResponse) for SendResponse
    main.o(i.ReportError) refers to strncpy.o(.text) for strncpy
    main.o(i.ReportError) refers to main.o(i.SendError) for SendError
    main.o(i.SendError) refers to _printf_percent.o(.ARM.Collect$$_printf_percent$$00000000) for _printf_percent
    main.o(i.SendError) refers to _printf_d.o(.ARM.Collect$$_printf_percent$$00000009) for _printf_d
    main.o(i.SendError) refers to _printf_s.o(.ARM.Collect$$_printf_percent$$00000014) for _printf_s
    main.o(i.SendError) refers to _printf_dec.o(.text) for _printf_int_dec
    main.o(i.SendError) refers to _printf_str.o(.text) for _printf_str
    main.o(i.SendError) refers to __2snprintf.o(.text) for __2snprintf
    main.o(i.SendError) refers to usbd_cdc_if.o(i.CDC_Transmit_HS) for CDC_Transmit_HS
    main.o(i.SendPoints) refers to _printf_percent.o(.ARM.Collect$$_printf_percent$$00000000) for _printf_percent
    main.o(i.SendPoints) refers to _printf_f.o(.ARM.Collect$$_printf_percent$$00000003) for _printf_f
    main.o(i.SendPoints) refers to printf1.o(x$fpl$printf1) for _printf_fp_dec
    main.o(i.SendPoints) refers to main.o(i.ReadPointsFromFlash) for ReadPointsFromFlash
    main.o(i.SendPoints) refers to __2snprintf.o(.text) for __2snprintf
    main.o(i.SendPoints) refers to f2d.o(x$fpl$f2d) for __aeabi_f2d
    main.o(i.SendPoints) refers to main.o(i.SendResponse) for SendResponse
    main.o(i.SendPoints) refers to main.o(.bss) for .bss
    main.o(i.SendResponse) refers to _printf_percent.o(.ARM.Collect$$_printf_percent$$00000000) for _printf_percent
    main.o(i.SendResponse) refers to _printf_s.o(.ARM.Collect$$_printf_percent$$00000014) for _printf_s
    main.o(i.SendResponse) refers to _printf_str.o(.text) for _printf_str
[...]
    CAN2_TX_IRQHandler                       0x0800027b   Thumb Code     0  startup_stm32f405xx.o(.text)
    DMA1_Stream0_IRQHandler                  0x0800027b   Thumb Code     0  startup_stm32f405xx.o(.text)
    DMA1_Stream1_IRQHandler                  0x0800027b   Thumb Code     0  startup_stm32f405xx.o(.text)
    DMA1_Stream2_IRQHandler                  0x0800027b   Thumb Code     0  startup_stm32f405xx.o(.text)
    DMA1_Stream3_IRQHandler                  0x0800027b   Thumb Code     0  startup_stm32f405xx.o(.text)
    DMA1_Stream4_IRQHandler                  0x0800027b   Thumb Code     0  startup_stm32f405xx.o(.text)
    DMA1_Stream5_IRQHandler                  0x0800027b   Thumb Code     0  startup_stm32f405xx.o(.text)
    DMA1_Stream6_IRQHandler                  0x0800027b   Thumb Code     0  startup_stm32f405xx.o(.text)
    DMA1_Stream7_IRQHandler                  0x0800027b   Thumb Code     0  startup_stm32f405xx.o(.text)
    DMA2_Stream0_IRQHandler                  0x0800027b   Thumb Code     0  startup_stm32f405xx.o(.text)
    DMA2_Stream1_IRQHandler                  0x0800027b   Thumb Code     0  startup_stm32f405xx.o(.text)
    DMA2_Stream2_IRQHandler                  0x0800027b   Thumb Code     0  startup_stm32f405xx.o(.text)
    DMA2_Stream3_IRQHandler                  0x0800027b   Thumb Code     0  startup_stm32f405xx.o(.text)
    DMA2_Stream4_IRQHandler                  0x0800027b   Thumb Code     0  startup_stm32f405xx.o(.text)
    DMA2_Stream5_IRQHandler                  0x0800027b   Thumb Code     0  startup_stm32f405xx.o(.text)
    DMA2_Stream6_IRQHandler                  0x0800027b   Thumb Code     0  startup_stm32f405xx.o(.text)
    DMA2_Stream7_IRQHandler                  0x0800027b   Thumb Code     0  startup_stm32f405xx.o(.text)
    EXTI0_IRQHandler                         0x0800027b   Thumb Code     0  startup_stm32f405xx.o(.text)
    EXTI15_10_IRQHandler                     0x0800027b   Thumb Code     0  startup_stm32f405xx.o(.text)
    EXTI1_IRQHandler                         0x0800027b   Thumb Code     0  startup_stm32f405xx.o(.text)
    EXTI2_IRQHandler                         0x0800027b   Thumb Code     0  startup_stm32f405xx.o(.text)
    EXTI3_IRQHandler                         0x0800027b   Thumb Code     0  startup_stm32f405xx.o(.text)
    EXTI4_IRQHandler                         0x0800027b   Thumb Code     0  startup_stm32f405xx.o(.text)
    EXTI9_5_IRQHandler                       0x0800027b   Thumb Code     0  startup_stm32f405xx.o(.text)
    FLASH_IRQHandler                         0x0800027b   Thumb Code     0  startup_stm32f405xx.o(.text)
    FMC_IRQHandler                           0x0800027b   Thumb Code     0  startup_stm32f405xx.o(.text)
    FPU_IRQHandler                           0x0800027b   Thumb Code     0  startup_stm32f405xx.o(.text)
    HASH_RNG_IRQHandler                      0x0800027b   Thumb Code     0  startup_stm32f405xx.o(.text)
    I2C1_ER_IRQHandler                       0x0800027b   Thumb Code     0  startup_stm32f405xx.o(.text)
    I2C1_EV_IRQHandler                       0x0800027b   Thumb Code     0  startup_stm32f405xx.o(.text)
    I2C2_ER_IRQHandler                       0x0800027b   Thumb Code     0  startup_stm32f405xx.o(.text)
    I2C2_EV_IRQHandler                       0x0800027b   Thumb Code     0  startup_stm32f405xx.o(.text)
    I2C3_ER_IRQHandler                       0x0800027b   Thumb Code     0  startup_stm32f405xx.o(.text)
    I2C3_EV_IRQHandler                       0x0800027b   Thumb Code     0  startup_stm32f405xx.o(.text)
    OTG_FS_IRQHandler                        0x0800027b   Thumb Code     0  startup_stm32f405xx.o(.text)
    OTG_FS_WKUP_IRQHandler                   0x0800027b   Thumb Code     0  startup_stm32f405xx.o(.text)
    OTG_HS_EP1_IN_IRQHandler                 0x0800027b   Thumb Code     0  startup_stm32f405xx.o(.text)
    OTG_HS_EP1_OUT_IRQHandler                0x0800027b   Thumb Code     0  startup_stm32f405xx.o(.text)
    OTG_HS_WKUP_IRQHandler                   0x0800027b   Thumb Code     0  startup_stm32f405xx.o(.text)
    PVD_IRQHandler                           0x0800027b   Thumb Code     0  startup_stm32f405xx.o(.text)
    RCC_IRQHandler                           0x0800027b   Thumb Code     0  startup_stm32f405xx.o(.text)
    RTC_Alarm_IRQHandler                     0x0800027b   Thumb Code     0  startup_stm32f405xx.o(.text)
    RTC_WKUP_IRQHandler                      0x0800027b   Thumb Code     0  startup_stm32f405xx.o(.text)
    SDIO_IRQHandler                          0x0800027b   Thumb Code     0  startup_stm32f405xx.o(.text)
    SPI1_IRQHandler                          0x0800027b   Thumb Code     0  startup_stm32f405xx.o(.text)
    SPI2_IRQHandler                          0x0800027b   Thumb Code     0  startup_stm32f405xx.o(.text)
    SPI3_IRQHandler                          0x0800027b   Thumb Code     0  startup_stm32f405xx.o(.text)
    TAMP_STAMP_IRQHandler                    0x0800027b   Thumb Code     0  startup_stm32f405xx.o(.text)
    TIM1_BRK_TIM9_IRQHandler                 0x0800027b   Thumb Code     0  startup_stm32f405xx.o(.text)
    TIM1_CC_IRQHandler                       0x0800027b   Thumb Code     0  startup_stm32f405xx.o(.text)
    TIM1_TRG_COM_TIM11_IRQHandler            0x0800027b   Thumb Code     0  startup_stm32f405xx.o(.text)
    TIM1_UP_TIM10_IRQHandler                 0x0800027b   Thumb Code     0  startup_stm32f405xx.o(.text)
    TIM2_IRQHandler                          0x0800027b   Thumb Code     0  startup_stm32f405xx.o(.text)
    TIM3_IRQHandler                          0x0800027b   Thumb Code     0  startup_stm32f405xx.o(.text)
    TIM4_IRQHandler                          0x0800027b   Thumb Code     0  startup_stm32f405xx.o(.text)
    TIM5_IRQHandler                          0x0800027b   Thumb Code     0  startup_stm32f405xx.o(.text)
    TIM6_DAC_IRQHandler                      0x0800027b   Thumb Code     0  startup_stm32f405xx.o(.text)
    TIM7_IRQHandler                          0x0800027b   Thumb Code     0  startup_stm32f405xx.o(.text)
    TIM8_BRK_TIM12_IRQHandler                0x0800027b   Thumb Code     0  startup_stm32f405xx.o(.text)
    TIM8_CC_IRQHandler                       0x0800027b   Thumb Code     0  startup_stm32f405xx.o(.text)
    TIM8_TRG_COM_TIM14_IRQHandler            0x0800027b   Thumb Code     0  startup_stm32f405xx.o(.text)
    TIM8_UP_TIM13_IRQHandler                 0x0800027b   Thumb Code     0  startup_stm32f405xx.o(.text)
    UART4_IRQHandler                         0x0800027b   Thumb Code     0  startup_stm32f405xx.o(.text)
    UART5_IRQHandler                         0x0800027b   Thumb Code     0  startup_stm32f405xx.o(.text)
    USART1_IRQHandler                        0x0800027b   Thumb Code     0  startup_stm32f405xx.o(.text)
    USART2_IRQHandler                        0x0800027b   Thumb Code     0  startup_stm32f405xx.o(.text)
    USART3_IRQHandler                        0x0800027b   Thumb Code     0  startup_stm32f405xx.o(.text)
    USART6_IRQHandler                        0x0800027b   Thumb Code     0  startup_stm32f405xx.o(.text)
    WWDG_IRQHandler                          0x0800027b   Thumb Code     0  startup_stm32f405xx.o(.text)
    __user_initial_stackheap                 0x0800027d   Thumb Code     0  startup_stm32f405xx.o(.text)
    __aeabi_uldivmod                         0x080002a1   Thumb Code     0  lludivv7m.o(.text)
    _ll_udiv                                 0x080002a1   Thumb Code   238  lludivv7m.o(.text)
    __2snprintf                              0x08000391   Thumb Code    50  __2snprintf.o(.text)
    _printf_str                              0x080003c9   Thumb Code    82  _printf_str.o(.text)
    _printf_int_dec                          0x0800041d   Thumb Code   104  _printf_dec.o(.text)
    __printf                                 0x08000495   Thumb Code   184  __printf_ss.o(.text)
    strtok                                   0x0800054d   Thumb Code     6  strtok.o(.text)
    strstr                                   0x08000559   Thumb Code    36  strstr.o(.text)
    __aeabi_memcpy                           0x0800057d   Thumb Code     0  rt_memcpy_v6.o(.text)
    __rt_memcpy                              0x0800057d   Thumb Code   138  rt_memcpy_v6.o(.text)
    _memcpy_lastbytes                        0x080005e3   Thumb Code     0  rt_memcpy_v6.o(.text)
    __aeabi_memclr4                          0x08000607   Thumb Code     0  rt_memclr_w.o(.text)
    __aeabi_memclr8                          0x08000607   Thumb Code     0  rt_memclr_w.o(.text)
    __rt_memclr_w                            0x08000607   Thumb Code    78  rt_memclr_w.o(.text)
    _memset_w                                0x0800060b   Thumb Code     0  rt_memclr_w.o(.text)
    strncpy                                  0x08000655   Thumb Code    86  strncpy.o(.text)
    __use_two_region_memory                  0x080006ab   Thumb Code     2  heapauxi.o(.text)
    __rt_heap_escrow$2region                 0x080006ad   Thumb Code     2  heapauxi.o(.text)
    __rt_heap_expand$2region                 0x080006af   Thumb Code     2  heapauxi.o(.text)
    __read_errno                             0x080006b1   Thumb Code    10  _rserrno.o(.text)
    __set_errno                              0x080006bb   Thumb Code    12  _rserrno.o(.text)
    _printf_int_common                       0x080006c7   Thumb Code   178  _printf_intcommon.o(.text)
    __lib_sel_fp_printf                      0x08000779   Thumb Code     2  _printf_fp_dec.o(.text)
    _printf_fp_dec_real                      0x0800092b   Thumb Code   620  _printf_fp_dec.o(.text)
    _printf_char_common                      0x08000ba3   Thumb Code    32  _printf_char_common.o(.text)
    _sputc                                   0x08000bc9   Thumb Code    10  _sputc.o(.text)
    _snputc                                  0x08000bd3   Thumb Code    16  _snputc.o(.text)
    _printf_cs_common                        0x08000be3   Thumb Code    20  _printf_char.o(.text)
    _printf_char                             0x08000bf7   Thumb Code    16  _printf_char.o(.text)
    _printf_string                           0x08000c07   Thumb Code     8  _printf_char.o(.text)
    __strtod_int                             0x08000c4d   Thumb Code    90  strtod.o(.text)
    __strtok_internal                        0x08000cb5   Thumb Code    64  strtok_int.o(.text)
    __aeabi_memcpy4                          0x08000cf9   Thumb Code     0  rt_memcpy_w.o(.text)
    __aeabi_memcpy8                          0x08000cf9   Thumb Code     0  rt_memcpy_w.o(.text)
    __rt_memcpy_w                            0x08000cf9   Thumb Code   100  rt_memcpy_w.o(.text)
    _memcpy_lastbytes_aligned                0x08000d41   Thumb Code     0  rt_memcpy_w.o(.text)
    __aeabi_memclr                           0x08000d5d   Thumb Code     0  rt_memclr.o(.text)
    __rt_memclr                              0x08000d5d   Thumb Code    68  rt_memclr.o(.text)
    _memset                                  0x08000d61   Thumb Code     0  rt_memclr.o(.text)
    __rt_locale                              0x08000da1   Thumb Code     8  rt_locale_intlibspace.o(.text)
    __aeabi_errno_addr                       0x08000da9   Thumb Code     8  rt_errno_addr_intlibspace.o(.text)
    __errno$intlibspace                      0x08000da9   Thumb Code     0  rt_errno_addr_intlibspace.o(.text)
    __rt_errno_addr$intlibspace              0x08000da9   Thumb Code     0  rt_errno_addr_intlibspace.o(.text)
    _ll_udiv10                               0x08000db1   Thumb Code   138  lludiv10.o(.text)
    isspace                                  0x08000e3b   Thumb Code    18  isspace.o(.text)
    _printf_fp_infnan                        0x08000e4d   Thumb Code   112  _printf_fp_infnan.o(.text)
    _sgetc                                   0x08000ecd   Thumb Code    30  _sgetc.o(.text)
    _sbackspace                              0x08000eeb   Thumb Code    34  _sgetc.o(.text)
    _btod_etento                             0x08000f0d   Thumb Code   224  bigflt0.o(.text)
    strcspn                                  0x08000ff1   Thumb Code    32  strcspn.o(.text)
    strspn                                   0x08001011   Thumb Code    28  strspn.o(.text)
    __user_libspace                          0x0800102d   Thumb Code     8  libspace.o(.text)
    __user_perproc_libspace                  0x0800102d   Thumb Code     0  libspace.o(.text)
    __user_perthread_libspace                0x0800102d   Thumb Code     0  libspace.o(.text)
    __user_setup_stackheap                   0x08001035   Thumb Code    74  sys_stackheap_outer.o(.text)
    __rt_ctype_table                         0x08001081   Thumb Code    16  rt_ctype_table.o(.text)
    _scanf_really_real                       0x080012dd   Thumb Code   684  scanf_fp.o(.text)
    exit                                     0x08001589   Thumb Code    18  exit.o(.text)
    strcmp                                   0x0800159d   Thumb Code   128  strcmpv7m.o(.text)
    _sys_exit                                0x0800161d   Thumb Code     8  sys_exit.o(.text)
    _scanf_really_hex_real                   0x08001629   Thumb Code   786  scanf_hexfp.o(.text)
    _scanf_really_infnan                     0x08001949   Thumb Code   292  scanf_infnan.o(.text)
    __I$use$semihosting                      0x08001a7d   Thumb Code     0  use_no_semi.o(.text)
    __use_no_semihosting_swi                 0x08001a7d   Thumb Code     2  use_no_semi.o(.text)
    __aeabi_llsl                             0x08001a7f   Thumb Code     0  llshl.o(.text)
    __semihosting_library_function           0x08001a7f   Thumb Code     0  indicate_semi.o(.text)
    _ll_shift_l                              0x08001a7f   Thumb Code    38  llshl.o(.text)
    _chval                                   0x08001aa5   Thumb Code    28  _chval.o(.text)
    _btod_d2e                                0x08001ac1   Thumb Code    62  btod.o(CL$$btod_d2e)
    _d2e_denorm_low                          0x08001aff   Thumb Code    70  btod.o(CL$$btod_d2e_denorm_low)
    _d2e_norm_op1                            0x08001b45   Thumb Code    96  btod.o(CL$$btod_d2e_norm_op1)
    __btod_div_common                        0x08001ba5   Thumb Code   696  btod.o(CL$$btod_div_common)
    _e2d                                     0x08001edd   Thumb Code   122  btod.o(CL$$btod_e2d)
    _e2e                                     0x08001f61   Thumb Code   220  btod.o(CL$$btod_e2e)
    _btod_ediv                               0x0800203d   Thumb Code    42  btod.o(CL$$btod_ediv)
    _btod_edivd                              0x08002067   Thumb Code    42  btod.o(CL$$btod_edivd)
    _btod_emul                               0x08002091   Thumb Code    42  btod.o(CL$$btod_emul)
    _btod_emuld                              0x080020bb   Thumb Code    42  btod.o(CL$$btod_emuld)
    __btod_mult_common                       0x080020e5   Thumb Code   580  btod.o(CL$$btod_mult_common)
    BusFault_Handler                         0x08002329   Thumb Code     2  stm32f4xx_it.o(i.BusFault_Handler)
    CDC_Transmit_HS                          0x08002399   Thumb Code    38  usbd_cdc_if.o(i.CDC_Transmit_HS)
    DebugMon_Handler                         0x080023c5   Thumb Code     2  stm32f4xx_it.o(i.DebugMon_Handler)
    EraseFlash                               0x080023c9   Thumb Code   104  main.o(i.EraseFlash)
    Error_Handler                            0x08002449   Thumb Code     4  main.o(i.Error_Handler)
    FLASH_Erase_Sector                       0x0800244d   Thumb Code    74  stm32f4xx_hal_flash_ex.o(i.FLASH_Erase_Sector)
    FLASH_FlushCaches                        0x0800249d   Thumb Code    80  stm32f4xx_hal_flash_ex.o(i.FLASH_FlushCaches)
    FLASH_WaitForLastOperation               0x08002615   Thumb Code    72  stm32f4xx_hal_flash.o(i.FLASH_WaitForLastOperation)
    GetSector                                0x08002665   Thumb Code   114  main.o(i.GetSector)
    HAL_Delay                                0x08002705   Thumb Code    32  stm32f4xx_hal.o(i.HAL_Delay)
    HAL_FLASHEx_Erase                        0x08002729   Thumb Code   144  stm32f4xx_hal_flash_ex.o(i.HAL_FLASHEx_Erase)
    HAL_FLASH_GetError                       0x080027c1   Thumb Code     6  stm32f4xx_hal_flash.o(i.HAL_FLASH_GetError)
    HAL_FLASH_Lock                           0x080027cd   Thumb Code    14  stm32f4xx_hal_flash.o(i.HAL_FLASH_Lock)
    HAL_FLASH_Program                        0x080027e1   Thumb Code   116  stm32f4xx_hal_flash.o(i.HAL_FLASH_Program)
    HAL_FLASH_Unlock                         0x0800285d   Thumb Code    32  stm32f4xx_hal_flash.o(i.HAL_FLASH_Unlock)
    HAL_GPIO_Init                            0x08002889   Thumb Code   450  stm32f4xx_hal_gpio.o(i.HAL_GPIO_Init)
    HAL_GPIO_WritePin                        0x08002a79   Thumb Code    10  stm32f4xx_hal_gpio.o(i.HAL_GPIO_WritePin)
    HAL_GetTick                              0x08002a85   Thumb Code     6  stm32f4xx_hal.o(i.HAL_GetTick)
    HAL_IncTick                              0x08002a91   Thumb Code    12  stm32f4xx_hal.o(i.HAL_IncTick)
    HAL_Init                                 0x08002aa1   Thumb Code    48  stm32f4xx_hal.o(i.HAL_Init)
    HAL_InitTick                             0x08002ad5   Thumb Code    54  stm32f4xx_hal.o(i.HAL_InitTick)
    HAL_MspInit                              0x08002b15   Thumb Code    42  stm32f4xx_hal_msp.o(i.HAL_MspInit)
    HAL_NVIC_EnableIRQ                       0x08002b45   Thumb Code    26  stm32f4xx_hal_cortex.o(i.HAL_NVIC_EnableIRQ)
    HAL_NVIC_SetPriority                     0x08002b61   Thumb Code    60  stm32f4xx_hal_cortex.o(i.HAL_NVIC_SetPriority)
    HAL_NVIC_SetPriorityGrouping             0x08002ba1   Thumb Code    26  stm32f4xx_hal_cortex.o(i.HAL_NVIC_SetPriorityGrouping)
    HAL_PCDEx_LPM_Callback                   0x08002bc5   Thumb Code     2  stm32f4xx_hal_pcd_ex.o(i.HAL_PCDEx_LPM_Callback)
    HAL_PCDEx_SetRxFiFo                      0x08002bc7   Thumb Code     8  stm32f4xx_hal_pcd_ex.o(i.HAL_PCDEx_SetRxFiFo)
    HAL_PCDEx_SetTxFiFo                      0x08002bcf   Thumb Code    68  stm32f4xx_hal_pcd_ex.o(i.HAL_PCDEx_SetTxFiFo)
    HAL_PCD_ConnectCallback                  0x08002c13   Thumb Code     8  usbd_conf.o(i.HAL_PCD_ConnectCallback)
    HAL_PCD_DataInStageCallback              0x08002c1b   Thumb Code    18  usbd_conf.o(i.HAL_PCD_DataInStageCallback)
    HAL_PCD_DataOutStageCallback             0x08002c2d   Thumb Code    20  usbd_conf.o(i.HAL_PCD_DataOutStageCallback)
    HAL_PCD_DisconnectCallback               0x08002c41   Thumb Code     8  usbd_conf.o(i.HAL_PCD_DisconnectCallback)
    HAL_PCD_EP_Abort                         0x08002c49   Thumb Code    30  stm32f4xx_hal_pcd.o(i.HAL_PCD_EP_Abort)
    HAL_PCD_EP_Close                         0x08002c67   Thumb Code    74  stm32f4xx_hal_pcd.o(i.HAL_PCD_EP_Close)
    HAL_PCD_EP_ClrStall                      0x08002cb1   Thumb Code    90  stm32f4xx_hal_pcd.o(i.HAL_PCD_EP_ClrStall)
    HAL_PCD_EP_GetRxCount                    0x08002d0b   Thumb Code    18  stm32f4xx_hal_pcd.o(i.HAL_PCD_EP_GetRxCount)
    HAL_PCD_EP_Open                          0x08002d1d   Thumb Code    98  stm32f4xx_hal_pcd.o(i.HAL_PCD_EP_Open)
    HAL_PCD_EP_Receive                       0x08002d7f   Thumb Code    56  stm32f4xx_hal_pcd.o(i.HAL_PCD_EP_Receive)
    HAL_PCD_EP_SetStall                      0x08002db7   Thumb Code   114  stm32f4xx_hal_pcd.o(i.HAL_PCD_EP_SetStall)
    HAL_PCD_EP_Transmit                      0x08002e29   Thumb Code    50  stm32f4xx_hal_pcd.o(i.HAL_PCD_EP_Transmit)
    HAL_PCD_IRQHandler                       0x08002e5d   Thumb Code  1372  stm32f4xx_hal_pcd.o(i.HAL_PCD_IRQHandler)
    HAL_PCD_ISOINIncompleteCallback          0x080033b9   Thumb Code     8  usbd_conf.o(i.HAL_PCD_ISOINIncompleteCallback)
    HAL_PCD_ISOOUTIncompleteCallback         0x080033c1   Thumb Code     8  usbd_conf.o(i.HAL_PCD_ISOOUTIncompleteCallback)
    HAL_PCD_Init                             0x080033c9   Thumb Code   204  stm32f4xx_hal_pcd.o(i.HAL_PCD_Init)
    HAL_PCD_MspInit                          0x08003495   Thumb Code   106  usbd_conf.o(i.HAL_PCD_MspInit)
    HAL_PCD_ResetCallback                    0x0800350d   Thumb Code    44  usbd_conf.o(i.HAL_PCD_ResetCallback)
    HAL_PCD_ResumeCallback                   0x08003539   Thumb Code     8  usbd_conf.o(i.HAL_PCD_ResumeCallback)
    HAL_PCD_SOFCallback                      0x08003541   Thumb Code     8  usbd_conf.o(i.HAL_PCD_SOFCallback)
    HAL_PCD_SetAddress                       0x08003549   Thumb Code    38  stm32f4xx_hal_pcd.o(i.HAL_PCD_SetAddress)
    HAL_PCD_SetupStageCallback               0x0800356f   Thumb Code    14  usbd_conf.o(i.HAL_PCD_SetupStageCallback)
    HAL_PCD_Start                            0x0800357d   Thumb Code    66  stm32f4xx_hal_pcd.o(i.HAL_PCD_Start)
    HAL_PCD_SuspendCallback                  0x080035c1   Thumb Code    44  usbd_conf.o(i.HAL_PCD_SuspendCallback)
    HAL_RCC_ClockConfig                      0x080035f1   Thumb Code   288  stm32f4xx_hal_rcc.o(i.HAL_RCC_ClockConfig)
    HAL_RCC_GetHCLKFreq                      0x08003725   Thumb Code     6  stm32f4xx_hal_rcc.o(i.HAL_RCC_GetHCLKFreq)
    HAL_RCC_GetSysClockFreq                  0x08003731   Thumb Code    88  stm32f4xx_hal_rcc.o(i.HAL_RCC_GetSysClockFreq)
    HAL_RCC_OscConfig                        0x08003791   Thumb Code   856  stm32f4xx_hal_rcc.o(i.HAL_RCC_OscConfig)
    HAL_SYSTICK_Config                       0x08003afd   Thumb Code    40  stm32f4xx_hal_cortex.o(i.HAL_SYSTICK_Config)
    HardFault_Handler                        0x08003b25   Thumb Code     2  stm32f4xx_it.o(i.HardFault_Handler)
    MX_GPIO_Init                             0x08003b61   Thumb Code   118  gpio.o(i.MX_GPIO_Init)
    MX_USB_DEVICE_Init                       0x08003be1   Thumb Code    66  usb_device.o(i.MX_USB_DEVICE_Init)
    MemManage_Handler                        0x08003c35   Thumb Code     2  stm32f4xx_it.o(i.MemManage_Handler)
    NMI_Handler                              0x08003c37   Thumb Code     2  stm32f4xx_it.o(i.NMI_Handler)
    OTG_HS_IRQHandler                        0x08003c39   Thumb Code     6  stm32f4xx_it.o(i.OTG_HS_IRQHandler)
    PendSV_Handler                           0x08003db3   Thumb Code     2  stm32f4xx_it.o(i.PendSV_Handler)
    ProcessReceivedData                      0x08003db5   Thumb Code    72  main.o(i.ProcessReceivedData)
    ReadPointsFromFlash                      0x08003e4d   Thumb Code    28  main.o(i.ReadPointsFromFlash)
    ReportError                              0x08003e6d   Thumb Code    52  main.o(i.ReportError)
    SVC_Handler                              0x08003ea1   Thumb Code     2  stm32f4xx_it.o(i.SVC_Handler)
    SendError                                0x08003ead   Thumb Code    40  main.o(i.SendError)
    SendPoints                               0x08003f09   Thumb Code    92  main.o(i.SendPoints)
    SendResponse                             0x08003f89   Thumb Code    30  main.o(i.SendResponse)
    SysTick_Handler                          0x08003fb1   Thumb Code     4  stm32f4xx_it.o(i.SysTick_Handler)
    SystemClock_Config                       0x08003fb5   Thumb Code   136  main.o(i.SystemClock_Config)
    SystemInit                               0x08004045   Thumb Code    12  system_stm32f4xx.o(i.SystemInit)
    USBD_CDC_GetDeviceQualifierDescriptor    0x080041d1   Thumb Code     8  usbd_cdc.o(i.USBD_CDC_GetDeviceQualifierDescriptor)
    USBD_CDC_ReceivePacket                   0x080043ad   Thumb Code    50  usbd_cdc.o(i.USBD_CDC_ReceivePacket)
    USBD_CDC_RegisterInterface               0x080043e5   Thumb Code    22  usbd_cdc.o(i.USBD_CDC_RegisterInterface)
    USBD_CDC_SetRxBuffer                     0x080043fb   Thumb Code    26  usbd_cdc.o(i.USBD_CDC_SetRxBuffer)
    USBD_CDC_SetTxBuffer                     0x08004415   Thumb Code    30  usbd_cdc.o(i.USBD_CDC_SetTxBuffer)
    USBD_CDC_TransmitPacket                  0x08004509   Thumb Code    76  usbd_cdc.o(i.USBD_CDC_TransmitPacket)
    USBD_ClrClassConfig                      0x08004559   Thumb Code    20  usbd_core.o(i.USBD_ClrClassConfig)
    USBD_CoreFindEP                          0x0800456d   Thumb Code     4  usbd_core.o(i.USBD_CoreFindEP)
    USBD_CoreFindIF                          0x08004571   Thumb Code     4  usbd_core.o(i.USBD_CoreFindIF)
    USBD_CtlContinueRx                       0x08004575   Thumb Code    16  usbd_ioreq.o(i.USBD_CtlContinueRx)
    USBD_CtlContinueSendData                 0x08004585   Thumb Code    16  usbd_ioreq.o(i.USBD_CtlContinueSendData)
    USBD_CtlError                            0x08004595   Thumb Code    22  usbd_ctlreq.o(i.USBD_CtlError)
    USBD_CtlPrepareRx                        0x080045ab   Thumb Code    30  usbd_ioreq.o(i.USBD_CtlPrepareRx)
    USBD_CtlReceiveStatus                    0x080045c9   Thumb Code    22  usbd_ioreq.o(i.USBD_CtlReceiveStatus)
    USBD_CtlSendData                         0x080045df   Thumb Code    26  usbd_ioreq.o(i.USBD_CtlSendData)
    USBD_CtlSendStatus                       0x080045f9   Thumb Code    22  usbd_ioreq.o(i.USBD_CtlSendStatus)
    USBD_GetEpDesc                           0x080046f5   Thumb Code    58  usbd_core.o(i.USBD_GetEpDesc)
    USBD_GetNextDesc                         0x08004743   Thumb Code    14  usbd_core.o(i.USBD_GetNextDesc)
    USBD_GetString                           0x08004751   Thumb Code    78  usbd_ctlreq.o(i.USBD_GetString)
    USBD_Get_USB_Status                      0x0800479f   Thumb Code    24  usbd_conf.o(i.USBD_Get_USB_Status)
    USBD_HS_ConfigStrDescriptor              0x080047b9   Thumb Code    16  usbd_desc.o(i.USBD_HS_ConfigStrDescriptor)
    USBD_HS_DeviceDescriptor                 0x080047d9   Thumb Code     8  usbd_desc.o(i.USBD_HS_DeviceDescriptor)
    USBD_HS_InterfaceStrDescriptor           0x080047e5   Thumb Code    16  usbd_desc.o(i.USBD_HS_InterfaceStrDescriptor)
    USBD_HS_LangIDStrDescriptor              0x08004809   Thumb Code     8  usbd_desc.o(i.USBD_HS_LangIDStrDescriptor)
    USBD_HS_ManufacturerStrDescriptor        0x08004815   Thumb Code    16  usbd_desc.o(i.USBD_HS_ManufacturerStrDescriptor)
    USBD_HS_ProductStrDescriptor             0x0800483d   Thumb Code    16  usbd_desc.o(i.USBD_HS_ProductStrDescriptor)
    USBD_HS_SerialStrDescriptor              0x08004869   Thumb Code    48  usbd_desc.o(i.USBD_HS_SerialStrDescriptor)
    USBD_Init                                0x080048a1   Thumb Code    38  usbd_core.o(i.USBD_Init)
    USBD_LL_ClearStallEP                     0x080048c7   Thumb Code    18  usbd_conf.o(i.USBD_LL_ClearStallEP)
    USBD_LL_CloseEP                          0x080048d9   Thumb Code    18  usbd_conf.o(i.USBD_LL_CloseEP)
    USBD_LL_DataInStage                      0x080048eb   Thumb Code   182  usbd_core.o(i.USBD_LL_DataInStage)
    USBD_LL_DataOutStage                     0x080049a1   Thumb Code   142  usbd_core.o(i.USBD_LL_DataOutStage)
    USBD_LL_DevConnected                     0x08004a2f   Thumb Code     4  usbd_core.o(i.USBD_LL_DevConnected)
    USBD_LL_DevDisconnected                  0x08004a33   Thumb Code    30  usbd_core.o(i.USBD_LL_DevDisconnected)
    USBD_LL_GetRxDataSize                    0x08004a51   Thumb Code     8  usbd_conf.o(i.USBD_LL_GetRxDataSize)
    USBD_LL_Init                             0x08004a59   Thumb Code    96  usbd_conf.o(i.USBD_LL_Init)
    USBD_LL_IsStallEP                        0x08004ac1   Thumb Code    30  usbd_conf.o(i.USBD_LL_IsStallEP)
    USBD_LL_IsoINIncomplete                  0x08004adf   Thumb Code    40  usbd_core.o(i.USBD_LL_IsoINIncomplete)
    USBD_LL_IsoOUTIncomplete                 0x08004b07   Thumb Code    40  usbd_core.o(i.USBD_LL_IsoOUTIncomplete)
    USBD_LL_OpenEP                           0x08004b2f   Thumb Code    24  usbd_conf.o(i.USBD_LL_OpenEP)
    USBD_LL_PrepareReceive                   0x08004b47   Thumb Code    18  usbd_conf.o(i.USBD_LL_PrepareReceive)
    USBD_LL_Reset                            0x08004b59   Thumb Code    92  usbd_core.o(i.USBD_LL_Reset)
    USBD_LL_Resume                           0x08004bb5   Thumb Code    20  usbd_core.o(i.USBD_LL_Resume)
    USBD_LL_SOF                              0x08004bc9   Thumb Code    26  usbd_core.o(i.USBD_LL_SOF)
    USBD_LL_SetSpeed                         0x08004be3   Thumb Code     6  usbd_core.o(i.USBD_LL_SetSpeed)
    USBD_LL_SetUSBAddress                    0x08004be9   Thumb Code    18  usbd_conf.o(i.USBD_LL_SetUSBAddress)
    USBD_LL_SetupStage                       0x08004bfb   Thumb Code    96  usbd_core.o(i.USBD_LL_SetupStage)
    USBD_LL_StallEP                          0x08004c5b   Thumb Code    18  usbd_conf.o(i.USBD_LL_StallEP)
    USBD_LL_Start                            0x08004c6d   Thumb Code    18  usbd_conf.o(i.USBD_LL_Start)
    USBD_LL_Suspend                          0x08004c7f   Thumb Code    26  usbd_core.o(i.USBD_LL_Suspend)
    USBD_LL_Transmit                         0x08004c99   Thumb Code    18  usbd_conf.o(i.USBD_LL_Transmit)
    USBD_ParseSetupRequest                   0x08004cab   Thumb Code    44  usbd_ctlreq.o(i.USBD_ParseSetupRequest)
    USBD_RegisterClass                       0x08004cd7   Thumb Code    58  usbd_core.o(i.USBD_RegisterClass)
    USBD_SetClassConfig                      0x08004d11   Thumb Code    20  usbd_core.o(i.USBD_SetClassConfig)
    USBD_Start                               0x08004ddd   Thumb Code     4  usbd_core.o(i.USBD_Start)
    USBD_StdDevReq                           0x08004de1   Thumb Code   300  usbd_ctlreq.o(i.USBD_StdDevReq)
    USBD_StdEPReq                            0x08004f0d   Thumb Code   352  usbd_ctlreq.o(i.USBD_StdEPReq)
    USBD_StdItfReq                           0x0800506d   Thumb Code   114  usbd_ctlreq.o(i.USBD_StdItfReq)
    USBD_static_free                         0x080050df   Thumb Code     2  usbd_conf.o(i.USBD_static_free)
    USBD_static_malloc                       0x080050e1   Thumb Code     4  usbd_conf.o(i.USBD_static_malloc)
    USB_ActivateEndpoint                     0x080050e9   Thumb Code   122  stm32f4xx_ll_usb.o(i.USB_ActivateEndpoint)
    USB_ActivateSetup                        0x08005169   Thumb Code    28  stm32f4xx_ll_usb.o(i.USB_ActivateSetup)
    USB_CoreInit                             0x08005185   Thumb Code   126  stm32f4xx_ll_usb.o(i.USB_CoreInit)
    USB_DeactivateEndpoint                   0x08005245   Thumb Code   194  stm32f4xx_ll_usb.o(i.USB_DeactivateEndpoint)
    USB_DevConnect                           0x08005311   Thumb Code    28  stm32f4xx_ll_usb.o(i.USB_DevConnect)
    USB_DevDisconnect                        0x0800532d   Thumb Code    28  stm32f4xx_ll_usb.o(i.USB_DevDisconnect)
    USB_DevInit                              0x08005349   Thumb Code   370  stm32f4xx_ll_usb.o(i.USB_DevInit)
    USB_DisableGlobalInt                     0x080054c5   Thumb Code    12  stm32f4xx_ll_usb.o(i.USB_DisableGlobalInt)
    USB_EP0_OutStart                         0x080054d1   Thumb Code    84  stm32f4xx_ll_usb.o(i.USB_EP0_OutStart)
    USB_EPClearStall                         0x08005529   Thumb Code    88  stm32f4xx_ll_usb.o(i.USB_EPClearStall)
    USB_EPSetStall                           0x08005581   Thumb Code    88  stm32f4xx_ll_usb.o(i.USB_EPSetStall)
    USB_EPStartXfer                          0x080055d9   Thumb Code   562  stm32f4xx_ll_usb.o(i.USB_EPStartXfer)
    USB_EPStopXfer                           0x08005811   Thumb Code   158  stm32f4xx_ll_usb.o(i.USB_EPStopXfer)
    USB_EnableGlobalInt                      0x080058af   Thumb Code    12  stm32f4xx_ll_usb.o(i.USB_EnableGlobalInt)
    USB_FlushRxFifo                          0x080058bb   Thumb Code    56  stm32f4xx_ll_usb.o(i.USB_FlushRxFifo)
    USB_FlushTxFifo                          0x080058f3   Thumb Code    60  stm32f4xx_ll_usb.o(i.USB_FlushTxFifo)
    USB_GetDevSpeed                          0x0800592f   Thumb Code    26  stm32f4xx_ll_usb.o(i.USB_GetDevSpeed)
    USB_GetMode                              0x08005949   Thumb Code     8  stm32f4xx_ll_usb.o(i.USB_GetMode)
    USB_Init                                 0x08005951   Thumb Code    78  main.o(i.USB_Init)
    USB_ReadDevAllInEpInterrupt              0x080059a9   Thumb Code    14  stm32f4xx_ll_usb.o(i.USB_ReadDevAllInEpInterrupt)
    USB_ReadDevAllOutEpInterrupt             0x080059b7   Thumb Code    14  stm32f4xx_ll_usb.o(i.USB_ReadDevAllOutEpInterrupt)
    USB_ReadDevInEPInterrupt                 0x080059c5   Thumb Code    36  stm32f4xx_ll_usb.o(i.USB_ReadDevInEPInterrupt)
    USB_ReadDevOutEPInterrupt                0x080059e9   Thumb Code    16  stm32f4xx_ll_usb.o(i.USB_ReadDevOutEPInterrupt)
    USB_ReadInterrupts                       0x080059f9   Thumb Code     8  stm32f4xx_ll_usb.o(i.USB_ReadInterrupts)
    USB_ReadPacket                           0x08005a01   Thumb Code    62  stm32f4xx_ll_usb.o(i.USB_ReadPacket)
    USB_SetCurrentMode                       0x08005a3f   Thumb Code    92  stm32f4xx_ll_usb.o(i.USB_SetCurrentMode)
    USB_SetDevAddress                        0x08005a9b   Thumb Code    34  stm32f4xx_ll_usb.o(i.USB_SetDevAddress)
    USB_SetTurnaroundTime                    0x08005abd   Thumb Code   158  stm32f4xx_ll_usb.o(i.USB_SetTurnaroundTime)
    USB_WritePacket                          0x08005ba5   Thumb Code    40  stm32f4xx_ll_usb.o(i.USB_WritePacket)
    UpdatePoints                             0x08005bcd   Thumb Code   148  main.o(i.UpdatePoints)
    UsageFault_Handler                       0x08005cb9   Thumb Code     2  stm32f4xx_it.o(i.UsageFault_Handler)
    WritePointsToFlash                       0x08005cbd   Thumb Code   114  main.o(i.WritePointsToFlash)
    __ARM_fpclassify                         0x08005d75   Thumb Code    48  fpclassify.o(i.__ARM_fpclassify)
    __hardfp___mathlib_tofloat               0x08005dc9   Thumb Code   232  narrow.o(i.__hardfp___mathlib_tofloat)
    __hardfp_atof                            0x08005ec1   Thumb Code    44  atof.o(i.__hardfp_atof)
    __hardfp_ldexp                           0x08005ef9   Thumb Code   200  ldexp.o(i.__hardfp_ldexp)
    __mathlib_dbl_overflow                   0x08005fc9   Thumb Code    24  dunder.o(i.__mathlib_dbl_overflow)
    __mathlib_dbl_underflow                  0x08005fe9   Thumb Code    24  dunder.o(i.__mathlib_dbl_underflow)
    __mathlib_narrow                         0x08006009   Thumb Code    18  narrow.o(i.__mathlib_narrow)
    __support_ldexp                          0x0800601b   Thumb Code    20  ldexp.o(i.__support_ldexp)
    _is_digit                                0x0800602f   Thumb Code    14  __printf_wp.o(i._is_digit)
    frexp                                    0x08006041   Thumb Code   118  frexp.o(i.frexp)
    main                                     0x080060cd   Thumb Code    22  main.o(i.main)
    _get_lc_numeric                          0x080060e5   Thumb Code    44  lc_numeric_c.o(locale$$code)
    _get_lc_ctype                            0x08006111   Thumb Code    44  lc_ctype_c.o(locale$$code)
    __aeabi_d2f                              0x0800613d   Thumb Code     0  d2f.o(x$fpl$d2f)
    _d2f                                     0x0800613d   Thumb Code    98  d2f.o(x$fpl$d2f)
    __fpl_dcheck_NaN1                        0x080061a1   Thumb Code    10  dcheck1.o(x$fpl$dcheck1)
    __fpl_dcmp_Inf                           0x080061b1   Thumb Code    24  dcmpi.o(x$fpl$dcmpinf)
    __aeabi_cdcmpeq                          0x080061c9   Thumb Code     0  deqf.o(x$fpl$deqf)
    _dcmpeq                                  0x080061c9   Thumb Code   120  deqf.o(x$fpl$deqf)
    __aeabi_cdcmple                          0x08006241   Thumb Code     0  dleqf.o(x$fpl$dleqf)
    _dcmple                                  0x08006241   Thumb Code   120  dleqf.o(x$fpl$dleqf)
    __fpl_dcmple_InfNaN                      0x080062a3   Thumb Code     0  dleqf.o(x$fpl$dleqf)
    __aeabi_dmul                             0x080062b9   Thumb Code     0  dmul.o(x$fpl$dmul)
    _dmul                                    0x080062b9   Thumb Code   332  dmul.o(x$fpl$dmul)
    __fpl_dnaninf                            0x0800640d   Thumb Code   156  dnaninf.o(x$fpl$dnaninf)
    __fpl_dretinf                            0x080064a9   Thumb Code    12  dretinf.o(x$fpl$dretinf)
    __aeabi_cdrcmple                         0x080064b5   Thumb Code     0  drleqf.o(x$fpl$drleqf)
    _drcmple                                 0x080064b5   Thumb Code   108  drleqf.o(x$fpl$drleqf)
    __aeabi_f2d                              0x08006521   Thumb Code     0  f2d.o(x$fpl$f2d)
    _f2d                                     0x08006521   Thumb Code    86  f2d.o(x$fpl$f2d)
    __fpl_fnaninf                            0x08006577   Thumb Code   140  fnaninf.o(x$fpl$fnaninf)
    _fp_init                                 0x08006603   Thumb Code    10  fpinit.o(x$fpl$fpinit)
    __fplib_config_fpu_vfp                   0x0800660b   Thumb Code     0  fpinit.o(x$fpl$fpinit)
    __fplib_config_pureend_doubles           0x0800660b   Thumb Code     0  fpinit.o(x$fpl$fpinit)
    __fpl_fretinf                            0x0800660d   Thumb Code    10  fretinf.o(x$fpl$fretinf)
    __ieee_status                            0x08006617   Thumb Code     6  istatus.o(x$fpl$ieeestatus)
    _printf_fp_dec                           0x0800661d   Thumb Code     4  printf1.o(x$fpl$printf1)
    __fpl_return_NaN                         0x08006621   Thumb Code   100  retnan.o(x$fpl$retnan)
    __ARM_scalbn                             0x08006685   Thumb Code    92  scalbn.o(x$fpl$scalbn)
    _scanf_real                              0x080066e1   Thumb Code     4  scanf1.o(x$fpl$scanf1)
    _scanf_hex_real                          0x080066e5   Thumb Code     4  scanf2.o(x$fpl$scanf2)
    _scanf_infnan                            0x080066e9   Thumb Code     4  scanf2.o(x$fpl$scanf2)
    __fpl_cmpreturn                          0x080066ed   Thumb Code    48  trapv.o(x$fpl$trapveneer)
    AHBPrescTable                            0x0800671c   Data          16  system_stm32f4xx.o(.constdata)
    __I$use$fp                               0x0800671c   Number         0  usenofp.o(x$fpl$usenofp)
    Region$$Table$$Base                      0x080067c0   Number         0  anon$$obj.o(Region$$Table)
    Region$$Table$$Limit                     0x080067e0   Number         0  anon$$obj.o(Region$$Table)
    __aeabi_HUGE_VAL                         0x080067e0   Data           0  fpconst.o(c$$dinf)
    __aeabi_HUGE_VALL                        0x080067e0   Data           0  fpconst.o(c$$dinf)
    __aeabi_INFINITY                         0x080067e0   Data           0  fpconst.o(c$$dinf)
    __dInf                                   0x080067e0   Data           0  fpconst.o(c$$dinf)
    __huge_val                               0x080067e0   Data           0  fpconst.o(c$$dinf)
    __dbl_max                                0x080067e8   Data           0  fpconst.o(c$$dmax)
    __ctype                                  0x08006819   Data           0  lc_ctype_c.o(locale$$data)
    uwTickFreq                               0x20000000   Data           1  stm32f4xx_hal.o(.data)
    uwTickPrio                               0x20000004   Data           4  stm32f4xx_hal.o(.data)
    uwTick                                   0x20000008   Data           4  stm32f4xx_hal.o(.data)
    SystemCoreClock                          0x2000000c   Data           4  system_stm32f4xx.o(.data)
    HS_Desc                                  0x20000010   Data          28  usbd_desc.o(.data)
    USBD_LangIDDesc                          0x2000002c   Data           4  usbd_desc.o(.data)
    USBD_HS_DeviceDesc                       0x20000030   Data          18  usbd_desc.o(.data)
    USBD_StringSerial                        0x20000044   Data          26  usbd_desc.o(.data)
    USBD_Interface_fops_HS                   0x20000060   Data          20  usbd_cdc_if.o(.data)
    USBD_CDC                                 0x200000cc   Data          56  usbd_cdc.o(.data)
    pointsData                               0x20000108   Data          40  main.o(.bss)
    pFlash                                   0x20000130   Data          32  stm32f4xx_hal_flash.o(.bss)
    hUsbDeviceHS                             0x20000150   Data         732  usb_device.o(.bss)
    USBD_StrDesc                             0x2000042c   Data         512  usbd_desc.o(.bss)
    UserRxBufferHS                           0x2000062c   Data        2048  usbd_cdc_if.o(.bss)
    UserTxBufferHS                           0x20000e2c   Data        2048  usbd_cdc_if.o(.bss)
    hpcd_USB_OTG_HS                          0x2000184c   Data        1252  usbd_conf.o(.bss)
    __libspace_start                         0x20001d30   Data          96  libspace.o(.bss)
    __temporary_stack_top$libspace           0x20001d90   Data           0  libspace.o(.bss)



==============================================================================

Memory Map of the image

  Image Entry point : 0x08000189

  Load Region LR_IROM1 (Base: 0x08000000, Size: 0x00006a24, Max: 0x00100000, ABSOLUTE)

    Execution Region ER_IROM1 (Exec base: 0x08000000, Load base: 0x08000000, Size: 0x0000691c, Max: 0x00100000, ABSOLUTE)

    Exec Addr    Load Addr    Size         Type   Attr      Idx    E Section Name        Object

    0x08000000   0x08000000   0x00000188   Data   RO            3    RESET               startup_stm32f405xx.o
    0x08000188   0x08000188   0x00000008   Code   RO         3024  * !!!main             c_w.l(__main.o)
    0x08000190   0x08000190   0x00000034   Code   RO         3395    !!!scatter          c_w.l(__scatter.o)
    0x080001c4   0x080001c4   0x0000001a   Code   RO         3397    !!handler_copy      c_w.l(__scatter_copy.o)
    0x080001de   0x080001de   0x00000002   PAD
    0x080001e0   0x080001e0   0x0000001c   Code   RO         3399    !!handler_zi        c_w.l(__scatter_zi.o)
    0x080001fc   0x080001fc   0x00000000   Code   RO         3010    .ARM.Collect$$_printf_percent$$00000000  c_w.l(_printf_percent.o)
    0x080001fc   0x080001fc   0x00000006   Code   RO         3009    .ARM.Collect$$_printf_percent$$00000003  c_w.l(_printf_f.o)
    0x08000202   0x08000202   0x00000006   Code   RO         3007    .ARM.Collect$$_printf_percent$$00000009  c_w.l(_printf_d.o)
    0x08000208   0x08000208   0x00000006   Code   RO         3008    .ARM.Collect$$_printf_percent$$0000000A  c_w.l(_printf_u.o)
    0x0800020e   0x0800020e   0x00000006   Code   RO         3006    .ARM.Collect$$_printf_percent$$00000014  c_w.l(_printf_s.o)
    0x08000214   0x08000214   0x00000004   Code   RO         3057    .ARM.Collect$$_printf_percent$$00000017  c_w.l(_printf_percent_end.o)
    0x08000218   0x08000218   0x00000002   Code   RO         3172    .ARM.Collect$$libinit$$00000000  c_w.l(libinit.o)
    0x0800021a   0x0800021a   0x00000004   Code   RO         3173    .ARM.Collect$$libinit$$00000001  c_w.l(libinit2.o)
    0x0800021e   0x0800021e   0x00000000   Code   RO         3176    .ARM.Collect$$libinit$$00000004  c_w.l(libinit2.o)
    0x0800021e   0x0800021e   0x00000000   Code   RO         3179    .ARM.Collect$$libinit$$0000000A  c_w.l(libinit2.o)
    0x0800021e   0x0800021e   0x00000000   Code   RO         3181    .ARM.Collect$$libinit$$0000000C  c_w.l(libinit2.o)
    0x0800021e   0x0800021e   0x00000000   Code   RO         3183    .ARM.Collect$$libinit$$0000000E  c_w.l(libinit2.o)
    0x0800021e   0x0800021e   0x00000006   Code   RO         3184    .ARM.Collect$$libinit$$0000000F  c_w.l(libinit2.o)
    0x08000224   0x08000224   0x00000000   Code   RO         3186    .ARM.Collect$$libinit$$00000011  c_w.l(libinit2.o)
    0x08000224   0x08000224   0x0000000c   Code   RO         3187    .ARM.Collect$$libinit$$00000012  c_w.l(libinit2.o)
    0x08000230   0x08000230   0x00000000   Code   RO         3188    .ARM.Collect$$libinit$$00000013  c_w.l(libinit2.o)
    0x08000230   0x08000230   0x00000000   Code   RO         3190    .ARM.Collect$$libinit$$00000015  c_w.l(libinit2.o)
    0x08000230   0x08000230   0x0000000a   Code   RO         3191    .ARM.Collect$$libinit$$00000016  c_w.l(libinit2.o)
    0x0800023a   0x0800023a   0x00000000   Code   RO         3192    .ARM.Collect$$libinit$$00000017  c_w.l(libinit2.o)
    0x0800023a   0x0800023a   0x00000000   Code   RO         3194    .ARM.Collect$$libinit$$00000019  c_w.l(libinit2.o)
    0x0800023a   0x0800023a   0x00000000   Code   RO         3196    .ARM.Collect$$libinit$$0000001B  c_w.l(libinit2.o)
    0x0800023a   0x0800023a   0x00000000   Code   RO         3198    .ARM.Collect$$libinit$$0000001D  c_w.l(libinit2.o)
    0x0800023a   0x0800023a   0x00000000   Code   RO         3200    .ARM.Collect$$libinit$$0000001F  c_w.l(libinit2.o)
    0x0800023a   0x0800023a   0x00000000   Code   RO         3202    .ARM.Collect$$libinit$$00000021  c_w.l(libinit2.o)
    0x0800023a   0x0800023a   0x00000000   Code   RO         3204    .ARM.Collect$$libinit$$00000023  c_w.l(libinit2.o)
    0x0800023a   0x0800023a   0x00000000   Code   RO         3206    .ARM.Collect$$libinit$$00000025  c_w.l(libinit2.o)
    0x0800023a   0x0800023a   0x00000000   Code   RO         3210    .ARM.Collect$$libinit$$0000002C  c_w.l(libinit2.o)
    0x0800023a   0x0800023a   0x00000000   Code   RO         3212    .ARM.Collect$$libinit$$0000002E  c_w.l(libinit2.o)
    0x0800023a   0x0800023a   0x00000000   Code   RO         3214    .ARM.Collect$$libinit$$00000030  c_w.l(libinit2.o)
    0x0800023a   0x0800023a   0x00000000   Code   RO         3216    .ARM.Collect$$libinit$$00000032  c_w.l(libinit2.o)
    0x0800023a   0x0800023a   0x00000002   Code   RO         3217    .ARM.Collect$$libinit$$00000033  c_w.l(libinit2.o)
    0x0800023c   0x0800023c   0x00000002   Code   RO         3303    .ARM.Collect$$libshutdown$$00000000  c_w.l(libshutdown.o)
    0x0800023e   0x0800023e   0x00000000   Code   RO         3343    .ARM.Collect$$libshutdown$$00000002  c_w.l(libshutdown2.o)
    0x0800023e   0x0800023e   0x00000000   Code   RO         3345    .ARM.Collect$$libshutdown$$00000004  c_w.l(libshutdown2.o)
    0x0800023e   0x0800023e   0x00000000   Code   RO         3347    .ARM.Collect$$libshutdown$$00000006  c_w.l(libshutdown2.o)
    0x0800023e   0x0800023e   0x00000000   Code   RO         3350    .ARM.Collect$$libshutdown$$00000009  c_w.l(libshutdown2.o)
    0x0800023e   0x0800023e   0x00000000   Code   RO         3353    .ARM.Collect$$libshutdown$$0000000C  c_w.l(libshutdown2.o)
    0x0800023e   0x0800023e   0x00000000   Code   RO         3355    .ARM.Collect$$libshutdown$$0000000E  c_w.l(libshutdown2.o)
    0x0800023e   0x0800023e   0x00000000   Code   RO         3358    .ARM.Collect$$libshutdown$$00000011  c_w.l(libshutdown2.o)
    0x0800023e   0x0800023e   0x00000002   Code   RO         3359    .ARM.Collect$$libshutdown$$00000012  c_w.l(libshutdown2.o)
    0x08000240   0x08000240   0x00000000   Code   RO         3038    .ARM.Collect$$rtentry$$00000000  c_w.l(__rtentry.o)
    0x08000240   0x08000240   0x00000000   Code   RO         3076    .ARM.Collect$$rtentry$$00000002  c_w.l(__rtentry2.o)
    0x08000240   0x08000240   0x00000006   Code   RO         3088    .ARM.Collect$$rtentry$$00000004  c_w.l(__rtentry4.o)
    0x08000246   0x08000246   0x00000000   Code   RO         3078    .ARM.Collect$$rtentry$$00000009  c_w.l(__rtentry2.o)
    0x08000246   0x08000246   0x00000004   Code   RO         3079    .ARM.Collect$$rtentry$$0000000A  c_w.l(__rtentry2.o)
    0x0800024a   0x0800024a   0x00000000   Code   RO         3081    .ARM.Collect$$rtentry$$0000000C  c_w.l(__rtentry2.o)
    0x0800024a   0x0800024a   0x00000008   Code   RO         3082    .ARM.Collect$$rtentry$$0000000D  c_w.l(__rtentry2.o)
    0x08000252   0x08000252   0x00000002   Code   RO         3218    .ARM.Collect$$rtexit$$00000000  c_w.l(rtexit.o)
    0x08000254   0x08000254   0x00000000   Code   RO         3254    .ARM.Collect$$rtexit$$00000002  c_w.l(rtexit2.o)
    0x08000254   0x08000254   0x00000004   Code   RO         3255    .ARM.Collect$$rtexit$$00000003  c_w.l(rtexit2.o)
    0x08000258   0x08000258   0x00000006   Code   RO         3256    .ARM.Collect$$rtexit$$00000004  c_w.l(rtexit2.o)
    0x0800025e   0x0800025e   0x00000002   PAD
    0x08000260   0x08000260   0x00000040   Code   RO            4    .text               startup_stm32f405xx.o
    0x080002a0   0x080002a0   0x000000ee   Code   RO         2974    .text               c_w.l(lludivv7m.o)
    0x0800038e   0x0800038e   0x00000002   PAD
    0x08000390   0x08000390   0x00000038   Code   RO         2976    .text               c_w.l(__2snprintf.o)
    0x080003c8   0x080003c8   0x00000052   Code   RO         2982    .text               c_w.l(_printf_str.o)
    0x0800041a   0x0800041a   0x00000002   PAD
    0x0800041c   0x0800041c   0x00000078   Code   RO         2984    .text               c_w.l(_printf_dec.o)
    0x08000494   0x08000494   0x000000b8   Code   RO         2989    .text               c_w.l(__printf_ss.o)
    0x0800054c   0x0800054c   0x0000000c   Code   RO         3011    .text               c_w.l(strtok.o)
    0x08000558   0x08000558   0x00000024   Code   RO         3014    .text               c_w.l(strstr.o)
    0x0800057c   0x0800057c   0x0000008a   Code   RO         3016    .text               c_w.l(rt_memcpy_v6.o)
    0x08000606   0x08000606   0x0000004e   Code   RO         3018    .text               c_w.l(rt_memclr_w.o)
    0x08000654   0x08000654   0x00000056   Code   RO         3020    .text               c_w.l(strncpy.o)
    0x080006aa   0x080006aa   0x00000006   Code   RO         3022    .text               c_w.l(heapauxi.o)
    0x080006b0   0x080006b0   0x00000016   Code   RO         3043    .text               c_w.l(_rserrno.o)
    0x080006c6   0x080006c6   0x000000b2   Code   RO         3045    .text               c_w.l(_printf_intcommon.o)
    0x08000778   0x08000778   0x0000041e   Code   RO         3047    .text               c_w.l(_printf_fp_dec.o)
    0x08000b96   0x08000b96   0x00000002   PAD
    0x08000b98   0x08000b98   0x00000030   Code   RO         3049    .text               c_w.l(_printf_char_common.o)
    0x08000bc8   0x08000bc8   0x0000000a   Code   RO         3051    .text               c_w.l(_sputc.o)
    0x08000bd2   0x08000bd2   0x00000010   Code   RO         3053    .text               c_w.l(_snputc.o)
    0x08000be2   0x08000be2   0x0000002c   Code   RO         3055    .text               c_w.l(_printf_char.o)
    0x08000c0e   0x08000c0e   0x00000002   PAD
    0x08000c10   0x08000c10   0x000000a4   Code   RO         3058    .text               c_w.l(strtod.o)
    0x08000cb4   0x08000cb4   0x00000044   Code   RO         3060    .text               c_w.l(strtok_int.o)
    0x08000cf8   0x08000cf8   0x00000064   Code   RO         3062    .text               c_w.l(rt_memcpy_w.o)
    0x08000d5c   0x08000d5c   0x00000044   Code   RO         3064    .text               c_w.l(rt_memclr.o)
    0x08000da0   0x08000da0   0x00000008   Code   RO         3095    .text               c_w.l(rt_locale_intlibspace.o)
    0x08000da8   0x08000da8   0x00000008   Code   RO         3100    .text               c_w.l(rt_errno_addr_intlibspace.o)
    0x08000db0   0x08000db0   0x0000008a   Code   RO         3102    .text               c_w.l(lludiv10.o)
    0x08000e3a   0x08000e3a   0x00000012   Code   RO         3104    .text               c_w.l(isspace.o)
    0x08000e4c   0x08000e4c   0x00000080   Code   RO         3106    .text               c_w.l(_printf_fp_infnan.o)
    0x08000ecc   0x08000ecc   0x00000040   Code   RO         3110    .text               c_w.l(_sgetc.o)
    0x08000f0c   0x08000f0c   0x000000e4   Code   RO         3112    .text               c_w.l(bigflt0.o)
    0x08000ff0   0x08000ff0   0x00000020   Code   RO         3140    .text               c_w.l(strcspn.o)
    0x08001010   0x08001010   0x0000001c   Code   RO         3142    .text               c_w.l(strspn.o)
    0x0800102c   0x0800102c   0x00000008   Code   RO         3150    .text               c_w.l(libspace.o)
    0x08001034   0x08001034   0x0000004a   Code   RO         3153    .text               c_w.l(sys_stackheap_outer.o)
    0x0800107e   0x0800107e   0x00000002   PAD
    0x08001080   0x08001080   0x00000010   Code   RO         3155    .text               c_w.l(rt_ctype_table.o)
    0x08001090   0x08001090   0x000004f8   Code   RO         3157    .text               c_w.l(scanf_fp.o)
    0x08001588   0x08001588   0x00000012   Code   RO         3159    .text               c_w.l(exit.o)
    0x0800159a   0x0800159a   0x00000002   PAD
    0x0800159c   0x0800159c   0x00000080   Code   RO         3165    .text               c_w.l(strcmpv7m.o)
    0x0800161c   0x0800161c   0x0000000c   Code   RO         3251    .text               c_w.l(sys_exit.o)
    0x08001628   0x08001628   0x00000320   Code   RO         3260    .text               c_w.l(scanf_hexfp.o)
    0x08001948   0x08001948   0x00000134   Code   RO         3262    .text               c_w.l(scanf_infnan.o)
    0x08001a7c   0x08001a7c   0x00000002   Code   RO         3286    .text               c_w.l(use_no_semi.o)
    0x08001a7e   0x08001a7e   0x00000000   Code   RO         3288    .text               c_w.l(indicate_semi.o)
    0x08001a7e   0x08001a7e   0x00000026   Code   RO         3291    .text               c_w.l(llshl.o)
    0x08001aa4   0x08001aa4   0x0000001c   Code   RO         3293    .text               c_w.l(_chval.o)
    0x08001ac0   0x08001ac0   0x0000003e   Code   RO         3115    CL$$btod_d2e        c_w.l(btod.o)
    0x08001afe   0x08001afe   0x00000046   Code   RO         3117    CL$$btod_d2e_denorm_low  c_w.l(btod.o)
    0x08001b44   0x08001b44   0x00000060   Code   RO         3116    CL$$btod_d2e_norm_op1  c_w.l(btod.o)
    0x08001ba4   0x08001ba4   0x00000338   Code   RO         3125    CL$$btod_div_common  c_w.l(btod.o)
    0x08001edc   0x08001edc   0x00000084   Code   RO         3123    CL$$btod_e2d        c_w.l(btod.o)
    0x08001f60   0x08001f60   0x000000dc   Code   RO         3122    CL$$btod_e2e        c_w.l(btod.o)
    0x0800203c   0x0800203c   0x0000002a   Code   RO         3119    CL$$btod_ediv       c_w.l(btod.o)
    0x08002066   0x08002066   0x0000002a   Code   RO         3121    CL$$btod_edivd      c_w.l(btod.o)
    0x08002090   0x08002090   0x0000002a   Code   RO         3118    CL$$btod_emul       c_w.l(btod.o)
    0x080020ba   0x080020ba   0x0000002a   Code   RO         3120    CL$$btod_emuld      c_w.l(btod.o)
    0x080020e4   0x080020e4   0x00000244   Code   RO         3124    CL$$btod_mult_common  c_w.l(btod.o)
    0x08002328   0x08002328   0x00000002   Code   RO          276    i.BusFault_Handler  stm32f4xx_it.o
    0x0800232a   0x0800232a   0x00000004   Code   RO         2308    i.CDC_Control_HS    usbd_cdc_if.o
    0x0800232e   0x0800232e   0x00000004   Code   RO         2309    i.CDC_DeInit_HS     usbd_cdc_if.o
    0x08002332   0x08002332   0x00000002   PAD
    0x08002334   0x08002334   0x00000024   Code   RO         2310    i.CDC_Init_HS       usbd_cdc_if.o
    0x08002358   0x08002358   0x0000003c   Code   RO         2311    i.CDC_Receive_HS    usbd_cdc_if.o
    0x08002394   0x08002394   0x00000004   Code   RO         2312    i.CDC_TransmitCplt_HS  usbd_cdc_if.o
    0x08002398   0x08002398   0x0000002c   Code   RO         2313    i.CDC_Transmit_HS   usbd_cdc_if.o
    0x080023c4   0x080023c4   0x00000002   Code   RO          277    i.DebugMon_Handler  stm32f4xx_it.o
    0x080023c6   0x080023c6   0x00000002   PAD
    0x080023c8   0x080023c8   0x00000080   Code   RO           13    i.EraseFlash        main.o
    0x08002448   0x08002448   0x00000004   Code   RO           14    i.Error_Handler     main.o
    0x0800244c   0x0800244c   0x00000050   Code   RO         1241    i.FLASH_Erase_Sector  stm32f4xx_hal_flash_ex.o
    0x0800249c   0x0800249c   0x00000054   Code   RO         1242    i.FLASH_FlushCaches  stm32f4xx_hal_flash_ex.o
    0x080024f0   0x080024f0   0x00000028   Code   RO         1243    i.FLASH_MassErase   stm32f4xx_hal_flash_ex.o
    0x08002518   0x08002518   0x00000020   Code   RO         1123    i.FLASH_Program_Byte  stm32f4xx_hal_flash.o
    0x08002538   0x08002538   0x0000002c   Code   RO         1124    i.FLASH_Program_DoubleWord  stm32f4xx_hal_flash.o
    0x08002564   0x08002564   0x00000024   Code   RO         1125    i.FLASH_Program_HalfWord  stm32f4xx_hal_flash.o
    0x08002588   0x08002588   0x00000024   Code   RO         1126    i.FLASH_Program_Word  stm32f4xx_hal_flash.o
    0x080025ac   0x080025ac   0x00000068   Code   RO         1127    i.FLASH_SetErrorCode  stm32f4xx_hal_flash.o
    0x08002614   0x08002614   0x00000050   Code   RO         1128    i.FLASH_WaitForLastOperation  stm32f4xx_hal_flash.o
    0x08002664   0x08002664   0x000000a0   Code   RO           15    i.GetSector         main.o
    0x08002704   0x08002704   0x00000024   Code   RO         1866    i.HAL_Delay         stm32f4xx_hal.o
    0x08002728   0x08002728   0x00000098   Code   RO         1244    i.HAL_FLASHEx_Erase  stm32f4xx_hal_flash_ex.o
    0x080027c0   0x080027c0   0x0000000c   Code   RO         1130    i.HAL_FLASH_GetError  stm32f4xx_hal_flash.o
    0x080027cc   0x080027cc   0x00000014   Code   RO         1132    i.HAL_FLASH_Lock    stm32f4xx_hal_flash.o
    0x080027e0   0x080027e0   0x0000007c   Code   RO         1137    i.HAL_FLASH_Program  stm32f4xx_hal_flash.o
    0x0800285c   0x0800285c   0x0000002c   Code   RO         1139    i.HAL_FLASH_Unlock  stm32f4xx_hal_flash.o
    0x08002888   0x08002888   0x000001f0   Code   RO         1322    i.HAL_GPIO_Init     stm32f4xx_hal_gpio.o
    0x08002a78   0x08002a78   0x0000000a   Code   RO         1326    i.HAL_GPIO_WritePin  stm32f4xx_hal_gpio.o
    0x08002a82   0x08002a82   0x00000002   PAD
    0x08002a84   0x08002a84   0x0000000c   Code   RO         1872    i.HAL_GetTick       stm32f4xx_hal.o
    0x08002a90   0x08002a90   0x00000010   Code   RO         1878    i.HAL_IncTick       stm32f4xx_hal.o
    0x08002aa0   0x08002aa0   0x00000034   Code   RO         1879    i.HAL_Init          stm32f4xx_hal.o
    0x08002ad4   0x08002ad4   0x00000040   Code   RO         1880    i.HAL_InitTick      stm32f4xx_hal.o
    0x08002b14   0x08002b14   0x00000030   Code   RO          358    i.HAL_MspInit       stm32f4xx_hal_msp.o
    0x08002b44   0x08002b44   0x0000001a   Code   RO         1714    i.HAL_NVIC_EnableIRQ  stm32f4xx_hal_cortex.o
    0x08002b5e   0x08002b5e   0x00000002   PAD
    0x08002b60   0x08002b60   0x00000040   Code   RO         1720    i.HAL_NVIC_SetPriority  stm32f4xx_hal_cortex.o
    0x08002ba0   0x08002ba0   0x00000024   Code   RO         1721    i.HAL_NVIC_SetPriorityGrouping  stm32f4xx_hal_cortex.o
    0x08002bc4   0x08002bc4   0x00000002   Code   RO          621    i.HAL_PCDEx_LPM_Callback  stm32f4xx_hal_pcd_ex.o
    0x08002bc6   0x08002bc6   0x00000008   Code   RO          622    i.HAL_PCDEx_SetRxFiFo  stm32f4xx_hal_pcd_ex.o
    0x08002bce   0x08002bce   0x00000044   Code   RO          623    i.HAL_PCDEx_SetTxFiFo  stm32f4xx_hal_pcd_ex.o
    0x08002c12   0x08002c12   0x00000008   Code   RO         2365    i.HAL_PCD_ConnectCallback  usbd_conf.o
    0x08002c1a   0x08002c1a   0x00000012   Code   RO         2366    i.HAL_PCD_DataInStageCallback  usbd_conf.o
    0x08002c2c   0x08002c2c   0x00000014   Code   RO         2367    i.HAL_PCD_DataOutStageCallback  usbd_conf.o
    0x08002c40   0x08002c40   0x00000008   Code   RO         2368    i.HAL_PCD_DisconnectCallback  usbd_conf.o
    0x08002c48   0x08002c48   0x0000001e   Code   RO          391    i.HAL_PCD_EP_Abort  stm32f4xx_hal_pcd.o
    0x08002c66   0x08002c66   0x0000004a   Code   RO          392    i.HAL_PCD_EP_Close  stm32f4xx_hal_pcd.o
    0x08002cb0   0x08002cb0   0x0000005a   Code   RO          393    i.HAL_PCD_EP_ClrStall  stm32f4xx_hal_pcd.o
    0x08002d0a   0x08002d0a   0x00000012   Code   RO          395    i.HAL_PCD_EP_GetRxCount  stm32f4xx_hal_pcd.o
    0x08002d1c   0x08002d1c   0x00000062   Code   RO          396    i.HAL_PCD_EP_Open   stm32f4xx_hal_pcd.o
    0x08002d7e   0x08002d7e   0x00000038   Code   RO          397    i.HAL_PCD_EP_Receive  stm32f4xx_hal_pcd.o
    0x08002db6   0x08002db6   0x00000072   Code   RO          398    i.HAL_PCD_EP_SetStall  stm32f4xx_hal_pcd.o
    0x08002e28   0x08002e28   0x00000032   Code   RO          399    i.HAL_PCD_EP_Transmit  stm32f4xx_hal_pcd.o
    0x08002e5a   0x08002e5a   0x00000002   PAD
    0x08002e5c   0x08002e5c   0x0000055c   Code   RO          401    i.HAL_PCD_IRQHandler  stm32f4xx_hal_pcd.o
    0x080033b8   0x080033b8   0x00000008   Code   RO         2369    i.HAL_PCD_ISOINIncompleteCallback  usbd_conf.o
    0x080033c0   0x080033c0   0x00000008   Code   RO         2370    i.HAL_PCD_ISOOUTIncompleteCallback  usbd_conf.o
    0x080033c8   0x080033c8   0x000000cc   Code   RO          404    i.HAL_PCD_Init      stm32f4xx_hal_pcd.o
    0x08003494   0x08003494   0x00000078   Code   RO         2372    i.HAL_PCD_MspInit   usbd_conf.o
    0x0800350c   0x0800350c   0x0000002c   Code   RO         2373    i.HAL_PCD_ResetCallback  usbd_conf.o
    0x08003538   0x08003538   0x00000008   Code   RO         2374    i.HAL_PCD_ResumeCallback  usbd_conf.o
    0x08003540   0x08003540   0x00000008   Code   RO         2375    i.HAL_PCD_SOFCallback  usbd_conf.o
    0x08003548   0x08003548   0x00000026   Code   RO          410    i.HAL_PCD_SetAddress  stm32f4xx_hal_pcd.o
    0x0800356e   0x0800356e   0x0000000e   Code   RO         2376    i.HAL_PCD_SetupStageCallback  usbd_conf.o
    0x0800357c   0x0800357c   0x00000042   Code   RO          413    i.HAL_PCD_Start     stm32f4xx_hal_pcd.o
    0x080035be   0x080035be   0x00000002   PAD
    0x080035c0   0x080035c0   0x00000030   Code   RO         2377    i.HAL_PCD_SuspendCallback  usbd_conf.o
    0x080035f0   0x080035f0   0x00000134   Code   RO          968    i.HAL_RCC_ClockConfig  stm32f4xx_hal_rcc.o
    0x08003724   0x08003724   0x0000000c   Code   RO          973    i.HAL_RCC_GetHCLKFreq  stm32f4xx_hal_rcc.o
    0x08003730   0x08003730   0x00000060   Code   RO          977    i.HAL_RCC_GetSysClockFreq  stm32f4xx_hal_rcc.o
    0x08003790   0x08003790   0x0000036c   Code   RO          980    i.HAL_RCC_OscConfig  stm32f4xx_hal_rcc.o
    0x08003afc   0x08003afc   0x00000028   Code   RO         1725    i.HAL_SYSTICK_Config  stm32f4xx_hal_cortex.o
    0x08003b24   0x08003b24   0x00000002   Code   RO          278    i.HardFault_Handler  stm32f4xx_it.o
    0x08003b26   0x08003b26   0x00000002   PAD
    0x08003b28   0x08003b28   0x00000038   Code   RO         2222    i.IntToUnicode      usbd_desc.o
    0x08003b60   0x08003b60   0x00000080   Code   RO          252    i.MX_GPIO_Init      gpio.o
    0x08003be0   0x08003be0   0x00000054   Code   RO         2191    i.MX_USB_DEVICE_Init  usb_device.o
    0x08003c34   0x08003c34   0x00000002   Code   RO          279    i.MemManage_Handler  stm32f4xx_it.o
    0x08003c36   0x08003c36   0x00000002   Code   RO          280    i.NMI_Handler       stm32f4xx_it.o
    0x08003c38   0x08003c38   0x0000000c   Code   RO          281    i.OTG_HS_IRQHandler  stm32f4xx_it.o
    0x08003c44   0x08003c44   0x000000cc   Code   RO          417    i.PCD_EP_OutXfrComplete_int  stm32f4xx_hal_pcd.o
    0x08003d10   0x08003d10   0x000000a2   Code   RO          418    i.PCD_WriteEmptyTxFifo  stm32f4xx_hal_pcd.o
    0x08003db2   0x08003db2   0x00000002   Code   RO          282    i.PendSV_Handler    stm32f4xx_it.o
    0x08003db4   0x08003db4   0x00000098   Code   RO           16    i.ProcessReceivedData  main.o
    0x08003e4c   0x08003e4c   0x00000020   Code   RO           17    i.ReadPointsFromFlash  main.o
    0x08003e6c   0x08003e6c   0x00000034   Code   RO           18    i.ReportError       main.o
    0x08003ea0   0x08003ea0   0x00000002   Code   RO          283    i.SVC_Handler       stm32f4xx_it.o
    0x08003ea2   0x08003ea2   0x0000000a   Code   RO         2731    i.SWAPBYTE          usbd_ctlreq.o
    0x08003eac   0x08003eac   0x0000005c   Code   RO           19    i.SendError         main.o
    0x08003f08   0x08003f08   0x00000080   Code   RO           20    i.SendPoints        main.o
    0x08003f88   0x08003f88   0x00000028   Code   RO           21    i.SendResponse      main.o
    0x08003fb0   0x08003fb0   0x00000004   Code   RO          284    i.SysTick_Handler   stm32f4xx_it.o
    0x08003fb4   0x08003fb4   0x00000090   Code   RO           22    i.SystemClock_Config  main.o
    0x08004044   0x08004044   0x00000010   Code   RO         2154    i.SystemInit        system_stm32f4xx.o
    0x08004054   0x08004054   0x00000076   Code   RO         2869    i.USBD_CDC_DataIn   usbd_cdc.o
    0x080040ca   0x080040ca   0x0000003c   Code   RO         2870    i.USBD_CDC_DataOut  usbd_cdc.o
    0x08004106   0x08004106   0x00000002   PAD
    0x08004108   0x08004108   0x00000090   Code   RO         2871    i.USBD_CDC_DeInit   usbd_cdc.o
    0x08004198   0x08004198   0x00000036   Code   RO         2872    i.USBD_CDC_EP0_RxReady  usbd_cdc.o
    0x080041ce   0x080041ce   0x00000002   PAD
    0x080041d0   0x080041d0   0x0000000c   Code   RO         2873    i.USBD_CDC_GetDeviceQualifierDescriptor  usbd_cdc.o
    0x080041dc   0x080041dc   0x0000003c   Code   RO         2874    i.USBD_CDC_GetFSCfgDesc  usbd_cdc.o
    0x08004218   0x08004218   0x00000040   Code   RO         2875    i.USBD_CDC_GetHSCfgDesc  usbd_cdc.o
    0x08004258   0x08004258   0x0000003c   Code   RO         2876    i.USBD_CDC_GetOtherSpeedCfgDesc  usbd_cdc.o
    0x08004294   0x08004294   0x00000118   Code   RO         2877    i.USBD_CDC_Init     usbd_cdc.o
    0x080043ac   0x080043ac   0x00000038   Code   RO         2878    i.USBD_CDC_ReceivePacket  usbd_cdc.o
    0x080043e4   0x080043e4   0x00000016   Code   RO         2879    i.USBD_CDC_RegisterInterface  usbd_cdc.o
    0x080043fa   0x080043fa   0x0000001a   Code   RO         2880    i.USBD_CDC_SetRxBuffer  usbd_cdc.o
    0x08004414   0x08004414   0x0000001e   Code   RO         2881    i.USBD_CDC_SetTxBuffer  usbd_cdc.o
    0x08004432   0x08004432   0x000000d4   Code   RO         2882    i.USBD_CDC_Setup    usbd_cdc.o
    0x08004506   0x08004506   0x00000002   PAD
    0x08004508   0x08004508   0x00000050   Code   RO         2883    i.USBD_CDC_TransmitPacket  usbd_cdc.o
    0x08004558   0x08004558   0x00000014   Code   RO         2572    i.USBD_ClrClassConfig  usbd_core.o
    0x0800456c   0x0800456c   0x00000004   Code   RO         2573    i.USBD_CoreFindEP   usbd_core.o
    0x08004570   0x08004570   0x00000004   Code   RO         2574    i.USBD_CoreFindIF   usbd_core.o
    0x08004574   0x08004574   0x00000010   Code   RO         2809    i.USBD_CtlContinueRx  usbd_ioreq.o
    0x08004584   0x08004584   0x00000010   Code   RO         2810    i.USBD_CtlContinueSendData  usbd_ioreq.o
    0x08004594   0x08004594   0x00000016   Code   RO         2732    i.USBD_CtlError     usbd_ctlreq.o
    0x080045aa   0x080045aa   0x0000001e   Code   RO         2811    i.USBD_CtlPrepareRx  usbd_ioreq.o
    0x080045c8   0x080045c8   0x00000016   Code   RO         2812    i.USBD_CtlReceiveStatus  usbd_ioreq.o
    0x080045de   0x080045de   0x0000001a   Code   RO         2813    i.USBD_CtlSendData  usbd_ioreq.o
    0x080045f8   0x080045f8   0x00000016   Code   RO         2814    i.USBD_CtlSendStatus  usbd_ioreq.o
    0x0800460e   0x0800460e   0x000000e6   Code   RO         2733    i.USBD_GetDescriptor  usbd_ctlreq.o
    0x080046f4   0x080046f4   0x0000003a   Code   RO         2576    i.USBD_GetEpDesc    usbd_core.o
    0x0800472e   0x0800472e   0x00000014   Code   RO         2734    i.USBD_GetLen       usbd_ctlreq.o
    0x08004742   0x08004742   0x0000000e   Code   RO         2577    i.USBD_GetNextDesc  usbd_core.o
    0x08004750   0x08004750   0x0000004e   Code   RO         2735    i.USBD_GetString    usbd_ctlreq.o
    0x0800479e   0x0800479e   0x00000018   Code   RO         2378    i.USBD_Get_USB_Status  usbd_conf.o
    0x080047b6   0x080047b6   0x00000002   PAD
    0x080047b8   0x080047b8   0x00000020   Code   RO         2223    i.USBD_HS_ConfigStrDescriptor  usbd_desc.o
    0x080047d8   0x080047d8   0x0000000c   Code   RO         2224    i.USBD_HS_DeviceDescriptor  usbd_desc.o
    0x080047e4   0x080047e4   0x00000024   Code   RO         2225    i.USBD_HS_InterfaceStrDescriptor  usbd_desc.o
    0x08004808   0x08004808   0x0000000c   Code   RO         2226    i.USBD_HS_LangIDStrDescriptor  usbd_desc.o
    0x08004814   0x08004814   0x00000028   Code   RO         2227    i.USBD_HS_ManufacturerStrDescriptor  usbd_desc.o
    0x0800483c   0x0800483c   0x0000002c   Code   RO         2228    i.USBD_HS_ProductStrDescriptor  usbd_desc.o
    0x08004868   0x08004868   0x00000038   Code   RO         2229    i.USBD_HS_SerialStrDescriptor  usbd_desc.o
    0x080048a0   0x080048a0   0x00000026   Code   RO         2578    i.USBD_Init         usbd_core.o
    0x080048c6   0x080048c6   0x00000012   Code   RO         2379    i.USBD_LL_ClearStallEP  usbd_conf.o
    0x080048d8   0x080048d8   0x00000012   Code   RO         2380    i.USBD_LL_CloseEP   usbd_conf.o
    0x080048ea   0x080048ea   0x000000b6   Code   RO         2579    i.USBD_LL_DataInStage  usbd_core.o
    0x080049a0   0x080049a0   0x0000008e   Code   RO         2580    i.USBD_LL_DataOutStage  usbd_core.o
    0x08004a2e   0x08004a2e   0x00000004   Code   RO         2581    i.USBD_LL_DevConnected  usbd_core.o
    0x08004a32   0x08004a32   0x0000001e   Code   RO         2582    i.USBD_LL_DevDisconnected  usbd_core.o
    0x08004a50   0x08004a50   0x00000008   Code   RO         2384    i.USBD_LL_GetRxDataSize  usbd_conf.o
    0x08004a58   0x08004a58   0x00000068   Code   RO         2385    i.USBD_LL_Init      usbd_conf.o
    0x08004ac0   0x08004ac0   0x0000001e   Code   RO         2386    i.USBD_LL_IsStallEP  usbd_conf.o
    0x08004ade   0x08004ade   0x00000028   Code   RO         2583    i.USBD_LL_IsoINIncomplete  usbd_core.o
    0x08004b06   0x08004b06   0x00000028   Code   RO         2584    i.USBD_LL_IsoOUTIncomplete  usbd_core.o
    0x08004b2e   0x08004b2e   0x00000018   Code   RO         2387    i.USBD_LL_OpenEP    usbd_conf.o
    0x08004b46   0x08004b46   0x00000012   Code   RO         2388    i.USBD_LL_PrepareReceive  usbd_conf.o
    0x08004b58   0x08004b58   0x0000005c   Code   RO         2585    i.USBD_LL_Reset     usbd_core.o
    0x08004bb4   0x08004bb4   0x00000014   Code   RO         2586    i.USBD_LL_Resume    usbd_core.o
    0x08004bc8   0x08004bc8   0x0000001a   Code   RO         2587    i.USBD_LL_SOF       usbd_core.o
    0x08004be2   0x08004be2   0x00000006   Code   RO         2588    i.USBD_LL_SetSpeed  usbd_core.o
    0x08004be8   0x08004be8   0x00000012   Code   RO         2389    i.USBD_LL_SetUSBAddress  usbd_conf.o
    0x08004bfa   0x08004bfa   0x00000060   Code   RO         2589    i.USBD_LL_SetupStage  usbd_core.o
    0x08004c5a   0x08004c5a   0x00000012   Code   RO         2390    i.USBD_LL_StallEP   usbd_conf.o
    0x08004c6c   0x08004c6c   0x00000012   Code   RO         2391    i.USBD_LL_Start     usbd_conf.o
    0x08004c7e   0x08004c7e   0x0000001a   Code   RO         2590    i.USBD_LL_Suspend   usbd_core.o
    0x08004c98   0x08004c98   0x00000012   Code   RO         2393    i.USBD_LL_Transmit  usbd_conf.o
    0x08004caa   0x08004caa   0x0000002c   Code   RO         2736    i.USBD_ParseSetupRequest  usbd_ctlreq.o
    0x08004cd6   0x08004cd6   0x0000003a   Code   RO         2591    i.USBD_RegisterClass  usbd_core.o
    0x08004d10   0x08004d10   0x00000014   Code   RO         2593    i.USBD_SetClassConfig  usbd_core.o
    0x08004d24   0x08004d24   0x000000b8   Code   RO         2737    i.USBD_SetConfig    usbd_ctlreq.o
    0x08004ddc   0x08004ddc   0x00000004   Code   RO         2594    i.USBD_Start        usbd_core.o
    0x08004de0   0x08004de0   0x0000012c   Code   RO         2738    i.USBD_StdDevReq    usbd_ctlreq.o
    0x08004f0c   0x08004f0c   0x00000160   Code   RO         2739    i.USBD_StdEPReq     usbd_ctlreq.o
    0x0800506c   0x0800506c   0x00000072   Code   RO         2740    i.USBD_StdItfReq    usbd_ctlreq.o
    0x080050de   0x080050de   0x00000002   Code   RO         2394    i.USBD_static_free  usbd_conf.o
    0x080050e0   0x080050e0   0x00000008   Code   RO         2395    i.USBD_static_malloc  usbd_conf.o
    0x080050e8   0x080050e8   0x00000080   Code   RO          663    i.USB_ActivateEndpoint  stm32f4xx_ll_usb.o
    0x08005168   0x08005168   0x0000001c   Code   RO          665    i.USB_ActivateSetup  stm32f4xx_ll_usb.o
    0x08005184   0x08005184   0x00000084   Code   RO          667    i.USB_CoreInit      stm32f4xx_ll_usb.o
    0x08005208   0x08005208   0x0000003c   Code   RO          668    i.USB_CoreReset     stm32f4xx_ll_usb.o
    0x08005244   0x08005244   0x000000cc   Code   RO          671    i.USB_DeactivateEndpoint  stm32f4xx_ll_usb.o
    0x08005310   0x08005310   0x0000001c   Code   RO          672    i.USB_DevConnect    stm32f4xx_ll_usb.o
    0x0800532c   0x0800532c   0x0000001c   Code   RO          673    i.USB_DevDisconnect  stm32f4xx_ll_usb.o
    0x08005348   0x08005348   0x0000017c   Code   RO          674    i.USB_DevInit       stm32f4xx_ll_usb.o
    0x080054c4   0x080054c4   0x0000000c   Code   RO          675    i.USB_DisableGlobalInt  stm32f4xx_ll_usb.o
    0x080054d0   0x080054d0   0x00000058   Code   RO          678    i.USB_EP0_OutStart  stm32f4xx_ll_usb.o
    0x08005528   0x08005528   0x00000058   Code   RO          679    i.USB_EPClearStall  stm32f4xx_ll_usb.o
    0x08005580   0x08005580   0x00000058   Code   RO          680    i.USB_EPSetStall    stm32f4xx_ll_usb.o
    0x080055d8   0x080055d8   0x00000238   Code   RO          681    i.USB_EPStartXfer   stm32f4xx_ll_usb.o
    0x08005810   0x08005810   0x0000009e   Code   RO          682    i.USB_EPStopXfer    stm32f4xx_ll_usb.o
    0x080058ae   0x080058ae   0x0000000c   Code   RO          683    i.USB_EnableGlobalInt  stm32f4xx_ll_usb.o
    0x080058ba   0x080058ba   0x00000038   Code   RO          684    i.USB_FlushRxFifo   stm32f4xx_ll_usb.o
    0x080058f2   0x080058f2   0x0000003c   Code   RO          685    i.USB_FlushTxFifo   stm32f4xx_ll_usb.o
    0x0800592e   0x0800592e   0x0000001a   Code   RO          687    i.USB_GetDevSpeed   stm32f4xx_ll_usb.o
    0x08005948   0x08005948   0x00000008   Code   RO          689    i.USB_GetMode       stm32f4xx_ll_usb.o
    0x08005950   0x08005950   0x00000058   Code   RO           23    i.USB_Init          main.o
    0x080059a8   0x080059a8   0x0000000e   Code   RO          697    i.USB_ReadDevAllInEpInterrupt  stm32f4xx_ll_usb.o
    0x080059b6   0x080059b6   0x0000000e   Code   RO          698    i.USB_ReadDevAllOutEpInterrupt  stm32f4xx_ll_usb.o
    0x080059c4   0x080059c4   0x00000024   Code   RO          699    i.USB_ReadDevInEPInterrupt  stm32f4xx_ll_usb.o
    0x080059e8   0x080059e8   0x00000010   Code   RO          700    i.USB_ReadDevOutEPInterrupt  stm32f4xx_ll_usb.o
    0x080059f8   0x080059f8   0x00000008   Code   RO          701    i.USB_ReadInterrupts  stm32f4xx_ll_usb.o
    0x08005a00   0x08005a00   0x0000003e   Code   RO          702    i.USB_ReadPacket    stm32f4xx_ll_usb.o
    0x08005a3e   0x08005a3e   0x0000005c   Code   RO          704    i.USB_SetCurrentMode  stm32f4xx_ll_usb.o
    0x08005a9a   0x08005a9a   0x00000022   Code   RO          705    i.USB_SetDevAddress  stm32f4xx_ll_usb.o
    0x08005abc   0x08005abc   0x000000e8   Code   RO          707    i.USB_SetTurnaroundTime  stm32f4xx_ll_usb.o
    0x08005ba4   0x08005ba4   0x00000028   Code   RO          710    i.USB_WritePacket   stm32f4xx_ll_usb.o
    0x08005bcc   0x08005bcc   0x000000ec   Code   RO           24    i.UpdatePoints      main.o
    0x08005cb8   0x08005cb8   0x00000002   Code   RO          285    i.UsageFault_Handler  stm32f4xx_it.o
    0x08005cba   0x08005cba   0x00000002   PAD
    0x08005cbc   0x08005cbc   0x000000b8   Code   RO           25    i.WritePointsToFlash  main.o
    0x08005d74   0x08005d74   0x00000030   Code   RO         3148    i.__ARM_fpclassify  m_wm.l(fpclassify.o)
    0x08005da4   0x08005da4   0x00000020   Code   RO         1727    i.__NVIC_SetPriority  stm32f4xx_hal_cortex.o
    0x08005dc4   0x08005dc4   0x00000004   PAD
    0x08005dc8   0x08005dc8   0x000000f8   Code   RO         3243    i.__hardfp___mathlib_tofloat  m_wm.l(narrow.o)
    0x08005ec0   0x08005ec0   0x00000038   Code   RO         3032    i.__hardfp_atof     m_wm.l(atof.o)
    0x08005ef8   0x08005ef8   0x000000d0   Code   RO         3310    i.__hardfp_ldexp    m_wm.l(ldexp.o)
    0x08005fc8   0x08005fc8   0x00000020   Code   RO         3366    i.__mathlib_dbl_overflow  m_wm.l(dunder.o)
    0x08005fe8   0x08005fe8   0x00000020   Code   RO         3368    i.__mathlib_dbl_underflow  m_wm.l(dunder.o)
    0x08006008   0x08006008   0x00000012   Code   RO         3244    i.__mathlib_narrow  m_wm.l(narrow.o)
    0x0800601a   0x0800601a   0x00000014   Code   RO         3312    i.__support_ldexp   m_wm.l(ldexp.o)
    0x0800602e   0x0800602e   0x0000000e   Code   RO         2996    i._is_digit         c_w.l(__printf_wp.o)
    0x0800603c   0x0800603c   0x00000004   PAD
    0x08006040   0x08006040   0x0000008c   Code   RO         3278    i.frexp             m_wm.l(frexp.o)
    0x080060cc   0x080060cc   0x00000016   Code   RO           26    i.main              main.o
    0x080060e2   0x080060e2   0x00000002   PAD
    0x080060e4   0x080060e4   0x0000002c   Code   RO         3138    locale$$code        c_w.l(lc_numeric_c.o)
    0x08006110   0x08006110   0x0000002c   Code   RO         3223    locale$$code        c_w.l(lc_ctype_c.o)
    0x0800613c   0x0800613c   0x00000062   Code   RO         3026    x$fpl$d2f           fz_wm.l(d2f.o)
    0x0800619e   0x0800619e   0x00000002   PAD
    0x080061a0   0x080061a0   0x00000010   Code   RO         3383    x$fpl$dcheck1       fz_wm.l(dcheck1.o)
    0x080061b0   0x080061b0   0x00000018   Code   RO         3304    x$fpl$dcmpinf       fz_wm.l(dcmpi.o)
    0x080061c8   0x080061c8   0x00000078   Code   RO         3272    x$fpl$deqf          fz_wm.l(deqf.o)
    0x08006240   0x08006240   0x00000078   Code   RO         3306    x$fpl$dleqf         fz_wm.l(dleqf.o)
    0x080062b8   0x080062b8   0x00000154   Code   RO         3308    x$fpl$dmul          fz_wm.l(dmul.o)
    0x0800640c   0x0800640c   0x0000009c   Code   RO         3066    x$fpl$dnaninf       fz_wm.l(dnaninf.o)
    0x080064a8   0x080064a8   0x0000000c   Code   RO         3068    x$fpl$dretinf       fz_wm.l(dretinf.o)
    0x080064b4   0x080064b4   0x0000006c   Code   RO         3274    x$fpl$drleqf        fz_wm.l(drleqf.o)
    0x08006520   0x08006520   0x00000056   Code   RO         3028    x$fpl$f2d           fz_wm.l(f2d.o)
    0x08006576   0x08006576   0x0000008c   Code   RO         3070    x$fpl$fnaninf       fz_wm.l(fnaninf.o)
    0x08006602   0x08006602   0x0000000a   Code   RO         3235    x$fpl$fpinit        fz_wm.l(fpinit.o)
    0x0800660c   0x0800660c   0x0000000a   Code   RO         3072    x$fpl$fretinf       fz_wm.l(fretinf.o)
    0x08006616   0x08006616   0x00000006   Code   RO         3144    x$fpl$ieeestatus    fz_wm.l(istatus.o)
    0x0800661c   0x0800661c   0x00000004   Code   RO         3030    x$fpl$printf1       fz_wm.l(printf1.o)
    0x08006620   0x08006620   0x00000064   Code   RO         3389    x$fpl$retnan        fz_wm.l(retnan.o)
    0x08006684   0x08006684   0x0000005c   Code   RO         3360    x$fpl$scalbn        fz_wm.l(scalbn.o)
    0x080066e0   0x080066e0   0x00000004   Code   RO         3146    x$fpl$scanf1        fz_wm.l(scanf1.o)
    0x080066e4   0x080066e4   0x00000008   Code   RO         3237    x$fpl$scanf2        fz_wm.l(scanf2.o)
    0x080066ec   0x080066ec   0x00000030   Code   RO         3391    x$fpl$trapveneer    fz_wm.l(trapv.o)
    0x0800671c   0x0800671c   0x00000000   Code   RO         3074    x$fpl$usenofp       fz_wm.l(usenofp.o)
    0x0800671c   0x0800671c   0x00000010   Data   RO         2155    .constdata          system_stm32f4xx.o
    0x0800672c   0x0800672c   0x00000094   Data   RO         3113    .constdata          c_w.l(bigflt0.o)
    0x080067c0   0x080067c0   0x00000020   Data   RO         3393    Region$$Table       anon$$obj.o
    0x080067e0   0x080067e0   0x00000008   Data   RO         3231    c$$dinf             fz_wm.l(fpconst.o)
    0x080067e8   0x080067e8   0x00000008   Data   RO         3234    c$$dmax             fz_wm.l(fpconst.o)
    0x080067f0   0x080067f0   0x0000001c   Data   RO         3137    locale$$data        c_w.l(lc_numeric_c.o)
    0x0800680c   0x0800680c   0x00000110   Data   RO         3222    locale$$data        c_w.l(lc_ctype_c.o)


    Execution Region RW_IRAM1 (Exec base: 0x20000000, Load base: 0x0800691c, Size: 0x00003d90, Max: 0x0001c000, ABSOLUTE)

    Exec Addr    Load Addr    Size         Type   Attr      Idx    E Section Name        Object

    0x20000000   0x0800691c   0x0000000c   Data   RW         1886    .data               stm32f4xx_hal.o
    0x2000000c   0x08006928   0x00000004   Data   RW         2157    .data               system_stm32f4xx.o
    0x20000010   0x0800692c   0x0000001c   Data   RW         2231    .data               usbd_desc.o
    0x2000002c   0x08006948   0x00000032   Data   RW         2232    .data               usbd_desc.o
    0x2000005e   0x0800697a   0x00000002   PAD
    0x20000060   0x0800697c   0x00000014   Data   RW         2315    .data               usbd_cdc_if.o
    0x20000074   0x08006990   0x00000001   Data   RW         2741    .data               usbd_ctlreq.o
    0x20000075   0x08006991   0x00000003   PAD
    0x20000078   0x08006994   0x00000053   Data   RW         2884    .data               usbd_cdc.o
    0x200000cb   0x080069e7   0x00000001   PAD
    0x200000cc   0x080069e8   0x00000038   Data   RW         2885    .data               usbd_cdc.o
    0x20000104   0x08006a20   0x00000004   Data   RW         3012    .data               c_w.l(strtok.o)
    0x20000108        -       0x00000028   Zero   RW           27    .bss                main.o
    0x20000130        -       0x00000020   Zero   RW         1140    .bss                stm32f4xx_hal_flash.o
    0x20000150        -       0x000002dc   Zero   RW         2192    .bss                usb_device.o
    0x2000042c        -       0x00000200   Zero   RW         2230    .bss                usbd_desc.o
    0x2000062c        -       0x00001000   Zero   RW         2314    .bss                usbd_cdc_if.o
    0x2000162c        -       0x00000704   Zero   RW         2396    .bss                usbd_conf.o
    0x20001d30        -       0x00000060   Zero   RW         3151    .bss                c_w.l(libspace.o)
    0x20001d90        -       0x00001000   Zero   RW            2    HEAP                startup_stm32f405xx.o
    0x20002d90        -       0x00001000   Zero   RW            1    STACK               startup_stm32f405xx.o


    Execution Region RW_IRAM2 (Exec base: 0x2001c000, Load base: 0x08006a24, Size: 0x00000000, Max: 0x00004000, ABSOLUTE)

    **** No section assigned to this execution region ****


==============================================================================

Image component sizes


      Code (inc. data)   RO Data    RW Data    ZI Data      Debug   Object Name

       128         10          0          0          0       1015   gpio.o
      1462        428          0          0         40     621430   main.o
        64         26        392          0       8192        872   startup_stm32f405xx.o
       180         28          0         12          0       9645   stm32f4xx_hal.o
       198         14          0          0          0      33991   stm32f4xx_hal_cortex.o
       532         72          0          0         32       7507   stm32f4xx_hal_flash.o
       356         24          0          0          0       4142   stm32f4xx_hal_flash_ex.o
       506         46          0          0          0       2276   stm32f4xx_hal_gpio.o
        48          6          0          0          0        914   stm32f4xx_hal_msp.o
      2576         12          0          0          0      13996   stm32f4xx_hal_pcd.o
        78          0          0          0          0       2521   stm32f4xx_hal_pcd_ex.o
      1292         54          0          0          0       4674   stm32f4xx_hal_rcc.o
        32          6          0          0          0       4926   stm32f4xx_it.o
      2700        116          0          0          0      24136   stm32f4xx_ll_usb.o
        16          4         16          4          0       1211   system_stm32f4xx.o
        84         18          0          0        732        868   usb_device.o
      1278         36          0        139          0      14913   usbd_cdc.o
       152         24          0         20       4096       4284   usbd_cdc_if.o
       638         30          0          0       1796      17624   usbd_conf.o
       924          0          0          0          0      16099   usbd_core.o
      1354         28          0          1          0      15660   usbd_ctlreq.o
       288        104          0         78        512       6473   usbd_desc.o
       132          0          0          0          0       4732   usbd_ioreq.o

    ----------------------------------------------------------------------
     15048       1086        440        260      15400     813909   Object Totals
         0          0         32          0          0          0   (incl. Generated)
        30          0          0          6          0          0   (incl. Padding)

    ----------------------------------------------------------------------

      Code (inc. data)   RO Data    RW Data    ZI Data      Debug   Library Member Name

        56          6          0          0          0         88   __2snprintf.o
         8          0          0          0          0         68   __main.o
       184          0          0          0          0         84   __printf_ss.o
        14          0          0          0          0         68   __printf_wp.o
         0          0          0          0          0          0   __rtentry.o
        12          0          0          0          0          0   __rtentry2.o
         6          0          0          0          0          0   __rtentry4.o
        52          8          0          0          0          0   __scatter.o
        26          0          0          0          0          0   __scatter_copy.o
        28          0          0          0          0          0   __scatter_zi.o
        28          0          0          0          0         68   _chval.o
        44          0          0          0          0        108   _printf_char.o
        48          6          0          0          0         96   _printf_char_common.o
         6          0          0          0          0          0   _printf_d.o
       120         16          0          0          0         92   _printf_dec.o
         6          0          0          0          0          0   _printf_f.o
      1054          0          0          0          0        216   _printf_fp_dec.o
       128         16          0          0          0         84   _printf_fp_infnan.o
       178          0          0          0          0         88   _printf_intcommon.o
         0          0          0          0          0          0   _printf_percent.o
         4          0          0          0          0          0   _printf_percent_end.o
         6          0          0          0          0          0   _printf_s.o
        82          0          0          0          0         80   _printf_str.o
         6          0          0          0          0          0   _printf_u.o
        22          0          0          0          0        100   _rserrno.o
        64          0          0          0          0         84   _sgetc.o
        16          0          0          0          0         68   _snputc.o
        10          0          0          0          0         68   _sputc.o
       228          4        148          0          0         96   bigflt0.o
      2152        136          0          0          0        960   btod.o
        18          0          0          0          0         80   exit.o
         6          0          0          0          0        152   heapauxi.o
         0          0          0          0          0          0   indicate_semi.o
        18          0          0          0          0         76   isspace.o
        44         10        272          0          0         76   lc_ctype_c.o
        44         10         28          0          0         76   lc_numeric_c.o
         2          0          0          0          0          0   libinit.o
        34          0          0          0          0          0   libinit2.o
         2          0          0          0          0          0   libshutdown.o
         2          0          0          0          0          0   libshutdown2.o
         8          4          0          0         96         68   libspace.o
        38          0          0          0          0         68   llshl.o
       138          0          0          0          0         80   lludiv10.o
       238          0          0          0          0        100   lludivv7m.o
        16          4          0          0          0         76   rt_ctype_table.o
         8          4          0          0          0         68   rt_errno_addr_intlibspace.o
         8          4          0          0          0         68   rt_locale_intlibspace.o
        68          0          0          0          0         68   rt_memclr.o
        78          0          0          0          0         80   rt_memclr_w.o
       138          0          0          0          0         68   rt_memcpy_v6.o
       100          0          0          0          0         80   rt_memcpy_w.o
         2          0          0          0          0          0   rtexit.o
        10          0          0          0          0          0   rtexit2.o
      1272         16          0          0          0        168   scanf_fp.o
       800         14          0          0          0        100   scanf_hexfp.o
       308         16          0          0          0        100   scanf_infnan.o
       128          0          0          0          0         68   strcmpv7m.o
        32          0          0          0          0         80   strcspn.o
        86          0          0          0          0         76   strncpy.o
        28          0          0          0          0         80   strspn.o
        36          0          0          0          0         80   strstr.o
       164         14          0          0          0        120   strtod.o
        12          6          0          4          0         68   strtok.o
        68          4          0          0          0         84   strtok_int.o
        12          4          0          0          0         68   sys_exit.o
        74          0          0          0          0         80   sys_stackheap_outer.o
         2          0          0          0          0         68   use_no_semi.o
        98          4          0          0          0        140   d2f.o
        16          4          0          0          0        116   dcheck1.o
        24          0          0          0          0        116   dcmpi.o
       120          4          0          0          0        140   deqf.o
       120          4          0          0          0        140   dleqf.o
       340         12          0          0          0        152   dmul.o
       156          4          0          0          0        140   dnaninf.o
        12          0          0          0          0        116   dretinf.o
       108          0          0          0          0        128   drleqf.o
        86          4          0          0          0        132   f2d.o
       140          4          0          0          0        132   fnaninf.o
         0          0         16          0          0          0   fpconst.o
        10          0          0          0          0        116   fpinit.o
        10          0          0          0          0        116   fretinf.o
         6          0          0          0          0        116   istatus.o
         4          0          0          0          0        116   printf1.o
       100          0          0          0          0        116   retnan.o
        92          0          0          0          0        116   scalbn.o
         4          0          0          0          0        116   scanf1.o
         8          0          0          0          0        132   scanf2.o
        48          0          0          0          0        116   trapv.o
         0          0          0          0          0          0   usenofp.o
        56         12          0          0          0        132   atof.o
        64         16          0          0          0        248   dunder.o
        48          0          0          0          0        124   fpclassify.o
       140         22          0          0          0        132   frexp.o
       228          8          0          0          0        308   ldexp.o
       266         16          0          0          0        308   narrow.o

    ----------------------------------------------------------------------
     10956        416        464          4         96       8804   Library Totals
        22          0          0          0          0          0   (incl. Padding)

    ----------------------------------------------------------------------

      Code (inc. data)   RO Data    RW Data    ZI Data      Debug   Library Name

      8630        302        448          4         96       5040   c_w.l
      1502         40         16          0          0       2512   fz_wm.l
       802         74          0          0          0       1252   m_wm.l

    ----------------------------------------------------------------------
     10956        416        464          4         96       8804   Library Totals

    ----------------------------------------------------------------------

==============================================================================


      Code (inc. data)   RO Data    RW Data    ZI Data      Debug   

     26004       1502        904        264      15496     798353   Grand Totals
     26004       1502        904        264      15496     798353   ELF Image Totals
     26004       1502        904        264          0          0   ROM Totals

==============================================================================

    Total RO  Size (Code + RO Data)                26908 (  26.28kB)
    Total RW  Size (RW Data + ZI Data)             15760 (  15.39kB)
    Total ROM Size (Code + RO Data + RW Data)      27172 (  26.54kB)

==============================================================================

