<html>
<body>
<pre>
<h1>µVision Build Log</h1>
<h2>Tool Versions:</h2>
IDE-Version: ¦ÌVision V5.33.0.0
Copyright (C) 2020 ARM Ltd and ARM Germany GmbH. All rights reserved.
License Information: q q, q, LIC=MPPLD-8DLL9-TGR7T-RVIZX-W7ZGJ-CRR6X
 
Tool Versions:
Toolchain:       MDK-ARM Plus  Version: 5.33.0.0
Toolchain Path:  C:\Keil_v5\ARM\ARMCC\Bin
C Compiler:      Armcc.exe V5.06 update 7 (build 960)
Assembler:       Armasm.exe V5.06 update 7 (build 960)
Linker/Locator:  ArmLink.exe V5.06 update 7 (build 960)
Library Manager: ArmAr.exe V5.06 update 7 (build 960)
Hex Converter:   FromElf.exe V5.06 update 7 (build 960)
CPU DLL:         SARMCM3.DLL V5.33.0.0
Dialog DLL:      DCM.DLL V1.17.3.0
Target DLL:      STLink\ST-LINKIII-KEIL_SWO.dll V3.0.8.0
Dialog DLL:      TCM.DLL V1.48.0.0
 
<h2>Project:</h2>
C:\Users\12022\Desktop\Controller-Adjust\USB_com\MDK-ARM\USB_com.uvprojx
Project File Date:  11/06/2024

<h2>Output:</h2>
*** Using Compiler 'V5.06 update 7 (build 960)', folder: 'C:\Keil_v5\ARM\ARMCC\Bin'
Build target 'USB_com'
assembling startup_stm32f103xb.s...
compiling main.c...
../Core/Src/main.c(101): warning:  #223-D: function "OLED_Init" declared implicitly
    OLED_Init();
../Core/Src/main.c(102): warning:  #223-D: function "OLED_Clear" declared implicitly
    OLED_Clear();
../Core/Src/main.c(113): warning:  #223-D: function "CDC_Transmit_FS" declared implicitly
      CDC_Transmit_FS(txMsg,sizeof(txMsg));
../Core/Src/main.c(115): warning:  #223-D: function "OLED_ShowString" declared implicitly
      OLED_ShowString(0,0,"CAN msg: 1");
../Core/Src/main.c: 4 warnings, 0 errors
compiling usbd_conf.c...
linking...
Program Size: Code=13204 RO-data=1824 RW-data=400 ZI-data=12832  
FromELF: creating hex file...
"USB_com\USB_com.axf" - 0 Error(s), 4 Warning(s).

<h2>Software Packages used:</h2>

Package Vendor: ARM
                http://www.keil.com/pack/ARM.CMSIS.5.7.0.pack
                ARM.CMSIS.5.7.0
                CMSIS (Cortex Microcontroller Software Interface Standard)
   * Component: CORE Version: 5.4.0

Package Vendor: Keil
                https://www.keil.com/pack/Keil.STM32F1xx_DFP.2.4.1.pack
                Keil.STM32F1xx_DFP.2.4.1
                STMicroelectronics STM32F1 Series Device Support, Drivers and Examples

<h2>Collection of Component include folders:</h2>
  .\RTE\_USB_com
  C:\Keil_v5\ARM\PACK\ARM\CMSIS\5.7.0\CMSIS\Core\Include
  C:\Keil_v5\ARM\PACK\Keil\STM32F1xx_DFP\2.4.1\Device\Include

<h2>Collection of Component Files used:</h2>

   * Component: ARM::CMSIS:CORE:5.4.0
      Include file:  CMSIS\Core\Include\tz_context.h
Build Time Elapsed:  00:00:01
</pre>
</body>
</html>
